<html>
<body>
<pre>
<h1>µVision Build Log</h1>
<h2>Tool Versions:</h2>
IDE-Version: ¦ÌVision V5.39.0.0
Copyright (C) 2023 ARM Ltd and ARM Germany GmbH. All rights reserved.
License Information: Melon Cheng, SZTU, LIC=----
 
Tool Versions:
Toolchain:       MDK-Lite  Version: 5.39.0.0
Toolchain Path:  C:\Program Files\Keil_v5\ARM\ARMCLANG\Bin
C Compiler:      ArmClang.exe V6.21
Assembler:       Armasm.exe V6.21
Linker/Locator:  ArmLink.exe V6.21
Library Manager: ArmAr.exe V6.21
Hex Converter:   FromElf.exe V6.21
CPU DLL:         SARMCM3.DLL V5.39.0.0
Dialog DLL:      DARMCM1.DLL V1.19.6.0
Target DLL:      UL2CM3.DLL V1.164.9.0
Dialog DLL:      TARMCM1.DLL V1.14.6.0
 
<h2>Project:</h2>
C:\Users\melon_444\Documents\C_workspace\TItest\DCDC\keil\empty_LP_MSPM0G3507_nortos_keil.uvprojx
Project File Date:  05/23/2026

<h2>Output:</h2>
*** Using Compiler 'V6.21', folder: 'C:\Program Files\Keil_v5\ARM\ARMCLANG\Bin'
Build target 'dcdc'
Before Build - User command #1: cmd.exe /C ""C:\ti\mspm0_sdk_2_02_00_05\tools\keil\syscfg.bat" 'C:\Users\melon_444\Documents\C_workspace\TItest\DCDC\keil\' dcdc.syscfg"
Using Sysconfig Tool from "C:\ti\sysconfig_1.21.1\sysconfig_cli.bat"
"Update the file located at <sdk path>/tools/keil/syscfg.bat to use a different version"
Running script...
Validating...
info: ADC_SENSE(/ti/driverlib/ADC12) totalConversionRate: When Power Down Mode is set to Auto, ADC wakeup time may need to be considered in each sample window. Refer to the device specific data sheet for specifications on the ADC Wakeup Time.
info: PWM_CHG(/ti/driverlib/PWM): Peripheral does not retain register contents in STOP or STANDBY modes. User should take care to save and restore register configuration in application. See Retention Configuration section for more details.
Generating Code (dcdc.syscfg)...
Unchanged C:\Users\melon_444\Documents\C_workspace\TItest\DCDC\ti_msp_dl_config.c...
Unchanged C:\Users\melon_444\Documents\C_workspace\TItest\DCDC\ti_msp_dl_config.h...
Unchanged C:\Users\melon_444\Documents\C_workspace\TItest\DCDC\Event.dot...
compiling pid_delta.c...
compiling main.c...
linking...
Program Size: Code=3332 RO-data=292 RW-data=0 ZI-data=640  
FromELF: creating hex file...
".\Objects\dcdc.axf" - 0 Error(s), 0 Warning(s).

<h2>Software Packages used:</h2>

Package Vendor: TexasInstruments
                https://software-dl.ti.com/msp430/esd/MSPM0-CMSIS/MSPM0G1X0X_G3X0X/latest/exports/TexasInstruments.MSPM0G1X0X_G3X0X_DFP.1.3.1.pack
                TexasInstruments::MSPM0G1X0X_G3X0X_DFP@1.3.1
                Device Family Pack for Texas Instruments MSPM0G1X0X_G3X0X Series

<h2>Collection of Component include folders:</h2>

<h2>Collection of Component Files used:</h2>
Build Time Elapsed:  00:00:01
</pre>
</body>
</html>
