Component: Arm Compiler for Embedded 6.21 Tool: armlink [5ec1fa00]

==============================================================================

Section Cross References

    main.o(.text.getVsense) refers to main.o(.bss.gVsense_adcV) for gVsense_adcV
    main.o(.ARM.exidx.text.getVsense) refers to main.o(.text.getVsense) for [Anonymous Symbol]
    main.o(.text.getIsense) refers to main.o(.bss.gIsense_adcV) for gIsense_adcV
    main.o(.ARM.exidx.text.getIsense) refers to main.o(.text.getIsense) for [Anonymous Symbol]
    main.o(.text.isADCReady) refers to main.o(.bss.gADC_ready) for gADC_ready
    main.o(.ARM.exidx.text.isADCReady) refers to main.o(.text.isADCReady) for [Anonymous Symbol]
    main.o(.text.clearADCReady) refers to main.o(.bss.gADC_ready) for gADC_ready
    main.o(.ARM.exidx.text.clearADCReady) refers to main.o(.text.clearADCReady) for [Anonymous Symbol]
    main.o(.ARM.exidx.text.ADC0_IRQHandler) refers to main.o(.text.ADC0_IRQHandler) for [Anonymous Symbol]
    main.o(.ARM.exidx.text.TIMA0_IRQHandler) refers to main.o(.text.TIMA0_IRQHandler) for [Anonymous Symbol]
    main.o(.text.OLED_DRIVER_INIT) refers to rt_memclr.o(.text) for __aeabi_memclr4
    main.o(.text.OLED_DRIVER_INIT) refers to driver_ssd1306.o(.text.ssd1306_set_interface) for ssd1306_set_interface
    main.o(.text.OLED_DRIVER_INIT) refers to driver_ssd1306.o(.text.ssd1306_set_addr_pin) for ssd1306_set_addr_pin
    main.o(.text.OLED_DRIVER_INIT) refers to driver_ssd1306.o(.text.ssd1306_init) for ssd1306_init
    main.o(.text.OLED_DRIVER_INIT) refers to driver_ssd1306.o(.text.ssd1306_set_charge_pump) for ssd1306_set_charge_pump
    main.o(.text.OLED_DRIVER_INIT) refers to driver_ssd1306.o(.text.ssd1306_set_display) for ssd1306_set_display
    main.o(.text.OLED_DRIVER_INIT) refers to driver_ssd1306.o(.text.ssd1306_clear) for ssd1306_clear
    main.o(.text.OLED_DRIVER_INIT) refers to driver_ssd1306.o(.text.ssd1306_gram_write_string) for ssd1306_gram_write_string
    main.o(.text.OLED_DRIVER_INIT) refers to driver_ssd1306.o(.text.ssd1306_gram_update) for ssd1306_gram_update
    main.o(.text.OLED_DRIVER_INIT) refers to driver_ssd1306.o(.text.ssd1306_gram_fill_rect) for ssd1306_gram_fill_rect
    main.o(.text.OLED_DRIVER_INIT) refers to main.o(.bss.g_oled) for g_oled
    main.o(.text.OLED_DRIVER_INIT) refers to driver_ssd1306_interface_mspm0.o(.text.ssd1306_interface_delay_ms) for ssd1306_interface_delay_ms
    main.o(.text.OLED_DRIVER_INIT) refers to driver_ssd1306_interface_mspm0.o(.text.ssd1306_interface_reset_gpio_write) for ssd1306_interface_reset_gpio_write
    main.o(.text.OLED_DRIVER_INIT) refers to driver_ssd1306_interface_mspm0.o(.text.ssd1306_interface_reset_gpio_deinit) for ssd1306_interface_reset_gpio_deinit
    main.o(.text.OLED_DRIVER_INIT) refers to driver_ssd1306_interface_mspm0.o(.text.ssd1306_interface_reset_gpio_init) for ssd1306_interface_reset_gpio_init
    main.o(.text.OLED_DRIVER_INIT) refers to driver_ssd1306_interface_mspm0.o(.text.ssd1306_interface_iic_write) for ssd1306_interface_iic_write
    main.o(.text.OLED_DRIVER_INIT) refers to driver_ssd1306_interface_mspm0.o(.text.ssd1306_interface_iic_deinit) for ssd1306_interface_iic_deinit
    main.o(.text.OLED_DRIVER_INIT) refers to driver_ssd1306_interface_mspm0.o(.text.ssd1306_interface_iic_init) for ssd1306_interface_iic_init
    main.o(.text.OLED_DRIVER_INIT) refers to driver_ssd1306_interface_mspm0.o(.text.ssd1306_interface_debug_print) for ssd1306_interface_debug_print
    main.o(.ARM.exidx.text.OLED_DRIVER_INIT) refers to main.o(.text.OLED_DRIVER_INIT) for [Anonymous Symbol]
    main.o(.text.main) refers to ti_msp_dl_config.o(.text.SYSCFG_DL_init) for SYSCFG_DL_init
    main.o(.text.main) refers to dl_timer.o(.text.DL_Timer_setCaptureCompareValue) for DL_Timer_setCaptureCompareValue
    main.o(.text.main) refers to fflti.o(.text) for __aeabi_ui2f
    main.o(.text.main) refers to fmul.o(x$fpl$fmul) for __aeabi_fmul
    main.o(.text.main) refers to st7735_min.o(.text.LCD_DrawString) for LCD_DrawString
    main.o(.text.main) refers to st7735_min.o(.text.LCD_Update) for LCD_Update
    main.o(.text.main) refers to pid_delta.o(.text.buck_single_pid_delta_update) for buck_single_pid_delta_update
    main.o(.text.main) refers to ffixui.o(.text) for __aeabi_f2uiz
    main.o(.text.main) refers to main.o(.bss.gVsense_adcV) for gVsense_adcV
    main.o(.text.main) refers to main.o(.bss.gIsense_adcV) for gIsense_adcV
    main.o(.text.main) refers to main.o(.bss.gADC_ready) for gADC_ready
    main.o(.text.main) refers to main.o(.bss.buckpid) for buckpid
    main.o(.ARM.exidx.text.main) refers to main.o(.text.main) for [Anonymous Symbol]
    pid.o(.ARM.exidx.text.pid_init) refers to pid.o(.text.pid_init) for [Anonymous Symbol]
    pid.o(.ARM.exidx.text.buck_pid_init) refers to pid.o(.text.buck_pid_init) for [Anonymous Symbol]
    pid.o(.text.pid_step) refers to faddsub.o(x$fpl$fadd) for __aeabi_fadd
[...]
    Removing driver_ssd1306.o(.text.ssd1306_set_segment_remap), (136 bytes).
    Removing driver_ssd1306.o(.ARM.exidx.text.ssd1306_set_segment_remap), (8 bytes).
    Removing driver_ssd1306.o(.text.ssd1306_set_vertical_scroll_area), (232 bytes).
    Removing driver_ssd1306.o(.ARM.exidx.text.ssd1306_set_vertical_scroll_area), (8 bytes).
    Removing driver_ssd1306.o(.text.ssd1306_set_entire_display), (136 bytes).
    Removing driver_ssd1306.o(.ARM.exidx.text.ssd1306_set_entire_display), (8 bytes).
    Removing driver_ssd1306.o(.text.ssd1306_set_display_mode), (136 bytes).
    Removing driver_ssd1306.o(.ARM.exidx.text.ssd1306_set_display_mode), (8 bytes).
    Removing driver_ssd1306.o(.text.ssd1306_set_multiplex_ratio), (192 bytes).
    Removing driver_ssd1306.o(.ARM.exidx.text.ssd1306_set_multiplex_ratio), (8 bytes).
    Removing driver_ssd1306.o(.text.ssd1306_set_display), (136 bytes).
    Removing driver_ssd1306.o(.ARM.exidx.text.ssd1306_set_display), (8 bytes).
    Removing driver_ssd1306.o(.text.ssd1306_set_page_address), (108 bytes).
    Removing driver_ssd1306.o(.ARM.exidx.text.ssd1306_set_page_address), (8 bytes).
    Removing driver_ssd1306.o(.text.ssd1306_set_scan_direction), (136 bytes).
    Removing driver_ssd1306.o(.ARM.exidx.text.ssd1306_set_scan_direction), (8 bytes).
    Removing driver_ssd1306.o(.text.ssd1306_set_display_offset), (136 bytes).
    Removing driver_ssd1306.o(.ARM.exidx.text.ssd1306_set_display_offset), (8 bytes).
    Removing driver_ssd1306.o(.text.ssd1306_set_display_clock), (204 bytes).
    Removing driver_ssd1306.o(.ARM.exidx.text.ssd1306_set_display_clock), (8 bytes).
    Removing driver_ssd1306.o(.text.ssd1306_set_zoom_in), (90 bytes).
    Removing driver_ssd1306.o(.ARM.exidx.text.ssd1306_set_zoom_in), (8 bytes).
    Removing driver_ssd1306.o(.text.ssd1306_set_precharge_period), (196 bytes).
    Removing driver_ssd1306.o(.ARM.exidx.text.ssd1306_set_precharge_period), (8 bytes).
    Removing driver_ssd1306.o(.text.ssd1306_set_com_pins_hardware_conf), (98 bytes).
    Removing driver_ssd1306.o(.ARM.exidx.text.ssd1306_set_com_pins_hardware_conf), (8 bytes).
    Removing driver_ssd1306.o(.text.ssd1306_set_deselect_level), (92 bytes).
    Removing driver_ssd1306.o(.ARM.exidx.text.ssd1306_set_deselect_level), (8 bytes).
    Removing driver_ssd1306.o(.text.ssd1306_write_cmd), (86 bytes).
    Removing driver_ssd1306.o(.ARM.exidx.text.ssd1306_write_cmd), (8 bytes).
    Removing driver_ssd1306.o(.text.ssd1306_write_data), (86 bytes).
    Removing driver_ssd1306.o(.ARM.exidx.text.ssd1306_write_data), (8 bytes).
    Removing driver_ssd1306.o(.text.ssd1306_info), (200 bytes).
    Removing driver_ssd1306.o(.ARM.exidx.text.ssd1306_info), (8 bytes).
    Removing driver_ssd1306.o(.rodata.str1.1), (933 bytes).
    Removing driver_ssd1306.o(.rodata.gsc_ssd1306_chinese_1608), (96 bytes).
    Removing driver_ssd1306.o(.rodata.gsc_ssd1306_ascii_1206), (1140 bytes).
    Removing driver_ssd1306.o(.rodata.gsc_ssd1306_ascii_1608), (1520 bytes).
    Removing driver_ssd1306.o(.rodata.gsc_ssd1306_ascii_2412), (3420 bytes).
    Removing driver_ssd1306_interface_mspm0.o(.text), (0 bytes).
    Removing driver_ssd1306_interface_mspm0.o(.text.ssd1306_interface_iic_init), (24 bytes).
    Removing driver_ssd1306_interface_mspm0.o(.ARM.exidx.text.ssd1306_interface_iic_init), (8 bytes).
    Removing driver_ssd1306_interface_mspm0.o(.text.ssd1306_interface_iic_deinit), (4 bytes).
    Removing driver_ssd1306_interface_mspm0.o(.ARM.exidx.text.ssd1306_interface_iic_deinit), (8 bytes).
    Removing driver_ssd1306_interface_mspm0.o(.text.ssd1306_interface_iic_write), (352 bytes).
    Removing driver_ssd1306_interface_mspm0.o(.ARM.exidx.text.ssd1306_interface_iic_write), (8 bytes).
    Removing driver_ssd1306_interface_mspm0.o(.text.a_iic_send_byte), (120 bytes).
    Removing driver_ssd1306_interface_mspm0.o(.ARM.exidx.text.a_iic_send_byte), (8 bytes).
    Removing driver_ssd1306_interface_mspm0.o(.text.a_iic_stop), (108 bytes).
    Removing driver_ssd1306_interface_mspm0.o(.ARM.exidx.text.a_iic_stop), (8 bytes).
    Removing driver_ssd1306_interface_mspm0.o(.text.ssd1306_interface_spi_init), (4 bytes).
    Removing driver_ssd1306_interface_mspm0.o(.ARM.exidx.text.ssd1306_interface_spi_init), (8 bytes).
    Removing driver_ssd1306_interface_mspm0.o(.text.ssd1306_interface_spi_deinit), (4 bytes).
    Removing driver_ssd1306_interface_mspm0.o(.ARM.exidx.text.ssd1306_interface_spi_deinit), (8 bytes).
    Removing driver_ssd1306_interface_mspm0.o(.text.ssd1306_interface_spi_write_cmd), (4 bytes).
    Removing driver_ssd1306_interface_mspm0.o(.ARM.exidx.text.ssd1306_interface_spi_write_cmd), (8 bytes).
    Removing driver_ssd1306_interface_mspm0.o(.text.ssd1306_interface_delay_ms), (26 bytes).
    Removing driver_ssd1306_interface_mspm0.o(.ARM.exidx.text.ssd1306_interface_delay_ms), (8 bytes).
    Removing driver_ssd1306_interface_mspm0.o(.text.ssd1306_interface_debug_print), (2 bytes).
    Removing driver_ssd1306_interface_mspm0.o(.ARM.exidx.text.ssd1306_interface_debug_print), (8 bytes).
    Removing driver_ssd1306_interface_mspm0.o(.text.ssd1306_interface_spi_cmd_data_gpio_init), (4 bytes).
    Removing driver_ssd1306_interface_mspm0.o(.ARM.exidx.text.ssd1306_interface_spi_cmd_data_gpio_init), (8 bytes).
    Removing driver_ssd1306_interface_mspm0.o(.text.ssd1306_interface_spi_cmd_data_gpio_deinit), (4 bytes).
    Removing driver_ssd1306_interface_mspm0.o(.ARM.exidx.text.ssd1306_interface_spi_cmd_data_gpio_deinit), (8 bytes).
    Removing driver_ssd1306_interface_mspm0.o(.text.ssd1306_interface_spi_cmd_data_gpio_write), (4 bytes).
    Removing driver_ssd1306_interface_mspm0.o(.ARM.exidx.text.ssd1306_interface_spi_cmd_data_gpio_write), (8 bytes).
    Removing driver_ssd1306_interface_mspm0.o(.text.ssd1306_interface_reset_gpio_init), (4 bytes).
    Removing driver_ssd1306_interface_mspm0.o(.ARM.exidx.text.ssd1306_interface_reset_gpio_init), (8 bytes).
    Removing driver_ssd1306_interface_mspm0.o(.text.ssd1306_interface_reset_gpio_deinit), (4 bytes).
    Removing driver_ssd1306_interface_mspm0.o(.ARM.exidx.text.ssd1306_interface_reset_gpio_deinit), (8 bytes).
    Removing driver_ssd1306_interface_mspm0.o(.text.ssd1306_interface_reset_gpio_write), (28 bytes).
    Removing driver_ssd1306_interface_mspm0.o(.ARM.exidx.text.ssd1306_interface_reset_gpio_write), (8 bytes).
    Removing st7735_min.o(.text), (0 bytes).
    Removing st7735_min.o(.ARM.exidx.text.LCD_Update), (8 bytes).
    Removing st7735_min.o(.text.LCD_FillScreen), (32 bytes).
    Removing st7735_min.o(.ARM.exidx.text.LCD_FillScreen), (8 bytes).
    Removing st7735_min.o(.ARM.exidx.text.LCD_DrawChar), (8 bytes).
    Removing st7735_min.o(.ARM.exidx.text.LCD_DrawString), (8 bytes).
    Removing st7735_min.o(.text.LCD_TestAllOn), (10 bytes).
    Removing st7735_min.o(.ARM.exidx.text.LCD_TestAllOn), (8 bytes).
    Removing st7735_min.o(.ARM.exidx.text.oled_cmd), (8 bytes).
    Removing st7735_min.o(.text.LCD_TestPattern), (268 bytes).
    Removing st7735_min.o(.ARM.exidx.text.LCD_TestPattern), (8 bytes).
    Removing st7735_min.o(.text.LCD_Init), (376 bytes).
    Removing st7735_min.o(.ARM.exidx.text.LCD_Init), (8 bytes).
    Removing st7735_min.o(.ARM.exidx.text.i2c_write_byte), (8 bytes).
    Removing ti_msp_dl_config.o(.text), (0 bytes).
    Removing ti_msp_dl_config.o(.ARM.exidx.text.SYSCFG_DL_init), (8 bytes).
    Removing ti_msp_dl_config.o(.ARM.exidx.text.SYSCFG_DL_initPower), (8 bytes).
    Removing ti_msp_dl_config.o(.ARM.exidx.text.SYSCFG_DL_GPIO_init), (8 bytes).
    Removing ti_msp_dl_config.o(.ARM.exidx.text.SYSCFG_DL_SYSCTL_init), (8 bytes).
    Removing ti_msp_dl_config.o(.ARM.exidx.text.SYSCFG_DL_PWM_CHG_init), (8 bytes).
    Removing ti_msp_dl_config.o(.ARM.exidx.text.SYSCFG_DL_ADC_SENSE_init), (8 bytes).
    Removing ti_msp_dl_config.o(.ARM.exidx.text.SYSCFG_DL_SYSTICK_init), (8 bytes).
    Removing ti_msp_dl_config.o(.text.SYSCFG_DL_saveConfiguration), (20 bytes).
    Removing ti_msp_dl_config.o(.ARM.exidx.text.SYSCFG_DL_saveConfiguration), (8 bytes).
    Removing ti_msp_dl_config.o(.text.SYSCFG_DL_restoreConfiguration), (24 bytes).
    Removing ti_msp_dl_config.o(.ARM.exidx.text.SYSCFG_DL_restoreConfiguration), (8 bytes).
    Removing dl_adc12.o(.text), (0 bytes).
    Removing dl_adc12.o(.ARM.exidx.text.DL_ADC12_setClockConfig), (8 bytes).
    Removing dl_adc12.o(.text.DL_ADC12_getClockConfig), (40 bytes).
    Removing dl_adc12.o(.ARM.exidx.text.DL_ADC12_getClockConfig), (8 bytes).
    Removing dl_common.o(.text), (0 bytes).
    Removing dl_common.o(.ARM.exidx.text.DL_Common_delayCycles), (8 bytes).
    Removing dl_timer.o(.text), (0 bytes).
    Removing dl_timer.o(.ARM.exidx.text.DL_Timer_setClockConfig), (8 bytes).
    Removing dl_timer.o(.text.DL_Timer_getClockConfig), (28 bytes).
    Removing dl_timer.o(.ARM.exidx.text.DL_Timer_getClockConfig), (8 bytes).
    Removing dl_timer.o(.text.DL_Timer_initTimerMode), (240 bytes).
    Removing dl_timer.o(.ARM.exidx.text.DL_Timer_initTimerMode), (8 bytes).
    Removing dl_timer.o(.ARM.exidx.text.DL_Timer_setCaptureCompareValue), (8 bytes).
    Removing dl_timer.o(.text.DL_Timer_setCaptureCompareCtl), (40 bytes).
    Removing dl_timer.o(.ARM.exidx.text.DL_Timer_setCaptureCompareCtl), (8 bytes).
    Removing dl_timer.o(.text.DL_Timer_initCaptureMode), (272 bytes).
    Removing dl_timer.o(.ARM.exidx.text.DL_Timer_initCaptureMode), (8 bytes).
    Removing dl_timer.o(.text.DL_Timer_setCaptureCompareInput), (26 bytes).
    Removing dl_timer.o(.ARM.exidx.text.DL_Timer_setCaptureCompareInput), (8 bytes).
    Removing dl_timer.o(.text.DL_Timer_initCaptureTriggerMode), (124 bytes).
    Removing dl_timer.o(.ARM.exidx.text.DL_Timer_initCaptureTriggerMode), (8 bytes).
    Removing dl_timer.o(.text.DL_Timer_initCaptureCombinedMode), (232 bytes).
    Removing dl_timer.o(.ARM.exidx.text.DL_Timer_initCaptureCombinedMode), (8 bytes).
    Removing dl_timer.o(.text.DL_Timer_initCompareMode), (168 bytes).
    Removing dl_timer.o(.ARM.exidx.text.DL_Timer_initCompareMode), (8 bytes).
    Removing dl_timer.o(.text.DL_Timer_initCompareTriggerMode), (112 bytes).
    Removing dl_timer.o(.ARM.exidx.text.DL_Timer_initCompareTriggerMode), (8 bytes).
    Removing dl_timer.o(.text.DL_Timer_getCaptureCompareValue), (16 bytes).
    Removing dl_timer.o(.ARM.exidx.text.DL_Timer_getCaptureCompareValue), (8 bytes).
    Removing dl_timer.o(.text.DL_Timer_getCaptureCompareCtl), (24 bytes).
    Removing dl_timer.o(.ARM.exidx.text.DL_Timer_getCaptureCompareCtl), (8 bytes).
    Removing dl_timer.o(.text.DL_Timer_setSecondCompSrcDn), (28 bytes).
    Removing dl_timer.o(.ARM.exidx.text.DL_Timer_setSecondCompSrcDn), (8 bytes).
    Removing dl_timer.o(.text.DL_Timer_getSecondCompSrcDn), (20 bytes).
    Removing dl_timer.o(.ARM.exidx.text.DL_Timer_getSecondCompSrcDn), (8 bytes).
    Removing dl_timer.o(.text.DL_Timer_setSecondCompSrcUp), (28 bytes).
    Removing dl_timer.o(.ARM.exidx.text.DL_Timer_setSecondCompSrcUp), (8 bytes).
    Removing dl_timer.o(.text.DL_Timer_getSecondCompSrcUp), (20 bytes).
    Removing dl_timer.o(.ARM.exidx.text.DL_Timer_getSecondCompSrcUp), (8 bytes).
    Removing dl_timer.o(.text.DL_Timer_setSecondCompActionDn), (28 bytes).
    Removing dl_timer.o(.ARM.exidx.text.DL_Timer_setSecondCompActionDn), (8 bytes).
    Removing dl_timer.o(.text.DL_Timer_getSecondCompActionDn), (20 bytes).
    Removing dl_timer.o(.ARM.exidx.text.DL_Timer_getSecondCompActionDn), (8 bytes).
    Removing dl_timer.o(.text.DL_Timer_setSecondCompActionUp), (28 bytes).
    Removing dl_timer.o(.ARM.exidx.text.DL_Timer_setSecondCompActionUp), (8 bytes).
    Removing dl_timer.o(.text.DL_Timer_getSecondCompActionUp), (20 bytes).
    Removing dl_timer.o(.ARM.exidx.text.DL_Timer_getSecondCompActionUp), (8 bytes).
    Removing dl_timer.o(.text.DL_Timer_enableSuppressionOfCompEvent), (24 bytes).
    Removing dl_timer.o(.ARM.exidx.text.DL_Timer_enableSuppressionOfCompEvent), (8 bytes).
    Removing dl_timer.o(.text.DL_Timer_disableSuppressionOfCompEvent), (24 bytes).
    Removing dl_timer.o(.ARM.exidx.text.DL_Timer_disableSuppressionOfCompEvent), (8 bytes).
    Removing dl_timer.o(.ARM.exidx.text.DL_Timer_setCaptCompUpdateMethod), (8 bytes).
    Removing dl_timer.o(.text.DL_Timer_getCaptCompUpdateMethod), (20 bytes).
    Removing dl_timer.o(.ARM.exidx.text.DL_Timer_getCaptCompUpdateMethod), (8 bytes).
    Removing dl_timer.o(.ARM.exidx.text.DL_Timer_setCaptureCompareOutCtl), (8 bytes).
    Removing dl_timer.o(.text.DL_Timer_getCaptureCompareOutCtl), (16 bytes).
    Removing dl_timer.o(.ARM.exidx.text.DL_Timer_getCaptureCompareOutCtl), (8 bytes).
    Removing dl_timer.o(.text.DL_Timer_setCaptureCompareAction), (36 bytes).
    Removing dl_timer.o(.ARM.exidx.text.DL_Timer_setCaptureCompareAction), (8 bytes).
    Removing dl_timer.o(.text.DL_Timer_getCaptureCompareAction), (24 bytes).
    Removing dl_timer.o(.ARM.exidx.text.DL_Timer_getCaptureCompareAction), (8 bytes).
    Removing dl_timer.o(.text.DL_Timer_overrideCCPOut), (32 bytes).
    Removing dl_timer.o(.ARM.exidx.text.DL_Timer_overrideCCPOut), (8 bytes).
    Removing dl_timer.o(.text.DL_Timer_getCaptureCompareInput), (16 bytes).
    Removing dl_timer.o(.ARM.exidx.text.DL_Timer_getCaptureCompareInput), (8 bytes).
    Removing dl_timer.o(.text.DL_Timer_setCaptureCompareInputFilter), (28 bytes).
    Removing dl_timer.o(.ARM.exidx.text.DL_Timer_setCaptureCompareInputFilter), (8 bytes).
    Removing dl_timer.o(.text.DL_Timer_getCaptureCompareInputFilter), (18 bytes).
    Removing dl_timer.o(.ARM.exidx.text.DL_Timer_getCaptureCompareInputFilter), (8 bytes).
    Removing dl_timer.o(.text.DL_Timer_enableCaptureCompareInputFilter), (20 bytes).
    Removing dl_timer.o(.ARM.exidx.text.DL_Timer_enableCaptureCompareInputFilter), (8 bytes).
    Removing dl_timer.o(.text.DL_Timer_disableCaptureCompareInputFilter), (20 bytes).
    Removing dl_timer.o(.ARM.exidx.text.DL_Timer_disableCaptureCompareInputFilter), (8 bytes).
    Removing dl_timer.o(.text.DL_Timer_isCaptureCompareInputFilterEnabled), (20 bytes).
    Removing dl_timer.o(.ARM.exidx.text.DL_Timer_isCaptureCompareInputFilterEnabled), (8 bytes).
    Removing dl_timer.o(.text.DL_Timer_saveConfiguration), (236 bytes).
    Removing dl_timer.o(.ARM.exidx.text.DL_Timer_saveConfiguration), (8 bytes).
    Removing dl_timer.o(.text.DL_Timer_restoreConfiguration), (244 bytes).
    Removing dl_timer.o(.ARM.exidx.text.DL_Timer_restoreConfiguration), (8 bytes).
    Removing dl_timer.o(.ARM.exidx.text.DL_Timer_initFourCCPWMMode), (8 bytes).
    Removing dl_timer.o(.text.DL_Timer_setFaultSourceConfig), (44 bytes).
    Removing dl_timer.o(.ARM.exidx.text.DL_Timer_setFaultSourceConfig), (8 bytes).
    Removing dl_timer.o(.text.DL_Timer_getFaultSourceConfig), (32 bytes).
    Removing dl_timer.o(.ARM.exidx.text.DL_Timer_getFaultSourceConfig), (8 bytes).
    Removing dl_timer.o(.text.DL_TimerA_saveConfiguration), (264 bytes).
    Removing dl_timer.o(.ARM.exidx.text.DL_TimerA_saveConfiguration), (8 bytes).
    Removing dl_timer.o(.text.DL_TimerA_restoreConfiguration), (276 bytes).
    Removing dl_timer.o(.ARM.exidx.text.DL_TimerA_restoreConfiguration), (8 bytes).
    Removing dl_timer.o(.text.DL_Timer_configQEIHallInputMode), (36 bytes).
    Removing dl_timer.o(.ARM.exidx.text.DL_Timer_configQEIHallInputMode), (8 bytes).
    Removing dl_timer.o(.rodata..Lswitch.table.DL_Timer_initCompareMode), (12 bytes).

297 unused section(s) (total 22705 bytes) removed from the image.

==============================================================================

Image Symbol Table

    Local Symbols

    Symbol Name                              Value     Ov Type        Size  Object(Section)

    ../clib/angel/boardlib.s                 0x00000000   Number         0  boardinit1.o ABSOLUTE
    ../clib/angel/boardlib.s                 0x00000000   Number         0  boardinit2.o ABSOLUTE
    ../clib/angel/boardlib.s                 0x00000000   Number         0  boardinit3.o ABSOLUTE
    ../clib/angel/boardlib.s                 0x00000000   Number         0  boardshut.o ABSOLUTE
    ../clib/angel/handlers.s                 0x00000000   Number         0  __scatter_zi.o ABSOLUTE
    ../clib/angel/kernel.s                   0x00000000   Number         0  __rtentry.o ABSOLUTE
    ../clib/angel/kernel.s                   0x00000000   Number         0  __rtentry2.o ABSOLUTE
    ../clib/angel/kernel.s                   0x00000000   Number         0  __rtentry4.o ABSOLUTE
    ../clib/angel/kernel.s                   0x00000000   Number         0  rtexit.o ABSOLUTE
    ../clib/angel/kernel.s                   0x00000000   Number         0  rtexit2.o ABSOLUTE
    ../clib/angel/rt.s                       0x00000000   Number         0  rt_raise.o ABSOLUTE
    ../clib/angel/scatterp.s                 0x00000000   Number         0  __scatter.o ABSOLUTE
    ../clib/angel/startup.s                  0x00000000   Number         0  __main.o ABSOLUTE
    ../clib/angel/sys.s                      0x00000000   Number         0  sys_stackheap_outer.o ABSOLUTE
    ../clib/angel/sys.s                      0x00000000   Number         0  libspace.o ABSOLUTE
    ../clib/angel/sys.s                      0x00000000   Number         0  tempstk.o ABSOLUTE
    ../clib/angel/sys.s                      0x00000000   Number         0  use_no_semi.o ABSOLUTE
    ../clib/angel/sys.s                      0x00000000   Number         0  indicate_semi.o ABSOLUTE
    ../clib/angel/sysapp.c                   0x00000000   Number         0  sys_exit.o ABSOLUTE
    ../clib/angel/sysapp.c                   0x00000000   Number         0  sys_exit_hlt.o ABSOLUTE
    ../clib/angel/sysapp.c                   0x00000000   Number         0  sys_command.o ABSOLUTE
    ../clib/angel/sysapp.c                   0x00000000   Number         0  sys_command_hlt.o ABSOLUTE
    ../clib/angel/sysapp.c                   0x00000000   Number         0  sys_wrch.o ABSOLUTE
    ../clib/angel/sysapp.c                   0x00000000   Number         0  sys_wrch_hlt.o ABSOLUTE
    ../clib/armsys.c                         0x00000000   Number         0  argv_veneer.o ABSOLUTE
    ../clib/armsys.c                         0x00000000   Number         0  _get_argv_nomalloc.o ABSOLUTE
    ../clib/armsys.c                         0x00000000   Number         0  no_argv.o ABSOLUTE
    ../clib/heapalloc.c                      0x00000000   Number         0  hrguard.o ABSOLUTE
    ../clib/heapaux.c                        0x00000000   Number         0  heapauxi.o ABSOLUTE
    ../clib/libinit.s                        0x00000000   Number         0  libinit.o ABSOLUTE
    ../clib/libinit.s                        0x00000000   Number         0  libinit2.o ABSOLUTE
    ../clib/libinit.s                        0x00000000   Number         0  libshutdown.o ABSOLUTE
    ../clib/libinit.s                        0x00000000   Number         0  libshutdown2.o ABSOLUTE
    ../clib/memcpset.c                       0x00000000   Number         0  rt_memcpy.o ABSOLUTE
    ../clib/memcpset.c                       0x00000000   Number         0  rt_memcpy.o ABSOLUTE
    ../clib/memcpset.c                       0x00000000   Number         0  aeabi_memset4.o ABSOLUTE
    ../clib/memcpset.c                       0x00000000   Number         0  rt_memclr.o ABSOLUTE
    ../clib/signal.c                         0x00000000   Number         0  defsig_rtmem_outer.o ABSOLUTE
    ../clib/signal.c                         0x00000000   Number         0  defsig_rtmem_formal.o ABSOLUTE
    ../clib/signal.c                         0x00000000   Number         0  defsig_exit.o ABSOLUTE
    ../clib/signal.c                         0x00000000   Number         0  defsig_rtmem_inner.o ABSOLUTE
    ../clib/signal.c                         0x00000000   Number         0  __raise.o ABSOLUTE
    ../clib/signal.c                         0x00000000   Number         0  defsig_general.o ABSOLUTE
    ../clib/signal.c                         0x00000000   Number         0  defsig_abrt_inner.o ABSOLUTE
    ../clib/signal.c                         0x00000000   Number         0  defsig_fpe_inner.o ABSOLUTE
    ../clib/signal.c                         0x00000000   Number         0  defsig_rtred_inner.o ABSOLUTE
    ../clib/signal.c                         0x00000000   Number         0  defsig_stak_inner.o ABSOLUTE
    ../clib/signal.c                         0x00000000   Number         0  defsig_pvfn_inner.o ABSOLUTE
    ../clib/signal.c                         0x00000000   Number         0  defsig_cppl_inner.o ABSOLUTE
    ../clib/signal.c                         0x00000000   Number         0  defsig_segv_inner.o ABSOLUTE
    ../clib/signal.c                         0x00000000   Number         0  defsig_other.o ABSOLUTE
    ../clib/signal.s                         0x00000000   Number         0  defsig.o ABSOLUTE
    ../clib/stdlib.c                         0x00000000   Number         0  exit.o ABSOLUTE
    ../fplib/cfplib/cmp.c                    0x00000000   Number         0  fcmp.o ABSOLUTE
    ../fplib/cfplib/cmpret.c                 0x00000000   Number         0  cmpret.o ABSOLUTE
    ../fplib/cfplib/fcmpin.c                 0x00000000   Number         0  fcmpin.o ABSOLUTE
    ../fplib/cfplib/fdiv.c                   0x00000000   Number         0  fdiv.o ABSOLUTE
    ../fplib/cfplib/ffix.c                   0x00000000   Number         0  ffixui.o ABSOLUTE
    ../fplib/cfplib/fflt.c                   0x00000000   Number         0  fflti.o ABSOLUTE
    ../fplib/cfplib/fpinit.c                 0x00000000   Number         0  fpinit.o ABSOLUTE
    ../fplib/cfplib/nan2.c                   0x00000000   Number         0  fnan2.o ABSOLUTE
    ../fplib/cfplib/retnan.c                 0x00000000   Number         0  retnan.o ABSOLUTE
    ../fplib/faddsub6m.s                     0x00000000   Number         0  faddsub.o ABSOLUTE
    ../fplib/feqf6m.s                        0x00000000   Number         0  feqf.o ABSOLUTE
    ../fplib/fgeqf6m.s                       0x00000000   Number         0  fgef.o ABSOLUTE
    ../fplib/fleqf6m.s                       0x00000000   Number         0  flef.o ABSOLUTE
    ../fplib/fmul6m.s                        0x00000000   Number         0  fmul.o ABSOLUTE
    ../fplib/usenofp.s                       0x00000000   Number         0  usenofp.o ABSOLUTE
    dc.s                                     0x00000000   Number         0  dc.o ABSOLUTE
    dl_adc12.c                               0x00000000   Number         0  dl_adc12.o ABSOLUTE
    dl_common.c                              0x00000000   Number         0  dl_common.o ABSOLUTE
    dl_timer.c                               0x00000000   Number         0  dl_timer.o ABSOLUTE
    driver_ssd1306.c                         0x00000000   Number         0  driver_ssd1306.o ABSOLUTE
    driver_ssd1306_interface_mspm0.c         0x00000000   Number         0  driver_ssd1306_interface_mspm0.o ABSOLUTE
    main.c                                   0x00000000   Number         0  main.o ABSOLUTE
    pid.c                                    0x00000000   Number         0  pid.o ABSOLUTE
    pid_delta.c                              0x00000000   Number         0  pid_delta.o ABSOLUTE
    st7735_min.c                             0x00000000   Number         0  st7735_min.o ABSOLUTE
    startup_mspm0g350x_uvision.s             0x00000000   Number         0  startup_mspm0g350x_uvision.o ABSOLUTE
    ti_msp_dl_config.c                       0x00000000   Number         0  ti_msp_dl_config.o ABSOLUTE
    RESET                                    0x00000000   Section      192  startup_mspm0g350x_uvision.o(RESET)
    !!!main                                  0x000000c0   Section        8  __main.o(!!!main)
    !!!scatter                               0x000000c8   Section       84  __scatter.o(!!!scatter)
    !!handler_null                           0x00000120   Section        2  __scatter.o(!!handler_null)
    !!handler_zi                             0x00000128   Section       28  __scatter_zi.o(!!handler_zi)
    .ARM.Collect$$libinit$$00000000          0x00000144   Section        2  libinit.o(.ARM.Collect$$libinit$$00000000)
    .ARM.Collect$$libinit$$00000002          0x00000146   Section        0  libinit2.o(.ARM.Collect$$libinit$$00000002)
    .ARM.Collect$$libinit$$00000004          0x00000146   Section        0  libinit2.o(.ARM.Collect$$libinit$$00000004)
    .ARM.Collect$$libinit$$00000006          0x00000146   Section        0  libinit2.o(.ARM.Collect$$libinit$$00000006)
    .ARM.Collect$$libinit$$0000000C          0x00000146   Section        0  libinit2.o(.ARM.Collect$$libinit$$0000000C)
    .ARM.Collect$$libinit$$0000000E          0x00000146   Section        0  libinit2.o(.ARM.Collect$$libinit$$0000000E)
    .ARM.Collect$$libinit$$00000010          0x00000146   Section        0  libinit2.o(.ARM.Collect$$libinit$$00000010)
    .ARM.Collect$$libinit$$00000013          0x00000146   Section        0  libinit2.o(.ARM.Collect$$libinit$$00000013)
    .ARM.Collect$$libinit$$00000015          0x00000146   Section        0  libinit2.o(.ARM.Collect$$libinit$$00000015)
    .ARM.Collect$$libinit$$00000017          0x00000146   Section        0  libinit2.o(.ARM.Collect$$libinit$$00000017)
    .ARM.Collect$$libinit$$00000019          0x00000146   Section        0  libinit2.o(.ARM.Collect$$libinit$$00000019)
    .ARM.Collect$$libinit$$0000001B          0x00000146   Section        0  libinit2.o(.ARM.Collect$$libinit$$0000001B)
    .ARM.Collect$$libinit$$0000001D          0x00000146   Section        0  libinit2.o(.ARM.Collect$$libinit$$0000001D)
    .ARM.Collect$$libinit$$0000001F          0x00000146   Section        0  libinit2.o(.ARM.Collect$$libinit$$0000001F)
    .ARM.Collect$$libinit$$00000021          0x00000146   Section        0  libinit2.o(.ARM.Collect$$libinit$$00000021)
    .ARM.Collect$$libinit$$00000023          0x00000146   Section        0  libinit2.o(.ARM.Collect$$libinit$$00000023)
    .ARM.Collect$$libinit$$00000025          0x00000146   Section        0  libinit2.o(.ARM.Collect$$libinit$$00000025)
    .ARM.Collect$$libinit$$00000027          0x00000146   Section        0  libinit2.o(.ARM.Collect$$libinit$$00000027)
    .ARM.Collect$$libinit$$0000002E          0x00000146   Section        0  libinit2.o(.ARM.Collect$$libinit$$0000002E)
    .ARM.Collect$$libinit$$00000030          0x00000146   Section        0  libinit2.o(.ARM.Collect$$libinit$$00000030)
    .ARM.Collect$$libinit$$00000032          0x00000146   Section        0  libinit2.o(.ARM.Collect$$libinit$$00000032)
    .ARM.Collect$$libinit$$00000034          0x00000146   Section        0  libinit2.o(.ARM.Collect$$libinit$$00000034)
    .ARM.Collect$$libinit$$00000035          0x00000146   Section        2  libinit2.o(.ARM.Collect$$libinit$$00000035)
    .ARM.Collect$$libshutdown$$00000000      0x00000148   Section        2  libshutdown.o(.ARM.Collect$$libshutdown$$00000000)
    .ARM.Collect$$libshutdown$$00000002      0x0000014a   Section        0  libshutdown2.o(.ARM.Collect$$libshutdown$$00000002)
    .ARM.Collect$$libshutdown$$00000004      0x0000014a   Section        0  libshutdown2.o(.ARM.Collect$$libshutdown$$00000004)
    .ARM.Collect$$libshutdown$$00000007      0x0000014a   Section        0  libshutdown2.o(.ARM.Collect$$libshutdown$$00000007)
    .ARM.Collect$$libshutdown$$0000000A      0x0000014a   Section        0  libshutdown2.o(.ARM.Collect$$libshutdown$$0000000A)
    .ARM.Collect$$libshutdown$$0000000C      0x0000014a   Section        0  libshutdown2.o(.ARM.Collect$$libshutdown$$0000000C)
    .ARM.Collect$$libshutdown$$0000000F      0x0000014a   Section        0  libshutdown2.o(.ARM.Collect$$libshutdown$$0000000F)
    .ARM.Collect$$libshutdown$$00000010      0x0000014a   Section        2  libshutdown2.o(.ARM.Collect$$libshutdown$$00000010)
    .ARM.Collect$$rtentry$$00000000          0x0000014c   Section        0  __rtentry.o(.ARM.Collect$$rtentry$$00000000)
    .ARM.Collect$$rtentry$$00000002          0x0000014c   Section        0  __rtentry2.o(.ARM.Collect$$rtentry$$00000002)
    .ARM.Collect$$rtentry$$00000004          0x0000014c   Section        6  __rtentry4.o(.ARM.Collect$$rtentry$$00000004)
    .ARM.Collect$$rtentry$$00000009          0x00000152   Section        0  __rtentry2.o(.ARM.Collect$$rtentry$$00000009)
    .ARM.Collect$$rtentry$$0000000A          0x00000152   Section        4  __rtentry2.o(.ARM.Collect$$rtentry$$0000000A)
    .ARM.Collect$$rtentry$$0000000C          0x00000156   Section        0  __rtentry2.o(.ARM.Collect$$rtentry$$0000000C)
    .ARM.Collect$$rtentry$$0000000D          0x00000156   Section        8  __rtentry2.o(.ARM.Collect$$rtentry$$0000000D)
    .ARM.Collect$$rtexit$$00000000           0x0000015e   Section        2  rtexit.o(.ARM.Collect$$rtexit$$00000000)
    .ARM.Collect$$rtexit$$00000002           0x00000160   Section        0  rtexit2.o(.ARM.Collect$$rtexit$$00000002)
    .ARM.Collect$$rtexit$$00000003           0x00000160   Section        4  rtexit2.o(.ARM.Collect$$rtexit$$00000003)
    .ARM.Collect$$rtexit$$00000004           0x00000164   Section        6  rtexit2.o(.ARM.Collect$$rtexit$$00000004)
    .text                                    0x0000016c   Section       44  startup_mspm0g350x_uvision.o(.text)
    .text                                    0x00000198   Section        0  heapauxi.o(.text)
    .text                                    0x000001a0   Section        0  fdiv.o(.text)
    .text                                    0x00000300   Section        0  ffixui.o(.text)
    .text                                    0x00000330   Section        0  fflti.o(.text)
    .text                                    0x00000390   Section        0  fcmpin.o(.text)
    .text                                    0x000003f4   Section       62  sys_stackheap_outer.o(.text)
    .text                                    0x00000432   Section        0  exit.o(.text)
    .text                                    0x00000442   Section        0  cmpret.o(.text)
    .text                                    0x00000470   Section        0  fnan2.o(.text)
    .text                                    0x00000480   Section        8  libspace.o(.text)
    .text                                    0x00000488   Section        0  retnan.o(.text)
    .text                                    0x000004e8   Section        0  sys_exit.o(.text)
    .text                                    0x000004f4   Section        2  use_no_semi.o(.text)
    .text                                    0x000004f6   Section        0  indicate_semi.o(.text)
    [Anonymous Symbol]                       0x000004f8   Section        0  main.o(.text.ADC0_IRQHandler)
    __arm_cp.4_0                             0x00000500   Number         4  main.o(.text.ADC0_IRQHandler)
    [Anonymous Symbol]                       0x00000504   Section        0  dl_adc12.o(.text.DL_ADC12_setClockConfig)
    __arm_cp.0_0                             0x0000053c   Number         4  dl_adc12.o(.text.DL_ADC12_setClockConfig)
    __arm_cp.0_1                             0x00000540   Number         4  dl_adc12.o(.text.DL_ADC12_setClockConfig)
    [Anonymous Symbol]                       0x00000544   Section        0  dl_common.o(.text.DL_Common_delayCycles)
    [Anonymous Symbol]                       0x00000550   Section        0  dl_timer.o(.text.DL_Timer_initFourCCPWMMode)
    __arm_cp.38_0                            0x00000644   Number         4  dl_timer.o(.text.DL_Timer_initFourCCPWMMode)
    __arm_cp.38_1                            0x00000648   Number         4  dl_timer.o(.text.DL_Timer_initFourCCPWMMode)
    __arm_cp.38_2                            0x0000064c   Number         4  dl_timer.o(.text.DL_Timer_initFourCCPWMMode)
    __arm_cp.38_3                            0x00000650   Number         4  dl_timer.o(.text.DL_Timer_initFourCCPWMMode)
    __arm_cp.38_4                            0x00000654   Number         4  dl_timer.o(.text.DL_Timer_initFourCCPWMMode)
    __arm_cp.38_5                            0x00000658   Number         4  dl_timer.o(.text.DL_Timer_initFourCCPWMMode)
    __arm_cp.38_6                            0x0000065c   Number         4  dl_timer.o(.text.DL_Timer_initFourCCPWMMode)
    [Anonymous Symbol]                       0x00000660   Section        0  dl_timer.o(.text.DL_Timer_setCaptCompUpdateMethod)
    __arm_cp.23_0                            0x00000678   Number         4  dl_timer.o(.text.DL_Timer_setCaptCompUpdateMethod)
    [Anonymous Symbol]                       0x0000067c   Section        0  dl_timer.o(.text.DL_Timer_setCaptureCompareOutCtl)
    __arm_cp.25_0                            0x00000690   Number         4  dl_timer.o(.text.DL_Timer_setCaptureCompareOutCtl)
    [Anonymous Symbol]                       0x00000694   Section        0  dl_timer.o(.text.DL_Timer_setCaptureCompareValue)
    __arm_cp.3_0                             0x000006a0   Number         4  dl_timer.o(.text.DL_Timer_setCaptureCompareValue)
    [Anonymous Symbol]                       0x000006a4   Section        0  dl_timer.o(.text.DL_Timer_setClockConfig)
    __arm_cp.0_0                             0x000006bc   Number         4  dl_timer.o(.text.DL_Timer_setClockConfig)
    [Anonymous Symbol]                       0x000006c0   Section        0  st7735_min.o(.text.LCD_DrawChar)
    __arm_cp.2_0                             0x00000840   Number         4  st7735_min.o(.text.LCD_DrawChar)
    __arm_cp.2_1                             0x00000844   Number         4  st7735_min.o(.text.LCD_DrawChar)
    __arm_cp.2_2                             0x00000848   Number         4  st7735_min.o(.text.LCD_DrawChar)
    [Anonymous Symbol]                       0x0000084c   Section        0  st7735_min.o(.text.LCD_DrawString)
    [Anonymous Symbol]                       0x0000088c   Section        0  st7735_min.o(.text.LCD_Update)
    __arm_cp.0_0                             0x00000938   Number         4  st7735_min.o(.text.LCD_Update)
    __arm_cp.0_2                             0x0000093c   Number         4  st7735_min.o(.text.LCD_Update)
    [Anonymous Symbol]                       0x00000940   Section        0  ti_msp_dl_config.o(.text.SYSCFG_DL_ADC_SENSE_init)
    __arm_cp.5_0                             0x00000988   Number         4  ti_msp_dl_config.o(.text.SYSCFG_DL_ADC_SENSE_init)
    __arm_cp.5_1                             0x0000098c   Number         4  ti_msp_dl_config.o(.text.SYSCFG_DL_ADC_SENSE_init)
    __arm_cp.5_2                             0x00000990   Number         4  ti_msp_dl_config.o(.text.SYSCFG_DL_ADC_SENSE_init)
    __arm_cp.5_3                             0x00000994   Number         4  ti_msp_dl_config.o(.text.SYSCFG_DL_ADC_SENSE_init)
    __arm_cp.5_4                             0x00000998   Number         4  ti_msp_dl_config.o(.text.SYSCFG_DL_ADC_SENSE_init)
    __arm_cp.5_5                             0x0000099c   Number         4  ti_msp_dl_config.o(.text.SYSCFG_DL_ADC_SENSE_init)
    [Anonymous Symbol]                       0x000009a0   Section        0  ti_msp_dl_config.o(.text.SYSCFG_DL_GPIO_init)
    __arm_cp.2_0                             0x00000a00   Number         4  ti_msp_dl_config.o(.text.SYSCFG_DL_GPIO_init)
    __arm_cp.2_1                             0x00000a04   Number         4  ti_msp_dl_config.o(.text.SYSCFG_DL_GPIO_init)
    __arm_cp.2_2                             0x00000a08   Number         4  ti_msp_dl_config.o(.text.SYSCFG_DL_GPIO_init)
    __arm_cp.2_3                             0x00000a0c   Number         4  ti_msp_dl_config.o(.text.SYSCFG_DL_GPIO_init)
    __arm_cp.2_4                             0x00000a10   Number         4  ti_msp_dl_config.o(.text.SYSCFG_DL_GPIO_init)
    __arm_cp.2_5                             0x00000a14   Number         4  ti_msp_dl_config.o(.text.SYSCFG_DL_GPIO_init)
    __arm_cp.2_6                             0x00000a18   Number         4  ti_msp_dl_config.o(.text.SYSCFG_DL_GPIO_init)
    [Anonymous Symbol]                       0x00000a1c   Section        0  ti_msp_dl_config.o(.text.SYSCFG_DL_PWM_CHG_init)
    __arm_cp.4_0                             0x00000a74   Number         4  ti_msp_dl_config.o(.text.SYSCFG_DL_PWM_CHG_init)
    __arm_cp.4_1                             0x00000a78   Number         4  ti_msp_dl_config.o(.text.SYSCFG_DL_PWM_CHG_init)
    __arm_cp.4_2                             0x00000a7c   Number         4  ti_msp_dl_config.o(.text.SYSCFG_DL_PWM_CHG_init)
    __arm_cp.4_3                             0x00000a80   Number         4  ti_msp_dl_config.o(.text.SYSCFG_DL_PWM_CHG_init)
    __arm_cp.4_4                             0x00000a84   Number         4  ti_msp_dl_config.o(.text.SYSCFG_DL_PWM_CHG_init)
    __arm_cp.4_5                             0x00000a88   Number         4  ti_msp_dl_config.o(.text.SYSCFG_DL_PWM_CHG_init)
    __arm_cp.4_6                             0x00000a8c   Number         4  ti_msp_dl_config.o(.text.SYSCFG_DL_PWM_CHG_init)
    [Anonymous Symbol]                       0x00000a90   Section        0  ti_msp_dl_config.o(.text.SYSCFG_DL_SYSCTL_init)
    __arm_cp.3_0                             0x00000ac8   Number         4  ti_msp_dl_config.o(.text.SYSCFG_DL_SYSCTL_init)
    __arm_cp.3_1                             0x00000acc   Number         4  ti_msp_dl_config.o(.text.SYSCFG_DL_SYSCTL_init)
    [Anonymous Symbol]                       0x00000ad0   Section        0  ti_msp_dl_config.o(.text.SYSCFG_DL_SYSTICK_init)
    [Anonymous Symbol]                       0x00000ad4   Section        0  ti_msp_dl_config.o(.text.SYSCFG_DL_init)
    __arm_cp.0_0                             0x00000af8   Number         4  ti_msp_dl_config.o(.text.SYSCFG_DL_init)
    [Anonymous Symbol]                       0x00000afc   Section        0  ti_msp_dl_config.o(.text.SYSCFG_DL_initPower)
    __arm_cp.1_0                             0x00000b24   Number         4  ti_msp_dl_config.o(.text.SYSCFG_DL_initPower)
    __arm_cp.1_1                             0x00000b28   Number         4  ti_msp_dl_config.o(.text.SYSCFG_DL_initPower)
    __arm_cp.1_2                             0x00000b2c   Number         4  ti_msp_dl_config.o(.text.SYSCFG_DL_initPower)
    __arm_cp.1_3                             0x00000b30   Number         4  ti_msp_dl_config.o(.text.SYSCFG_DL_initPower)
    __arm_cp.1_4                             0x00000b34   Number         4  ti_msp_dl_config.o(.text.SYSCFG_DL_initPower)
    __arm_cp.1_5                             0x00000b38   Number         4  ti_msp_dl_config.o(.text.SYSCFG_DL_initPower)
    [Anonymous Symbol]                       0x00000b3c   Section        0  main.o(.text.TIMA0_IRQHandler)
    __arm_cp.5_0                             0x00000b54   Number         4  main.o(.text.TIMA0_IRQHandler)
    [Anonymous Symbol]                       0x00000b58   Section        0  pid_delta.o(.text.buck_single_pid_delta_update)
    __arm_cp.6_0                             0x00000bbc   Number         4  pid_delta.o(.text.buck_single_pid_delta_update)
    __arm_cp.6_1                             0x00000bc0   Number         4  pid_delta.o(.text.buck_single_pid_delta_update)
    __arm_cp.6_2                             0x00000bc4   Number         4  pid_delta.o(.text.buck_single_pid_delta_update)
    __arm_cp.6_3                             0x00000bc8   Number         4  pid_delta.o(.text.buck_single_pid_delta_update)
    i2c_write_byte                           0x00000bcd   Thumb Code   424  st7735_min.o(.text.i2c_write_byte)
    [Anonymous Symbol]                       0x00000bcc   Section        0  st7735_min.o(.text.i2c_write_byte)
    __arm_cp.8_0                             0x00000d74   Number         4  st7735_min.o(.text.i2c_write_byte)
    __arm_cp.8_1                             0x00000d78   Number         4  st7735_min.o(.text.i2c_write_byte)
    [Anonymous Symbol]                       0x00000d7c   Section        0  main.o(.text.main)
    __arm_cp.7_0                             0x00000e60   Number         4  main.o(.text.main)
    __arm_cp.7_1                             0x00000e64   Number         4  main.o(.text.main)
    __arm_cp.7_2                             0x00000e68   Number         4  main.o(.text.main)
    __arm_cp.7_3                             0x00000e6c   Number         4  main.o(.text.main)
    __arm_cp.7_4                             0x00000e70   Number         4  main.o(.text.main)
    __arm_cp.7_5                             0x00000e74   Number         4  main.o(.text.main)
    __arm_cp.7_6                             0x00000e78   Number         4  main.o(.text.main)
    __arm_cp.7_7                             0x00000e7c   Number         4  main.o(.text.main)
    __arm_cp.7_8                             0x00000e80   Number         4  main.o(.text.main)
    __arm_cp.7_14                            0x00000eb0   Number         4  main.o(.text.main)
    __arm_cp.7_15                            0x00000eb4   Number         4  main.o(.text.main)
    oled_cmd                                 0x00000eb9   Thumb Code   112  st7735_min.o(.text.oled_cmd)
    [Anonymous Symbol]                       0x00000eb8   Section        0  st7735_min.o(.text.oled_cmd)
    __arm_cp.5_0                             0x00000f28   Number         4  st7735_min.o(.text.oled_cmd)
    __arm_cp.5_1                             0x00000f2c   Number         4  st7735_min.o(.text.oled_cmd)
    [Anonymous Symbol]                       0x00000f30   Section        0  pid_delta.o(.text.pid_delta_step)
    i._fgeq                                  0x00000ff2   Section        0  fcmp.o(i._fgeq)
    i._fgr                                   0x00001008   Section        0  fcmp.o(i._fgr)
    i._fls                                   0x0000101e   Section        0  fcmp.o(i._fls)
    x$fpl$fadd                               0x00001034   Section      140  faddsub.o(x$fpl$fadd)
    _fadd1                                   0x00001041   Thumb Code     0  faddsub.o(x$fpl$fadd)
    x$fpl$fgeqf                              0x000010c0   Section       84  fgef.o(x$fpl$fgeqf)
    x$fpl$fleqf                              0x00001114   Section       84  flef.o(x$fpl$fleqf)
    x$fpl$fmul                               0x00001168   Section      176  fmul.o(x$fpl$fmul)
    x$fpl$fsub                               0x00001218   Section      208  faddsub.o(x$fpl$fsub)
    _fsub1                                   0x00001225   Thumb Code     0  faddsub.o(x$fpl$fsub)
    fdiv_tab                                 0x000012e8   Data          64  fdiv.o(.constdata)
    .constdata                               0x000012e8   Section       64  fdiv.o(.constdata)
    x$fpl$usenofp                            0x000012e8   Section        0  usenofp.o(x$fpl$usenofp)
    [Anonymous Symbol]                       0x00001328   Section        0  st7735_min.o(.rodata..Lswitch.table.LCD_DrawChar)
    font5x7.A                                0x00001414   Data           5  st7735_min.o(.rodata.font5x7.A)
    [Anonymous Symbol]                       0x00001414   Section        0  st7735_min.o(.rodata.font5x7.A)
    font5x7.B                                0x00001419   Data           5  st7735_min.o(.rodata.font5x7.B)
    [Anonymous Symbol]                       0x00001419   Section        0  st7735_min.o(.rodata.font5x7.B)
    font5x7.C                                0x0000141e   Data           5  st7735_min.o(.rodata.font5x7.C)
    [Anonymous Symbol]                       0x0000141e   Section        0  st7735_min.o(.rodata.font5x7.C)
    font5x7.D                                0x00001423   Data           5  st7735_min.o(.rodata.font5x7.D)
    [Anonymous Symbol]                       0x00001423   Section        0  st7735_min.o(.rodata.font5x7.D)
    font5x7.E                                0x00001428   Data           5  st7735_min.o(.rodata.font5x7.E)
    [Anonymous Symbol]                       0x00001428   Section        0  st7735_min.o(.rodata.font5x7.E)
    font5x7.F                                0x0000142d   Data           5  st7735_min.o(.rodata.font5x7.F)
    [Anonymous Symbol]                       0x0000142d   Section        0  st7735_min.o(.rodata.font5x7.F)
    font5x7.G                                0x00001432   Data           5  st7735_min.o(.rodata.font5x7.G)
    [Anonymous Symbol]                       0x00001432   Section        0  st7735_min.o(.rodata.font5x7.G)
    font5x7.H                                0x00001437   Data           5  st7735_min.o(.rodata.font5x7.H)
    [Anonymous Symbol]                       0x00001437   Section        0  st7735_min.o(.rodata.font5x7.H)
    font5x7.I                                0x0000143c   Data           5  st7735_min.o(.rodata.font5x7.I)
    [Anonymous Symbol]                       0x0000143c   Section        0  st7735_min.o(.rodata.font5x7.I)
    font5x7.J                                0x00001441   Data           5  st7735_min.o(.rodata.font5x7.J)
    [Anonymous Symbol]                       0x00001441   Section        0  st7735_min.o(.rodata.font5x7.J)
    font5x7.K                                0x00001446   Data           5  st7735_min.o(.rodata.font5x7.K)
    [Anonymous Symbol]                       0x00001446   Section        0  st7735_min.o(.rodata.font5x7.K)
    font5x7.L                                0x0000144b   Data           5  st7735_min.o(.rodata.font5x7.L)
    [Anonymous Symbol]                       0x0000144b   Section        0  st7735_min.o(.rodata.font5x7.L)
    font5x7.M                                0x00001450   Data           5  st7735_min.o(.rodata.font5x7.M)
    [Anonymous Symbol]                       0x00001450   Section        0  st7735_min.o(.rodata.font5x7.M)
    font5x7.N                                0x00001455   Data           5  st7735_min.o(.rodata.font5x7.N)
    [Anonymous Symbol]                       0x00001455   Section        0  st7735_min.o(.rodata.font5x7.N)
    font5x7.O                                0x0000145a   Data           5  st7735_min.o(.rodata.font5x7.O)
    [Anonymous Symbol]                       0x0000145a   Section        0  st7735_min.o(.rodata.font5x7.O)
    font5x7.P                                0x0000145f   Data           5  st7735_min.o(.rodata.font5x7.P)
    [Anonymous Symbol]                       0x0000145f   Section        0  st7735_min.o(.rodata.font5x7.P)
    font5x7.Q                                0x00001464   Data           5  st7735_min.o(.rodata.font5x7.Q)
    [Anonymous Symbol]                       0x00001464   Section        0  st7735_min.o(.rodata.font5x7.Q)
    font5x7.R                                0x00001469   Data           5  st7735_min.o(.rodata.font5x7.R)
    [Anonymous Symbol]                       0x00001469   Section        0  st7735_min.o(.rodata.font5x7.R)
    font5x7.S                                0x0000146e   Data           5  st7735_min.o(.rodata.font5x7.S)
    [Anonymous Symbol]                       0x0000146e   Section        0  st7735_min.o(.rodata.font5x7.S)
    font5x7.T                                0x00001473   Data           5  st7735_min.o(.rodata.font5x7.T)
    [Anonymous Symbol]                       0x00001473   Section        0  st7735_min.o(.rodata.font5x7.T)
    font5x7.U                                0x00001478   Data           5  st7735_min.o(.rodata.font5x7.U)
    [Anonymous Symbol]                       0x00001478   Section        0  st7735_min.o(.rodata.font5x7.U)
    font5x7.V                                0x0000147d   Data           5  st7735_min.o(.rodata.font5x7.V)
    [Anonymous Symbol]                       0x0000147d   Section        0  st7735_min.o(.rodata.font5x7.V)
    font5x7.W                                0x00001482   Data           5  st7735_min.o(.rodata.font5x7.W)
    [Anonymous Symbol]                       0x00001482   Section        0  st7735_min.o(.rodata.font5x7.W)
    font5x7.X                                0x00001487   Data           5  st7735_min.o(.rodata.font5x7.X)
    [Anonymous Symbol]                       0x00001487   Section        0  st7735_min.o(.rodata.font5x7.X)
    font5x7.Y                                0x0000148c   Data           5  st7735_min.o(.rodata.font5x7.Y)
    [Anonymous Symbol]                       0x0000148c   Section        0  st7735_min.o(.rodata.font5x7.Y)
    font5x7.Z                                0x00001491   Data           5  st7735_min.o(.rodata.font5x7.Z)
    [Anonymous Symbol]                       0x00001491   Section        0  st7735_min.o(.rodata.font5x7.Z)
    font5x7.blank                            0x00001496   Data           5  st7735_min.o(.rodata.font5x7.blank)
    [Anonymous Symbol]                       0x00001496   Section        0  st7735_min.o(.rodata.font5x7.blank)
    font5x7.colon                            0x0000149b   Data           5  st7735_min.o(.rodata.font5x7.colon)
    [Anonymous Symbol]                       0x0000149b   Section        0  st7735_min.o(.rodata.font5x7.colon)
    font5x7.dot                              0x000014a0   Data           5  st7735_min.o(.rodata.font5x7.dot)
    [Anonymous Symbol]                       0x000014a0   Section        0  st7735_min.o(.rodata.font5x7.dot)
    font5x7.minus                            0x000014a5   Data           5  st7735_min.o(.rodata.font5x7.minus)
    [Anonymous Symbol]                       0x000014a5   Section        0  st7735_min.o(.rodata.font5x7.minus)
    font5x7.num                              0x000014aa   Data          50  st7735_min.o(.rodata.font5x7.num)
    [Anonymous Symbol]                       0x000014aa   Section        0  st7735_min.o(.rodata.font5x7.num)
    font5x7.pct                              0x000014dc   Data           5  st7735_min.o(.rodata.font5x7.pct)
    [Anonymous Symbol]                       0x000014dc   Section        0  st7735_min.o(.rodata.font5x7.pct)
    font5x7.ques                             0x000014e1   Data           5  st7735_min.o(.rodata.font5x7.ques)
    [Anonymous Symbol]                       0x000014e1   Section        0  st7735_min.o(.rodata.font5x7.ques)
    font5x7.slash                            0x000014e6   Data           5  st7735_min.o(.rodata.font5x7.slash)
    [Anonymous Symbol]                       0x000014e6   Section        0  st7735_min.o(.rodata.font5x7.slash)
    gADC_SENSEClockConfig                    0x000014ec   Data           8  ti_msp_dl_config.o(.rodata.gADC_SENSEClockConfig)
    [Anonymous Symbol]                       0x000014ec   Section        0  ti_msp_dl_config.o(.rodata.gADC_SENSEClockConfig)
    gPWM_CHGClockConfig                      0x000014f4   Data           3  ti_msp_dl_config.o(.rodata.gPWM_CHGClockConfig)
    [Anonymous Symbol]                       0x000014f4   Section        0  ti_msp_dl_config.o(.rodata.gPWM_CHGClockConfig)
    gPWM_CHGConfig                           0x000014f8   Data           8  ti_msp_dl_config.o(.rodata.gPWM_CHGConfig)
    [Anonymous Symbol]                       0x000014f8   Section        0  ti_msp_dl_config.o(.rodata.gPWM_CHGConfig)
    .bss                                     0x20200000   Section       96  libspace.o(.bss)
    g_oled_addr                              0x2020017c   Data           1  st7735_min.o(.bss.g_oled_addr)
    [Anonymous Symbol]                       0x2020017c   Section        0  st7735_min.o(.bss.g_oled_addr)
    g_oled_buf                               0x20200180   Data        1024  st7735_min.o(.bss.g_oled_buf)
    [Anonymous Symbol]                       0x20200180   Section        0  st7735_min.o(.bss.g_oled_buf)
    Heap_Mem                                 0x20200580   Data           0  startup_mspm0g350x_uvision.o(HEAP)
    Stack_Mem                                0x20200580   Data         256  startup_mspm0g350x_uvision.o(STACK)
    HEAP                                     0x20200580   Section        0  startup_mspm0g350x_uvision.o(HEAP)
    STACK                                    0x20200580   Section      256  startup_mspm0g350x_uvision.o(STACK)
    __initial_sp                             0x20200680   Data           0  startup_mspm0g350x_uvision.o(STACK)

    Global Symbols

    Symbol Name                              Value     Ov Type        Size  Object(Section)

    BuildAttributes$$THM_ISAv3M$S$PE$A:L22$X:L11$S22$IEEE1$IW$~IW$USESV6$~STKCKD$USESV7$~SHL$OTIME$ROPI$EBA8$UX$STANDARDLIB$REQ8$PRES8$EABIv2 0x00000000   Number         0  anon$$obj.o ABSOLUTE
    __Vectors                                0x00000000   Data           4  startup_mspm0g350x_uvision.o(RESET)
    __ARM_exceptions_init                     - Undefined Weak Reference
    __alloca_initialize                       - Undefined Weak Reference
    __arm_preinit_                            - Undefined Weak Reference
    __arm_relocate_pie_                       - Undefined Weak Reference
    __cpp_initialize__aeabi_                  - Undefined Weak Reference
    __cxa_finalize                            - Undefined Weak Reference
    __rt_locale                               - Undefined Weak Reference
    __sigvec_lookup                           - Undefined Weak Reference
    _atexit_init                              - Undefined Weak Reference
    _call_atexit_fns                          - Undefined Weak Reference
    _clock_init                               - Undefined Weak Reference
    _fp_trap_init                             - Undefined Weak Reference
    _fp_trap_shutdown                         - Undefined Weak Reference
    _get_lc_collate                           - Undefined Weak Reference
    _get_lc_ctype                             - Undefined Weak Reference
    _get_lc_monetary                          - Undefined Weak Reference
    _get_lc_numeric                           - Undefined Weak Reference
    _get_lc_time                              - Undefined Weak Reference
    _getenv_init                              - Undefined Weak Reference
    _handle_redirection                       - Undefined Weak Reference
    _init_alloc                               - Undefined Weak Reference
    _init_user_alloc                          - Undefined Weak Reference
    _initio                                   - Undefined Weak Reference
    _rand_init                                - Undefined Weak Reference
    _signal_finish                            - Undefined Weak Reference
    _signal_init                              - Undefined Weak Reference
    _terminate_alloc                          - Undefined Weak Reference
    _terminate_user_alloc                     - Undefined Weak Reference
    _terminateio                              - Undefined Weak Reference
    __Vectors_End                            0x000000c0   Data           0  startup_mspm0g350x_uvision.o(RESET)
    __Vectors_Size                           0x000000c0   Number         0  startup_mspm0g350x_uvision.o ABSOLUTE
    __main                                   0x000000c1   Thumb Code     8  __main.o(!!!main)
    __scatterload                            0x000000c9   Thumb Code     0  __scatter.o(!!!scatter)
    __scatterload_rt2                        0x000000c9   Thumb Code    74  __scatter.o(!!!scatter)
    __scatterload_rt2_thumb_only             0x000000c9   Thumb Code     0  __scatter.o(!!!scatter)
    __scatterload_loop                       0x000000d3   Thumb Code     0  __scatter.o(!!!scatter)
    __scatterload_null                       0x00000121   Thumb Code     2  __scatter.o(!!handler_null)
    __scatterload_zeroinit                   0x00000129   Thumb Code    28  __scatter_zi.o(!!handler_zi)
    __rt_lib_init                            0x00000145   Thumb Code     0  libinit.o(.ARM.Collect$$libinit$$00000000)
    __rt_lib_init_alloca_1                   0x00000147   Thumb Code     0  libinit2.o(.ARM.Collect$$libinit$$00000030)
    __rt_lib_init_argv_1                     0x00000147   Thumb Code     0  libinit2.o(.ARM.Collect$$libinit$$0000002E)
    __rt_lib_init_atexit_1                   0x00000147   Thumb Code     0  libinit2.o(.ARM.Collect$$libinit$$0000001D)
    __rt_lib_init_clock_1                    0x00000147   Thumb Code     0  libinit2.o(.ARM.Collect$$libinit$$00000023)
    __rt_lib_init_cpp_1                      0x00000147   Thumb Code     0  libinit2.o(.ARM.Collect$$libinit$$00000034)
    __rt_lib_init_exceptions_1               0x00000147   Thumb Code     0  libinit2.o(.ARM.Collect$$libinit$$00000032)
    __rt_lib_init_fp_1                       0x00000147   Thumb Code     0  libinit2.o(.ARM.Collect$$libinit$$00000002)
    __rt_lib_init_fp_trap_1                  0x00000147   Thumb Code     0  libinit2.o(.ARM.Collect$$libinit$$00000021)
    __rt_lib_init_getenv_1                   0x00000147   Thumb Code     0  libinit2.o(.ARM.Collect$$libinit$$00000025)
    __rt_lib_init_heap_1                     0x00000147   Thumb Code     0  libinit2.o(.ARM.Collect$$libinit$$0000000C)
    __rt_lib_init_lc_collate_1               0x00000147   Thumb Code     0  libinit2.o(.ARM.Collect$$libinit$$00000013)
    __rt_lib_init_lc_ctype_1                 0x00000147   Thumb Code     0  libinit2.o(.ARM.Collect$$libinit$$00000015)
    __rt_lib_init_lc_monetary_1              0x00000147   Thumb Code     0  libinit2.o(.ARM.Collect$$libinit$$00000017)
    __rt_lib_init_lc_numeric_1               0x00000147   Thumb Code     0  libinit2.o(.ARM.Collect$$libinit$$00000019)
    __rt_lib_init_lc_time_1                  0x00000147   Thumb Code     0  libinit2.o(.ARM.Collect$$libinit$$0000001B)
    __rt_lib_init_preinit_1                  0x00000147   Thumb Code     0  libinit2.o(.ARM.Collect$$libinit$$00000006)
    __rt_lib_init_rand_1                     0x00000147   Thumb Code     0  libinit2.o(.ARM.Collect$$libinit$$00000010)
    __rt_lib_init_relocate_pie_1             0x00000147   Thumb Code     0  libinit2.o(.ARM.Collect$$libinit$$00000004)
    __rt_lib_init_return                     0x00000147   Thumb Code     0  libinit2.o(.ARM.Collect$$libinit$$00000035)
    __rt_lib_init_signal_1                   0x00000147   Thumb Code     0  libinit2.o(.ARM.Collect$$libinit$$0000001F)
    __rt_lib_init_stdio_1                    0x00000147   Thumb Code     0  libinit2.o(.ARM.Collect$$libinit$$00000027)
    __rt_lib_init_user_alloc_1               0x00000147   Thumb Code     0  libinit2.o(.ARM.Collect$$libinit$$0000000E)
    __rt_lib_shutdown                        0x00000149   Thumb Code     0  libshutdown.o(.ARM.Collect$$libshutdown$$00000000)
    __rt_lib_shutdown_cpp_1                  0x0000014b   Thumb Code     0  libshutdown2.o(.ARM.Collect$$libshutdown$$00000002)
    __rt_lib_shutdown_fp_trap_1              0x0000014b   Thumb Code     0  libshutdown2.o(.ARM.Collect$$libshutdown$$00000007)
    __rt_lib_shutdown_heap_1                 0x0000014b   Thumb Code     0  libshutdown2.o(.ARM.Collect$$libshutdown$$0000000F)
    __rt_lib_shutdown_return                 0x0000014b   Thumb Code     0  libshutdown2.o(.ARM.Collect$$libshutdown$$00000010)
    __rt_lib_shutdown_signal_1               0x0000014b   Thumb Code     0  libshutdown2.o(.ARM.Collect$$libshutdown$$0000000A)
    __rt_lib_shutdown_stdio_1                0x0000014b   Thumb Code     0  libshutdown2.o(.ARM.Collect$$libshutdown$$00000004)
    __rt_lib_shutdown_user_alloc_1           0x0000014b   Thumb Code     0  libshutdown2.o(.ARM.Collect$$libshutdown$$0000000C)
    __rt_entry                               0x0000014d   Thumb Code     0  __rtentry.o(.ARM.Collect$$rtentry$$00000000)
    __rt_entry_presh_1                       0x0000014d   Thumb Code     0  __rtentry2.o(.ARM.Collect$$rtentry$$00000002)
    __rt_entry_sh                            0x0000014d   Thumb Code     0  __rtentry4.o(.ARM.Collect$$rtentry$$00000004)
    __rt_entry_li                            0x00000153   Thumb Code     0  __rtentry2.o(.ARM.Collect$$rtentry$$0000000A)
    __rt_entry_postsh_1                      0x00000153   Thumb Code     0  __rtentry2.o(.ARM.Collect$$rtentry$$00000009)
    __rt_entry_main                          0x00000157   Thumb Code     0  __rtentry2.o(.ARM.Collect$$rtentry$$0000000D)
    __rt_entry_postli_1                      0x00000157   Thumb Code     0  __rtentry2.o(.ARM.Collect$$rtentry$$0000000C)
    __rt_exit                                0x0000015f   Thumb Code     0  rtexit.o(.ARM.Collect$$rtexit$$00000000)
    __rt_exit_ls                             0x00000161   Thumb Code     0  rtexit2.o(.ARM.Collect$$rtexit$$00000003)
    __rt_exit_prels_1                        0x00000161   Thumb Code     0  rtexit2.o(.ARM.Collect$$rtexit$$00000002)
    __rt_exit_exit                           0x00000165   Thumb Code     0  rtexit2.o(.ARM.Collect$$rtexit$$00000004)
    Reset_Handler                            0x0000016d   Thumb Code     4  startup_mspm0g350x_uvision.o(.text)
    NMI_Handler                              0x00000171   Thumb Code     2  startup_mspm0g350x_uvision.o(.text)
    HardFault_Handler                        0x00000173   Thumb Code     2  startup_mspm0g350x_uvision.o(.text)
    SVC_Handler                              0x00000175   Thumb Code     2  startup_mspm0g350x_uvision.o(.text)
    PendSV_Handler                           0x00000177   Thumb Code     2  startup_mspm0g350x_uvision.o(.text)
    SysTick_Handler                          0x00000179   Thumb Code     2  startup_mspm0g350x_uvision.o(.text)
    ADC1_IRQHandler                          0x0000017b   Thumb Code     0  startup_mspm0g350x_uvision.o(.text)
    AES_IRQHandler                           0x0000017b   Thumb Code     0  startup_mspm0g350x_uvision.o(.text)
    CANFD0_IRQHandler                        0x0000017b   Thumb Code     0  startup_mspm0g350x_uvision.o(.text)
    DAC0_IRQHandler                          0x0000017b   Thumb Code     0  startup_mspm0g350x_uvision.o(.text)
    DMA_IRQHandler                           0x0000017b   Thumb Code     0  startup_mspm0g350x_uvision.o(.text)
    Default_Handler                          0x0000017b   Thumb Code     2  startup_mspm0g350x_uvision.o(.text)
    GROUP0_IRQHandler                        0x0000017b   Thumb Code     0  startup_mspm0g350x_uvision.o(.text)
    GROUP1_IRQHandler                        0x0000017b   Thumb Code     0  startup_mspm0g350x_uvision.o(.text)
    I2C0_IRQHandler                          0x0000017b   Thumb Code     0  startup_mspm0g350x_uvision.o(.text)
    I2C1_IRQHandler                          0x0000017b   Thumb Code     0  startup_mspm0g350x_uvision.o(.text)
    RTC_IRQHandler                           0x0000017b   Thumb Code     0  startup_mspm0g350x_uvision.o(.text)
    SPI0_IRQHandler                          0x0000017b   Thumb Code     0  startup_mspm0g350x_uvision.o(.text)
    SPI1_IRQHandler                          0x0000017b   Thumb Code     0  startup_mspm0g350x_uvision.o(.text)
    TIMA1_IRQHandler                         0x0000017b   Thumb Code     0  startup_mspm0g350x_uvision.o(.text)
    TIMG0_IRQHandler                         0x0000017b   Thumb Code     0  startup_mspm0g350x_uvision.o(.text)
    TIMG12_IRQHandler                        0x0000017b   Thumb Code     0  startup_mspm0g350x_uvision.o(.text)
    TIMG6_IRQHandler                         0x0000017b   Thumb Code     0  startup_mspm0g350x_uvision.o(.text)
    TIMG7_IRQHandler                         0x0000017b   Thumb Code     0  startup_mspm0g350x_uvision.o(.text)
    TIMG8_IRQHandler                         0x0000017b   Thumb Code     0  startup_mspm0g350x_uvision.o(.text)
    UART0_IRQHandler                         0x0000017b   Thumb Code     0  startup_mspm0g350x_uvision.o(.text)
    UART1_IRQHandler                         0x0000017b   Thumb Code     0  startup_mspm0g350x_uvision.o(.text)
    UART2_IRQHandler                         0x0000017b   Thumb Code     0  startup_mspm0g350x_uvision.o(.text)
    UART3_IRQHandler                         0x0000017b   Thumb Code     0  startup_mspm0g350x_uvision.o(.text)
    __user_initial_stackheap                 0x0000017d   Thumb Code    10  startup_mspm0g350x_uvision.o(.text)
    __use_two_region_memory                  0x00000199   Thumb Code     2  heapauxi.o(.text)
    __rt_heap_escrow$2region                 0x0000019b   Thumb Code     2  heapauxi.o(.text)
    __rt_heap_expand$2region                 0x0000019d   Thumb Code     2  heapauxi.o(.text)
    __aeabi_fdiv                             0x000001a1   Thumb Code     0  fdiv.o(.text)
    _fdiv                                    0x000001a1   Thumb Code   334  fdiv.o(.text)
    _frdiv                                   0x000002ef   Thumb Code     8  fdiv.o(.text)
    __aeabi_f2uiz                            0x00000301   Thumb Code     0  ffixui.o(.text)
    _ffixu                                   0x00000301   Thumb Code    48  ffixui.o(.text)
    __aeabi_i2f_normalise                    0x00000331   Thumb Code    72  fflti.o(.text)
    __aeabi_i2f                              0x00000379   Thumb Code    16  fflti.o(.text)
    _fflt                                    0x00000379   Thumb Code     0  fflti.o(.text)
    __aeabi_ui2f                             0x00000389   Thumb Code     6  fflti.o(.text)
    _ffltu                                   0x00000389   Thumb Code     0  fflti.o(.text)
    __fpl_fcmp_InfNaN                        0x00000391   Thumb Code    96  fcmpin.o(.text)
    __user_setup_stackheap                   0x000003f5   Thumb Code    62  sys_stackheap_outer.o(.text)
    exit                                     0x00000433   Thumb Code    16  exit.o(.text)
    __fpl_cmpreturn                          0x00000443   Thumb Code    46  cmpret.o(.text)
    __fpl_fcheck_NaN2                        0x00000471   Thumb Code    10  fnan2.o(.text)
    __user_libspace                          0x00000481   Thumb Code     8  libspace.o(.text)
    __user_perproc_libspace                  0x00000481   Thumb Code     0  libspace.o(.text)
    __user_perthread_libspace                0x00000481   Thumb Code     0  libspace.o(.text)
    __fpl_return_NaN                         0x00000489   Thumb Code    94  retnan.o(.text)
    _sys_exit                                0x000004e9   Thumb Code     8  sys_exit.o(.text)
    __I$use$semihosting                      0x000004f5   Thumb Code     0  use_no_semi.o(.text)
    __use_no_semihosting_swi                 0x000004f5   Thumb Code     2  use_no_semi.o(.text)
    __semihosting_library_function           0x000004f7   Thumb Code     0  indicate_semi.o(.text)
    ADC0_IRQHandler                          0x000004f9   Thumb Code     8  main.o(.text.ADC0_IRQHandler)
    DL_ADC12_setClockConfig                  0x00000505   Thumb Code    64  dl_adc12.o(.text.DL_ADC12_setClockConfig)
    DL_Common_delayCycles                    0x00000545   Thumb Code    10  dl_common.o(.text.DL_Common_delayCycles)
    DL_Timer_initFourCCPWMMode               0x00000551   Thumb Code   272  dl_timer.o(.text.DL_Timer_initFourCCPWMMode)
    DL_Timer_setCaptCompUpdateMethod         0x00000661   Thumb Code    28  dl_timer.o(.text.DL_Timer_setCaptCompUpdateMethod)
    DL_Timer_setCaptureCompareOutCtl         0x0000067d   Thumb Code    24  dl_timer.o(.text.DL_Timer_setCaptureCompareOutCtl)
    DL_Timer_setCaptureCompareValue          0x00000695   Thumb Code    16  dl_timer.o(.text.DL_Timer_setCaptureCompareValue)
    DL_Timer_setClockConfig                  0x000006a5   Thumb Code    28  dl_timer.o(.text.DL_Timer_setClockConfig)
    LCD_DrawChar                             0x000006c1   Thumb Code   384  st7735_min.o(.text.LCD_DrawChar)
    LCD_DrawString                           0x0000084d   Thumb Code    62  st7735_min.o(.text.LCD_DrawString)
    LCD_Update                               0x0000088d   Thumb Code   172  st7735_min.o(.text.LCD_Update)
    SYSCFG_DL_ADC_SENSE_init                 0x00000941   Thumb Code    72  ti_msp_dl_config.o(.text.SYSCFG_DL_ADC_SENSE_init)
    SYSCFG_DL_GPIO_init                      0x000009a1   Thumb Code    96  ti_msp_dl_config.o(.text.SYSCFG_DL_GPIO_init)
    SYSCFG_DL_PWM_CHG_init                   0x00000a1d   Thumb Code    88  ti_msp_dl_config.o(.text.SYSCFG_DL_PWM_CHG_init)
    SYSCFG_DL_SYSCTL_init                    0x00000a91   Thumb Code    56  ti_msp_dl_config.o(.text.SYSCFG_DL_SYSCTL_init)
    SYSCFG_DL_SYSTICK_init                   0x00000ad1   Thumb Code     2  ti_msp_dl_config.o(.text.SYSCFG_DL_SYSTICK_init)
    SYSCFG_DL_init                           0x00000ad5   Thumb Code    36  ti_msp_dl_config.o(.text.SYSCFG_DL_init)
    SYSCFG_DL_initPower                      0x00000afd   Thumb Code    40  ti_msp_dl_config.o(.text.SYSCFG_DL_initPower)
    TIMA0_IRQHandler                         0x00000b3d   Thumb Code    24  main.o(.text.TIMA0_IRQHandler)
    buck_single_pid_delta_update             0x00000b59   Thumb Code   100  pid_delta.o(.text.buck_single_pid_delta_update)
    main                                     0x00000d7d   Thumb Code   228  main.o(.text.main)
    pid_delta_step                           0x00000f31   Thumb Code   194  pid_delta.o(.text.pid_delta_step)
    __aeabi_fcmpge                           0x00000ff3   Thumb Code     0  fcmp.o(i._fgeq)
    _fgeq                                    0x00000ff3   Thumb Code    22  fcmp.o(i._fgeq)
    __aeabi_fcmpgt                           0x00001009   Thumb Code     0  fcmp.o(i._fgr)
    _fgr                                     0x00001009   Thumb Code    22  fcmp.o(i._fgr)
    __aeabi_fcmplt                           0x0000101f   Thumb Code     0  fcmp.o(i._fls)
    _fls                                     0x0000101f   Thumb Code    22  fcmp.o(i._fls)
    __aeabi_fadd                             0x00001035   Thumb Code     0  faddsub.o(x$fpl$fadd)
    _fadd                                    0x00001035   Thumb Code   134  faddsub.o(x$fpl$fadd)
    _fcmpge                                  0x000010c1   Thumb Code    78  fgef.o(x$fpl$fgeqf)
    __aeabi_cfcmple                          0x00001115   Thumb Code     0  flef.o(x$fpl$fleqf)
    _fcmple                                  0x00001115   Thumb Code    78  flef.o(x$fpl$fleqf)
    __aeabi_fmul                             0x00001169   Thumb Code     0  fmul.o(x$fpl$fmul)
    _fmul                                    0x00001169   Thumb Code   172  fmul.o(x$fpl$fmul)
    __aeabi_fsub                             0x00001219   Thumb Code     0  faddsub.o(x$fpl$fsub)
    _fsub                                    0x00001219   Thumb Code   204  faddsub.o(x$fpl$fsub)
    __I$use$fp                               0x000012e8   Number         0  usenofp.o(x$fpl$usenofp)
    Region$$Table$$Base                      0x00001500   Number         0  anon$$obj.o(Region$$Table)
    Region$$Table$$Limit                     0x00001510   Number         0  anon$$obj.o(Region$$Table)
    __libspace_start                         0x20200000   Data          96  libspace.o(.bss)
    __temporary_stack_top$libspace           0x20200060   Data           0  libspace.o(.bss)
    buckpid                                  0x20200060   Data          84  main.o(.bss.buckpid)
    gADC_ready                               0x202000b4   Data           1  main.o(.bss.gADC_ready)
    gIsense_adcV                             0x202000b8   Data           4  main.o(.bss.gIsense_adcV)
    gPWM_CHGBackup                           0x202000bc   Data         188  ti_msp_dl_config.o(.bss.gPWM_CHGBackup)
    gVsense_adcV                             0x20200178   Data           4  main.o(.bss.gVsense_adcV)



==============================================================================

Memory Map of the image

  Image Entry point : 0x000000c1

  Load Region LR_IROM1 (Base: 0x00000000, Size: 0x00001510, Max: 0x00020000, ABSOLUTE)

    Execution Region ER_IROM1 (Exec base: 0x00000000, Load base: 0x00000000, Size: 0x00001510, Max: 0x00020000, ABSOLUTE)

    Exec Addr    Load Addr    Size         Type   Attr      Idx    E Section Name        Object

    0x00000000   0x00000000   0x000000c0   Data   RO          319    RESET               startup_mspm0g350x_uvision.o
    0x000000c0   0x000000c0   0x00000008   Code   RO          456  * !!!main             c_p.l(__main.o)
    0x000000c8   0x000000c8   0x00000054   Code   RO          665    !!!scatter          c_p.l(__scatter.o)
    0x0000011c   0x0000011c   0x00000004   PAD
    0x00000120   0x00000120   0x00000002   Code   RO          666    !!handler_null      c_p.l(__scatter.o)
    0x00000122   0x00000122   0x00000006   PAD
    0x00000128   0x00000128   0x0000001c   Code   RO          669    !!handler_zi        c_p.l(__scatter_zi.o)
    0x00000144   0x00000144   0x00000002   Code   RO          520    .ARM.Collect$$libinit$$00000000  c_p.l(libinit.o)
    0x00000146   0x00000146   0x00000000   Code   RO          532    .ARM.Collect$$libinit$$00000002  c_p.l(libinit2.o)
    0x00000146   0x00000146   0x00000000   Code   RO          534    .ARM.Collect$$libinit$$00000004  c_p.l(libinit2.o)
    0x00000146   0x00000146   0x00000000   Code   RO          536    .ARM.Collect$$libinit$$00000006  c_p.l(libinit2.o)
    0x00000146   0x00000146   0x00000000   Code   RO          539    .ARM.Collect$$libinit$$0000000C  c_p.l(libinit2.o)
    0x00000146   0x00000146   0x00000000   Code   RO          541    .ARM.Collect$$libinit$$0000000E  c_p.l(libinit2.o)
    0x00000146   0x00000146   0x00000000   Code   RO          543    .ARM.Collect$$libinit$$00000010  c_p.l(libinit2.o)
    0x00000146   0x00000146   0x00000000   Code   RO          546    .ARM.Collect$$libinit$$00000013  c_p.l(libinit2.o)
    0x00000146   0x00000146   0x00000000   Code   RO          548    .ARM.Collect$$libinit$$00000015  c_p.l(libinit2.o)
    0x00000146   0x00000146   0x00000000   Code   RO          550    .ARM.Collect$$libinit$$00000017  c_p.l(libinit2.o)
    0x00000146   0x00000146   0x00000000   Code   RO          552    .ARM.Collect$$libinit$$00000019  c_p.l(libinit2.o)
    0x00000146   0x00000146   0x00000000   Code   RO          554    .ARM.Collect$$libinit$$0000001B  c_p.l(libinit2.o)
    0x00000146   0x00000146   0x00000000   Code   RO          556    .ARM.Collect$$libinit$$0000001D  c_p.l(libinit2.o)
    0x00000146   0x00000146   0x00000000   Code   RO          558    .ARM.Collect$$libinit$$0000001F  c_p.l(libinit2.o)
    0x00000146   0x00000146   0x00000000   Code   RO          560    .ARM.Collect$$libinit$$00000021  c_p.l(libinit2.o)
    0x00000146   0x00000146   0x00000000   Code   RO          562    .ARM.Collect$$libinit$$00000023  c_p.l(libinit2.o)
    0x00000146   0x00000146   0x00000000   Code   RO          564    .ARM.Collect$$libinit$$00000025  c_p.l(libinit2.o)
    0x00000146   0x00000146   0x00000000   Code   RO          566    .ARM.Collect$$libinit$$00000027  c_p.l(libinit2.o)
    0x00000146   0x00000146   0x00000000   Code   RO          570    .ARM.Collect$$libinit$$0000002E  c_p.l(libinit2.o)
    0x00000146   0x00000146   0x00000000   Code   RO          572    .ARM.Collect$$libinit$$00000030  c_p.l(libinit2.o)
    0x00000146   0x00000146   0x00000000   Code   RO          574    .ARM.Collect$$libinit$$00000032  c_p.l(libinit2.o)
    0x00000146   0x00000146   0x00000000   Code   RO          576    .ARM.Collect$$libinit$$00000034  c_p.l(libinit2.o)
    0x00000146   0x00000146   0x00000002   Code   RO          577    .ARM.Collect$$libinit$$00000035  c_p.l(libinit2.o)
    0x00000148   0x00000148   0x00000002   Code   RO          601    .ARM.Collect$$libshutdown$$00000000  c_p.l(libshutdown.o)
    0x0000014a   0x0000014a   0x00000000   Code   RO          616    .ARM.Collect$$libshutdown$$00000002  c_p.l(libshutdown2.o)
    0x0000014a   0x0000014a   0x00000000   Code   RO          618    .ARM.Collect$$libshutdown$$00000004  c_p.l(libshutdown2.o)
    0x0000014a   0x0000014a   0x00000000   Code   RO          621    .ARM.Collect$$libshutdown$$00000007  c_p.l(libshutdown2.o)
    0x0000014a   0x0000014a   0x00000000   Code   RO          624    .ARM.Collect$$libshutdown$$0000000A  c_p.l(libshutdown2.o)
    0x0000014a   0x0000014a   0x00000000   Code   RO          626    .ARM.Collect$$libshutdown$$0000000C  c_p.l(libshutdown2.o)
    0x0000014a   0x0000014a   0x00000000   Code   RO          629    .ARM.Collect$$libshutdown$$0000000F  c_p.l(libshutdown2.o)
    0x0000014a   0x0000014a   0x00000002   Code   RO          630    .ARM.Collect$$libshutdown$$00000010  c_p.l(libshutdown2.o)
    0x0000014c   0x0000014c   0x00000000   Code   RO          485    .ARM.Collect$$rtentry$$00000000  c_p.l(__rtentry.o)
    0x0000014c   0x0000014c   0x00000000   Code   RO          494    .ARM.Collect$$rtentry$$00000002  c_p.l(__rtentry2.o)
    0x0000014c   0x0000014c   0x00000006   Code   RO          506    .ARM.Collect$$rtentry$$00000004  c_p.l(__rtentry4.o)
    0x00000152   0x00000152   0x00000000   Code   RO          496    .ARM.Collect$$rtentry$$00000009  c_p.l(__rtentry2.o)
    0x00000152   0x00000152   0x00000004   Code   RO          497    .ARM.Collect$$rtentry$$0000000A  c_p.l(__rtentry2.o)
    0x00000156   0x00000156   0x00000000   Code   RO          499    .ARM.Collect$$rtentry$$0000000C  c_p.l(__rtentry2.o)
    0x00000156   0x00000156   0x00000008   Code   RO          500    .ARM.Collect$$rtentry$$0000000D  c_p.l(__rtentry2.o)
    0x0000015e   0x0000015e   0x00000002   Code   RO          529    .ARM.Collect$$rtexit$$00000000  c_p.l(rtexit.o)
    0x00000160   0x00000160   0x00000000   Code   RO          581    .ARM.Collect$$rtexit$$00000002  c_p.l(rtexit2.o)
    0x00000160   0x00000160   0x00000004   Code   RO          582    .ARM.Collect$$rtexit$$00000003  c_p.l(rtexit2.o)
    0x00000164   0x00000164   0x00000006   Code   RO          583    .ARM.Collect$$rtexit$$00000004  c_p.l(rtexit2.o)
    0x0000016a   0x0000016a   0x00000002   PAD
    0x0000016c   0x0000016c   0x0000002c   Code   RO          320    .text               startup_mspm0g350x_uvision.o
    0x00000198   0x00000198   0x00000006   Code   RO          454    .text               c_p.l(heapauxi.o)
    0x0000019e   0x0000019e   0x00000002   PAD
    0x000001a0   0x000001a0   0x00000160   Code   RO          476    .text               fz_ps.l(fdiv.o)
    0x00000300   0x00000300   0x00000030   Code   RO          479    .text               fz_ps.l(ffixui.o)
    0x00000330   0x00000330   0x0000005e   Code   RO          481    .text               fz_ps.l(fflti.o)
    0x0000038e   0x0000038e   0x00000002   PAD
    0x00000390   0x00000390   0x00000064   Code   RO          508    .text               fz_ps.l(fcmpin.o)
    0x000003f4   0x000003f4   0x0000003e   Code   RO          510    .text               c_p.l(sys_stackheap_outer.o)
    0x00000432   0x00000432   0x00000010   Code   RO          513    .text               c_p.l(exit.o)
    0x00000442   0x00000442   0x0000002e   Code   RO          521    .text               fz_ps.l(cmpret.o)
    0x00000470   0x00000470   0x00000010   Code   RO          523    .text               fz_ps.l(fnan2.o)
    0x00000480   0x00000480   0x00000008   Code   RO          525    .text               c_p.l(libspace.o)
    0x00000488   0x00000488   0x0000005e   Code   RO          578    .text               fz_ps.l(retnan.o)
    0x000004e6   0x000004e6   0x00000002   PAD
    0x000004e8   0x000004e8   0x0000000c   Code   RO          591    .text               c_p.l(sys_exit.o)
    0x000004f4   0x000004f4   0x00000002   Code   RO          606    .text               c_p.l(use_no_semi.o)
    0x000004f6   0x000004f6   0x00000000   Code   RO          608    .text               c_p.l(indicate_semi.o)
    0x000004f6   0x000004f6   0x00000002   PAD
    0x000004f8   0x000004f8   0x0000000c   Code   RO           10    .text.ADC0_IRQHandler  main.o
    0x00000504   0x00000504   0x00000040   Code   RO          327    .text.DL_ADC12_setClockConfig  driverlib.a(dl_adc12.o)
    0x00000544   0x00000544   0x0000000a   Code   RO          339    .text.DL_Common_delayCycles  driverlib.a(dl_common.o)
    0x0000054e   0x0000054e   0x00000002   PAD
    0x00000550   0x00000550   0x00000110   Code   RO          424    .text.DL_Timer_initFourCCPWMMode  driverlib.a(dl_timer.o)
    0x00000660   0x00000660   0x0000001c   Code   RO          394    .text.DL_Timer_setCaptCompUpdateMethod  driverlib.a(dl_timer.o)
    0x0000067c   0x0000067c   0x00000018   Code   RO          398    .text.DL_Timer_setCaptureCompareOutCtl  driverlib.a(dl_timer.o)
    0x00000694   0x00000694   0x00000010   Code   RO          354    .text.DL_Timer_setCaptureCompareValue  driverlib.a(dl_timer.o)
    0x000006a4   0x000006a4   0x0000001c   Code   RO          348    .text.DL_Timer_setClockConfig  driverlib.a(dl_timer.o)
    0x000006c0   0x000006c0   0x0000018c   Code   RO          229    .text.LCD_DrawChar  st7735_min.o
    0x0000084c   0x0000084c   0x0000003e   Code   RO          231    .text.LCD_DrawString  st7735_min.o
    0x0000088a   0x0000088a   0x00000002   PAD
    0x0000088c   0x0000088c   0x000000b4   Code   RO          225    .text.LCD_Update    st7735_min.o
    0x00000940   0x00000940   0x00000060   Code   RO          298    .text.SYSCFG_DL_ADC_SENSE_init  ti_msp_dl_config.o
    0x000009a0   0x000009a0   0x0000007c   Code   RO          292    .text.SYSCFG_DL_GPIO_init  ti_msp_dl_config.o
    0x00000a1c   0x00000a1c   0x00000074   Code   RO          296    .text.SYSCFG_DL_PWM_CHG_init  ti_msp_dl_config.o
    0x00000a90   0x00000a90   0x00000040   Code   RO          294    .text.SYSCFG_DL_SYSCTL_init  ti_msp_dl_config.o
    0x00000ad0   0x00000ad0   0x00000002   Code   RO          300    .text.SYSCFG_DL_SYSTICK_init  ti_msp_dl_config.o
    0x00000ad2   0x00000ad2   0x00000002   PAD
    0x00000ad4   0x00000ad4   0x00000028   Code   RO          288    .text.SYSCFG_DL_init  ti_msp_dl_config.o
    0x00000afc   0x00000afc   0x00000040   Code   RO          290    .text.SYSCFG_DL_initPower  ti_msp_dl_config.o
    0x00000b3c   0x00000b3c   0x0000001c   Code   RO           12    .text.TIMA0_IRQHandler  main.o
    0x00000b58   0x00000b58   0x00000074   Code   RO           61    .text.buck_single_pid_delta_update  pid_delta.o
    0x00000bcc   0x00000bcc   0x000001b0   Code   RO          241    .text.i2c_write_byte  st7735_min.o
    0x00000d7c   0x00000d7c   0x0000013c   Code   RO           16    .text.main          main.o
    0x00000eb8   0x00000eb8   0x00000078   Code   RO          235    .text.oled_cmd      st7735_min.o
    0x00000f30   0x00000f30   0x000000c2   Code   RO           57    .text.pid_delta_step  pid_delta.o
    0x00000ff2   0x00000ff2   0x00000016   Code   RO          465    i._fgeq             fz_ps.l(fcmp.o)
    0x00001008   0x00001008   0x00000016   Code   RO          466    i._fgr              fz_ps.l(fcmp.o)
    0x0000101e   0x0000101e   0x00000016   Code   RO          468    i._fls              fz_ps.l(fcmp.o)
    0x00001034   0x00001034   0x0000008c   Code   RO          458    x$fpl$fadd          fz_ps.l(faddsub.o)
    0x000010c0   0x000010c0   0x00000054   Code   RO          488    x$fpl$fgeqf         fz_ps.l(fgef.o)
    0x00001114   0x00001114   0x00000054   Code   RO          490    x$fpl$fleqf         fz_ps.l(flef.o)
    0x00001168   0x00001168   0x000000b0   Code   RO          483    x$fpl$fmul          fz_ps.l(fmul.o)
    0x00001218   0x00001218   0x000000d0   Code   RO          460    x$fpl$fsub          fz_ps.l(faddsub.o)
    0x000012e8   0x000012e8   0x00000000   Code   RO          492    x$fpl$usenofp       fz_ps.l(usenofp.o)
    0x000012e8   0x000012e8   0x00000040   Data   RO          477    .constdata          fz_ps.l(fdiv.o)
    0x00001328   0x00001328   0x000000ec   Data   RO          279    .rodata..Lswitch.table.LCD_DrawChar  st7735_min.o
    0x00001414   0x00001414   0x00000005   Data   RO          253    .rodata.font5x7.A   st7735_min.o
    0x00001419   0x00001419   0x00000005   Data   RO          254    .rodata.font5x7.B   st7735_min.o
    0x0000141e   0x0000141e   0x00000005   Data   RO          255    .rodata.font5x7.C   st7735_min.o
    0x00001423   0x00001423   0x00000005   Data   RO          256    .rodata.font5x7.D   st7735_min.o
    0x00001428   0x00001428   0x00000005   Data   RO          257    .rodata.font5x7.E   st7735_min.o
    0x0000142d   0x0000142d   0x00000005   Data   RO          258    .rodata.font5x7.F   st7735_min.o
    0x00001432   0x00001432   0x00000005   Data   RO          259    .rodata.font5x7.G   st7735_min.o
    0x00001437   0x00001437   0x00000005   Data   RO          260    .rodata.font5x7.H   st7735_min.o
    0x0000143c   0x0000143c   0x00000005   Data   RO          261    .rodata.font5x7.I   st7735_min.o
    0x00001441   0x00001441   0x00000005   Data   RO          262    .rodata.font5x7.J   st7735_min.o
    0x00001446   0x00001446   0x00000005   Data   RO          263    .rodata.font5x7.K   st7735_min.o
    0x0000144b   0x0000144b   0x00000005   Data   RO          264    .rodata.font5x7.L   st7735_min.o
    0x00001450   0x00001450   0x00000005   Data   RO          265    .rodata.font5x7.M   st7735_min.o
    0x00001455   0x00001455   0x00000005   Data   RO          266    .rodata.font5x7.N   st7735_min.o
    0x0000145a   0x0000145a   0x00000005   Data   RO          267    .rodata.font5x7.O   st7735_min.o
    0x0000145f   0x0000145f   0x00000005   Data   RO          268    .rodata.font5x7.P   st7735_min.o
    0x00001464   0x00001464   0x00000005   Data   RO          269    .rodata.font5x7.Q   st7735_min.o
    0x00001469   0x00001469   0x00000005   Data   RO          270    .rodata.font5x7.R   st7735_min.o
    0x0000146e   0x0000146e   0x00000005   Data   RO          271    .rodata.font5x7.S   st7735_min.o
    0x00001473   0x00001473   0x00000005   Data   RO          272    .rodata.font5x7.T   st7735_min.o
    0x00001478   0x00001478   0x00000005   Data   RO          273    .rodata.font5x7.U   st7735_min.o
    0x0000147d   0x0000147d   0x00000005   Data   RO          274    .rodata.font5x7.V   st7735_min.o
    0x00001482   0x00001482   0x00000005   Data   RO          275    .rodata.font5x7.W   st7735_min.o
    0x00001487   0x00001487   0x00000005   Data   RO          276    .rodata.font5x7.X   st7735_min.o
    0x0000148c   0x0000148c   0x00000005   Data   RO          277    .rodata.font5x7.Y   st7735_min.o
    0x00001491   0x00001491   0x00000005   Data   RO          278    .rodata.font5x7.Z   st7735_min.o
    0x00001496   0x00001496   0x00000005   Data   RO          245    .rodata.font5x7.blank  st7735_min.o
    0x0000149b   0x0000149b   0x00000005   Data   RO          246    .rodata.font5x7.colon  st7735_min.o
    0x000014a0   0x000014a0   0x00000005   Data   RO          247    .rodata.font5x7.dot  st7735_min.o
    0x000014a5   0x000014a5   0x00000005   Data   RO          250    .rodata.font5x7.minus  st7735_min.o
    0x000014aa   0x000014aa   0x00000032   Data   RO          252    .rodata.font5x7.num  st7735_min.o
    0x000014dc   0x000014dc   0x00000005   Data   RO          248    .rodata.font5x7.pct  st7735_min.o
    0x000014e1   0x000014e1   0x00000005   Data   RO          251    .rodata.font5x7.ques  st7735_min.o
    0x000014e6   0x000014e6   0x00000005   Data   RO          249    .rodata.font5x7.slash  st7735_min.o
    0x000014eb   0x000014eb   0x00000001   PAD
    0x000014ec   0x000014ec   0x00000008   Data   RO          309    .rodata.gADC_SENSEClockConfig  ti_msp_dl_config.o
    0x000014f4   0x000014f4   0x00000003   Data   RO          307    .rodata.gPWM_CHGClockConfig  ti_msp_dl_config.o
    0x000014f7   0x000014f7   0x00000001   PAD
    0x000014f8   0x000014f8   0x00000008   Data   RO          308    .rodata.gPWM_CHGConfig  ti_msp_dl_config.o
    0x00001500   0x00001500   0x00000010   Data   RO          664    Region$$Table       anon$$obj.o


    Execution Region RW_IRAM2 (Exec base: 0x20200000, Load base: 0x00001510, Size: 0x00000680, Max: 0x00008000, ABSOLUTE)

    Exec Addr    Load Addr    Size         Type   Attr      Idx    E Section Name        Object

    0x20200000        -       0x00000060   Zero   RW          526    .bss                c_p.l(libspace.o)
    0x20200060        -       0x00000054   Zero   RW           23    .bss.buckpid        main.o
    0x202000b4        -       0x00000001   Zero   RW           19    .bss.gADC_ready     main.o
    0x202000b5   0x00001510   0x00000003   PAD
    0x202000b8        -       0x00000004   Zero   RW           21    .bss.gIsense_adcV   main.o
    0x202000bc        -       0x000000bc   Zero   RW          306    .bss.gPWM_CHGBackup  ti_msp_dl_config.o
    0x20200178        -       0x00000004   Zero   RW           20    .bss.gVsense_adcV   main.o
    0x2020017c        -       0x00000001   Zero   RW          244    .bss.g_oled_addr    st7735_min.o
    0x2020017d   0x00001510   0x00000003   PAD
    0x20200180        -       0x00000400   Zero   RW          243    .bss.g_oled_buf     st7735_min.o
    0x20200580        -       0x00000000   Zero   RW          318    HEAP                startup_mspm0g350x_uvision.o
    0x20200580        -       0x00000100   Zero   RW          317    STACK               startup_mspm0g350x_uvision.o



  Load Region LR_BCR (Base: 0x41c00000, Size: 0x00000000, Max: 0x00000100, ABSOLUTE)

    Execution Region BCR_CONFIG (Exec base: 0x41c00000, Load base: 0x41c00000, Size: 0x00000000, Max: 0x00000080, ABSOLUTE)

    **** No section assigned to this execution region ****



  Load Region LR_BSL (Base: 0x41c00100, Size: 0x00000000, Max: 0x00000100, ABSOLUTE)

    Execution Region BSL_CONFIG (Exec base: 0x41c00100, Load base: 0x41c00100, Size: 0x00000000, Max: 0x00000080, ABSOLUTE)

    **** No section assigned to this execution region ****


==============================================================================

Image component sizes


      Code (inc. data)   RO Data    RW Data    ZI Data      Debug   Object Name

       356         96          0          0         93       9843   main.o
       310         16          0          0          0       4785   pid_delta.o
      1190         36        451          0       1025      17291   st7735_min.o
        44         18        192          0        256        688   startup_mspm0g350x_uvision.o
       506        116         19          0        188      26628   ti_msp_dl_config.o

    ----------------------------------------------------------------------
      2410        282        680          0       1568      59235   Object Totals
         0          0         16          0          0          0   (incl. Generated)
         4          0          2          0          6          0   (incl. Padding)

    ----------------------------------------------------------------------

      Code (inc. data)   RO Data    RW Data    ZI Data      Debug   Library Member Name

         8          0          0          0          0         68   __main.o
         0          0          0          0          0          0   __rtentry.o
        12          0          0          0          0          0   __rtentry2.o
         6          0          0          0          0          0   __rtentry4.o
        86         10          0          0          0          0   __scatter.o
        28          0          0          0          0          0   __scatter_zi.o
        16          0          0          0          0         68   exit.o
         6          0          0          0          0        136   heapauxi.o
         0          0          0          0          0          0   indicate_semi.o
         2          0          0          0          0          0   libinit.o
         2          0          0          0          0          0   libinit2.o
         2          0          0          0          0          0   libshutdown.o
         2          0          0          0          0          0   libshutdown2.o
         8          4          0          0         96         68   libspace.o
         2          0          0          0          0          0   rtexit.o
        10          0          0          0          0          0   rtexit2.o
        12          4          0          0          0         60   sys_exit.o
        62          0          0          0          0         80   sys_stackheap_outer.o
         2          0          0          0          0         68   use_no_semi.o
        64          8          0          0          0       4702   dl_adc12.o
        10          0          0          0          0        803   dl_common.o
       368         44          0          0          0      39888   dl_timer.o
        46          0          0          0          0         60   cmpret.o
       348          8          0          0          0        160   faddsub.o
        66          0          0          0          0        204   fcmp.o
       100          4          0          0          0         68   fcmpin.o
       352         10         64          0          0         92   fdiv.o
        48          0          0          0          0         60   ffixui.o
        94          0          0          0          0         92   fflti.o
        84          4          0          0          0         76   fgef.o
        84          4          0          0          0         76   flef.o
       176          4          0          0          0         80   fmul.o
        16          6          0          0          0         68   fnan2.o
        94          0          0          0          0         68   retnan.o
         0          0          0          0          0          0   usenofp.o

    ----------------------------------------------------------------------
      2238        114         64          0         96      47045   Library Totals
        22          4          0          0          0          0   (incl. Padding)

    ----------------------------------------------------------------------

      Code (inc. data)   RO Data    RW Data    ZI Data      Debug   Library Name

       266         18          0          0         96        548   c_p.l
       442         52          0          0          0      45393   driverlib.a
      1508         40         64          0          0       1104   fz_ps.l

    ----------------------------------------------------------------------
      2238        114         64          0         96      47045   Library Totals

    ----------------------------------------------------------------------

==============================================================================


      Code (inc. data)   RO Data    RW Data    ZI Data      Debug   

      4648        396        744          0       1664     105368   Grand Totals
      4648        396        744          0       1664     105368   ELF Image Totals
      4648        396        744          0          0          0   ROM Totals

==============================================================================

    Total RO  Size (Code + RO Data)                 5392 (   5.27kB)
    Total RW  Size (RW Data + ZI Data)              1664 (   1.62kB)
    Total ROM Size (Code + RO Data + RW Data)       5392 (   5.27kB)

==============================================================================

