Component: Arm Compiler for Embedded 6.21 Tool: armlink [5ec1fa00]

==============================================================================

Section Cross References

    main.o(.text.getVsense) refers to main.o(.bss.gVsense_adcV) for gVsense_adcV
    main.o(.ARM.exidx.text.getVsense) refers to main.o(.text.getVsense) for [Anonymous Symbol]
    main.o(.text.getIsense) refers to main.o(.bss.gIsense_adcV) for gIsense_adcV
    main.o(.ARM.exidx.text.getIsense) refers to main.o(.text.getIsense) for [Anonymous Symbol]
    main.o(.text.isADCReady) refers to main.o(.bss.gADC_ready) for gADC_ready
    main.o(.ARM.exidx.text.isADCReady) refers to main.o(.text.isADCReady) for [Anonymous Symbol]
    main.o(.text.clearADCReady) refers to main.o(.bss.gADC_ready) for gADC_ready
    main.o(.ARM.exidx.text.clearADCReady) refers to main.o(.text.clearADCReady) for [Anonymous Symbol]
    main.o(.ARM.exidx.text.ADC0_IRQHandler) refers to main.o(.text.ADC0_IRQHandler) for [Anonymous Symbol]
    main.o(.ARM.exidx.text.TIMA0_IRQHandler) refers to main.o(.text.TIMA0_IRQHandler) for [Anonymous Symbol]
    main.o(.text.main) refers to ti_msp_dl_config.o(.text.SYSCFG_DL_init) for SYSCFG_DL_init
    main.o(.text.main) refers to dl_timer.o(.text.DL_Timer_setCaptureCompareValue) for DL_Timer_setCaptureCompareValue
    main.o(.text.main) refers to fflti.o(.text) for __aeabi_ui2f
    main.o(.text.main) refers to fmul.o(x$fpl$fmul) for __aeabi_fmul
    main.o(.text.main) refers to driver_ssd1306_interface_mspm0.o(.text.ssd1306_interface_spi_init) for ssd1306_interface_spi_init
    main.o(.text.main) refers to rt_memclr.o(.text) for __aeabi_memclr4
    main.o(.text.main) refers to driver_ssd1306.o(.text.ssd1306_set_interface) for ssd1306_set_interface
    main.o(.text.main) refers to driver_ssd1306.o(.text.ssd1306_set_addr_pin) for ssd1306_set_addr_pin
    main.o(.text.main) refers to driver_ssd1306.o(.text.ssd1306_init) for ssd1306_init
    main.o(.text.main) refers to driver_ssd1306.o(.text.ssd1306_clear) for ssd1306_clear
    main.o(.text.main) refers to driver_ssd1306.o(.text.ssd1306_gram_write_string) for ssd1306_gram_write_string
    main.o(.text.main) refers to driver_ssd1306.o(.text.ssd1306_gram_update) for ssd1306_gram_update
    main.o(.text.main) refers to driver_ssd1306.o(.text.ssd1306_gram_fill_rect) for ssd1306_gram_fill_rect
    main.o(.text.main) refers to pid_delta.o(.text.buck_single_pid_delta_update) for buck_single_pid_delta_update
    main.o(.text.main) refers to ffixui.o(.text) for __aeabi_f2uiz
    main.o(.text.main) refers to main.o(.bss.gVsense_adcV) for gVsense_adcV
    main.o(.text.main) refers to main.o(.bss.gIsense_adcV) for gIsense_adcV
    main.o(.text.main) refers to main.o(.bss.gADC_ready) for gADC_ready
    main.o(.text.main) refers to main.o(.bss.g_oled) for g_oled
    main.o(.text.main) refers to driver_ssd1306_interface_mspm0.o(.text.ssd1306_interface_delay_ms) for ssd1306_interface_delay_ms
    main.o(.text.main) refers to driver_ssd1306_interface_mspm0.o(.text.ssd1306_interface_reset_gpio_write) for ssd1306_interface_reset_gpio_write
    main.o(.text.main) refers to driver_ssd1306_interface_mspm0.o(.text.ssd1306_interface_reset_gpio_deinit) for ssd1306_interface_reset_gpio_deinit
    main.o(.text.main) refers to driver_ssd1306_interface_mspm0.o(.text.ssd1306_interface_reset_gpio_init) for ssd1306_interface_reset_gpio_init
    main.o(.text.main) refers to driver_ssd1306_interface_mspm0.o(.text.ssd1306_interface_iic_write) for ssd1306_interface_iic_write
    main.o(.text.main) refers to driver_ssd1306_interface_mspm0.o(.text.ssd1306_interface_iic_deinit) for ssd1306_interface_iic_deinit
    main.o(.text.main) refers to driver_ssd1306_interface_mspm0.o(.text.ssd1306_interface_iic_init) for ssd1306_interface_iic_init
    main.o(.text.main) refers to driver_ssd1306_interface_mspm0.o(.text.ssd1306_interface_debug_print) for ssd1306_interface_debug_print
    main.o(.text.main) refers to main.o(.bss.buckpid) for buckpid
    main.o(.ARM.exidx.text.main) refers to main.o(.text.main) for [Anonymous Symbol]
    pid.o(.ARM.exidx.text.pid_init) refers to pid.o(.text.pid_init) for [Anonymous Symbol]
    pid.o(.ARM.exidx.text.buck_pid_init) refers to pid.o(.text.buck_pid_init) for [Anonymous Symbol]
    pid.o(.text.pid_step) refers to faddsub.o(x$fpl$fadd) for __aeabi_fadd
    pid.o(.text.pid_step) refers to fcmp.o(i._fgr) for __aeabi_fcmpgt
    pid.o(.text.pid_step) refers to fcmp.o(i._fls) for __aeabi_fcmplt
    pid.o(.text.pid_step) refers to fcmp.o(i._fgeq) for __aeabi_fcmpge
    pid.o(.text.pid_step) refers to fmul.o(x$fpl$fmul) for __aeabi_fmul
    pid.o(.text.pid_step) refers to faddsub.o(x$fpl$fsub) for __aeabi_fsub
    pid.o(.ARM.exidx.text.pid_step) refers to pid.o(.text.pid_step) for [Anonymous Symbol]
    pid.o(.text.buck_pid_update) refers to fdiv.o(.text) for __aeabi_fdiv
    pid.o(.text.buck_pid_update) refers to faddsub.o(x$fpl$fadd) for __aeabi_fadd
[...]
    Removing driver_ssd1306.o(.text.ssd1306_set_memory_addressing_mode), (90 bytes).
    Removing driver_ssd1306.o(.ARM.exidx.text.ssd1306_set_memory_addressing_mode), (8 bytes).
    Removing driver_ssd1306.o(.text.ssd1306_set_column_address_range), (132 bytes).
    Removing driver_ssd1306.o(.ARM.exidx.text.ssd1306_set_column_address_range), (8 bytes).
    Removing driver_ssd1306.o(.text.ssd1306_set_page_address_range), (128 bytes).
    Removing driver_ssd1306.o(.ARM.exidx.text.ssd1306_set_page_address_range), (8 bytes).
    Removing driver_ssd1306.o(.text.ssd1306_set_fade_blinking_mode), (140 bytes).
    Removing driver_ssd1306.o(.ARM.exidx.text.ssd1306_set_fade_blinking_mode), (8 bytes).
    Removing driver_ssd1306.o(.text.ssd1306_set_right_horizontal_scroll), (212 bytes).
    Removing driver_ssd1306.o(.ARM.exidx.text.ssd1306_set_right_horizontal_scroll), (8 bytes).
    Removing driver_ssd1306.o(.text.ssd1306_set_left_horizontal_scroll), (144 bytes).
    Removing driver_ssd1306.o(.ARM.exidx.text.ssd1306_set_left_horizontal_scroll), (8 bytes).
    Removing driver_ssd1306.o(.text.ssd1306_set_vertical_right_horizontal_scroll), (160 bytes).
    Removing driver_ssd1306.o(.ARM.exidx.text.ssd1306_set_vertical_right_horizontal_scroll), (8 bytes).
    Removing driver_ssd1306.o(.text.ssd1306_set_vertical_left_horizontal_scroll), (160 bytes).
    Removing driver_ssd1306.o(.ARM.exidx.text.ssd1306_set_vertical_left_horizontal_scroll), (8 bytes).
    Removing driver_ssd1306.o(.text.ssd1306_deactivate_scroll), (88 bytes).
    Removing driver_ssd1306.o(.ARM.exidx.text.ssd1306_deactivate_scroll), (8 bytes).
    Removing driver_ssd1306.o(.text.ssd1306_activate_scroll), (88 bytes).
    Removing driver_ssd1306.o(.ARM.exidx.text.ssd1306_activate_scroll), (8 bytes).
    Removing driver_ssd1306.o(.text.ssd1306_set_display_start_line), (132 bytes).
    Removing driver_ssd1306.o(.ARM.exidx.text.ssd1306_set_display_start_line), (8 bytes).
    Removing driver_ssd1306.o(.text.ssd1306_set_contrast), (90 bytes).
    Removing driver_ssd1306.o(.ARM.exidx.text.ssd1306_set_contrast), (8 bytes).
    Removing driver_ssd1306.o(.text.ssd1306_set_charge_pump), (96 bytes).
    Removing driver_ssd1306.o(.ARM.exidx.text.ssd1306_set_charge_pump), (8 bytes).
    Removing driver_ssd1306.o(.text.ssd1306_set_segment_remap), (136 bytes).
    Removing driver_ssd1306.o(.ARM.exidx.text.ssd1306_set_segment_remap), (8 bytes).
    Removing driver_ssd1306.o(.text.ssd1306_set_vertical_scroll_area), (232 bytes).
    Removing driver_ssd1306.o(.ARM.exidx.text.ssd1306_set_vertical_scroll_area), (8 bytes).
    Removing driver_ssd1306.o(.text.ssd1306_set_entire_display), (136 bytes).
    Removing driver_ssd1306.o(.ARM.exidx.text.ssd1306_set_entire_display), (8 bytes).
    Removing driver_ssd1306.o(.text.ssd1306_set_display_mode), (136 bytes).
    Removing driver_ssd1306.o(.ARM.exidx.text.ssd1306_set_display_mode), (8 bytes).
    Removing driver_ssd1306.o(.text.ssd1306_set_multiplex_ratio), (192 bytes).
    Removing driver_ssd1306.o(.ARM.exidx.text.ssd1306_set_multiplex_ratio), (8 bytes).
    Removing driver_ssd1306.o(.text.ssd1306_set_display), (136 bytes).
    Removing driver_ssd1306.o(.ARM.exidx.text.ssd1306_set_display), (8 bytes).
    Removing driver_ssd1306.o(.text.ssd1306_set_page_address), (108 bytes).
    Removing driver_ssd1306.o(.ARM.exidx.text.ssd1306_set_page_address), (8 bytes).
    Removing driver_ssd1306.o(.text.ssd1306_set_scan_direction), (136 bytes).
    Removing driver_ssd1306.o(.ARM.exidx.text.ssd1306_set_scan_direction), (8 bytes).
    Removing driver_ssd1306.o(.text.ssd1306_set_display_offset), (136 bytes).
    Removing driver_ssd1306.o(.ARM.exidx.text.ssd1306_set_display_offset), (8 bytes).
    Removing driver_ssd1306.o(.text.ssd1306_set_display_clock), (204 bytes).
    Removing driver_ssd1306.o(.ARM.exidx.text.ssd1306_set_display_clock), (8 bytes).
    Removing driver_ssd1306.o(.text.ssd1306_set_zoom_in), (90 bytes).
    Removing driver_ssd1306.o(.ARM.exidx.text.ssd1306_set_zoom_in), (8 bytes).
    Removing driver_ssd1306.o(.text.ssd1306_set_precharge_period), (196 bytes).
    Removing driver_ssd1306.o(.ARM.exidx.text.ssd1306_set_precharge_period), (8 bytes).
    Removing driver_ssd1306.o(.text.ssd1306_set_com_pins_hardware_conf), (98 bytes).
    Removing driver_ssd1306.o(.ARM.exidx.text.ssd1306_set_com_pins_hardware_conf), (8 bytes).
    Removing driver_ssd1306.o(.text.ssd1306_set_deselect_level), (92 bytes).
    Removing driver_ssd1306.o(.ARM.exidx.text.ssd1306_set_deselect_level), (8 bytes).
    Removing driver_ssd1306.o(.text.ssd1306_write_cmd), (86 bytes).
    Removing driver_ssd1306.o(.ARM.exidx.text.ssd1306_write_cmd), (8 bytes).
    Removing driver_ssd1306.o(.text.ssd1306_write_data), (86 bytes).
    Removing driver_ssd1306.o(.ARM.exidx.text.ssd1306_write_data), (8 bytes).
    Removing driver_ssd1306.o(.text.ssd1306_info), (200 bytes).
    Removing driver_ssd1306.o(.ARM.exidx.text.ssd1306_info), (8 bytes).
    Removing driver_ssd1306.o(.rodata.gsc_ssd1306_chinese_1608), (96 bytes).
    Removing driver_ssd1306_interface_mspm0.o(.text), (0 bytes).
    Removing driver_ssd1306_interface_mspm0.o(.ARM.exidx.text.ssd1306_interface_iic_init), (8 bytes).
    Removing driver_ssd1306_interface_mspm0.o(.ARM.exidx.text.ssd1306_interface_iic_deinit), (8 bytes).
    Removing driver_ssd1306_interface_mspm0.o(.ARM.exidx.text.ssd1306_interface_iic_write), (8 bytes).
    Removing driver_ssd1306_interface_mspm0.o(.ARM.exidx.text.a_iic_send_byte), (8 bytes).
    Removing driver_ssd1306_interface_mspm0.o(.ARM.exidx.text.a_iic_wait_ack), (8 bytes).
    Removing driver_ssd1306_interface_mspm0.o(.ARM.exidx.text.ssd1306_interface_spi_init), (8 bytes).
    Removing driver_ssd1306_interface_mspm0.o(.text.ssd1306_interface_spi_deinit), (4 bytes).
    Removing driver_ssd1306_interface_mspm0.o(.ARM.exidx.text.ssd1306_interface_spi_deinit), (8 bytes).
    Removing driver_ssd1306_interface_mspm0.o(.text.ssd1306_interface_spi_write_cmd), (4 bytes).
    Removing driver_ssd1306_interface_mspm0.o(.ARM.exidx.text.ssd1306_interface_spi_write_cmd), (8 bytes).
    Removing driver_ssd1306_interface_mspm0.o(.ARM.exidx.text.ssd1306_interface_delay_ms), (8 bytes).
    Removing driver_ssd1306_interface_mspm0.o(.ARM.exidx.text.ssd1306_interface_debug_print), (8 bytes).
    Removing driver_ssd1306_interface_mspm0.o(.text.ssd1306_interface_spi_cmd_data_gpio_init), (4 bytes).
    Removing driver_ssd1306_interface_mspm0.o(.ARM.exidx.text.ssd1306_interface_spi_cmd_data_gpio_init), (8 bytes).
    Removing driver_ssd1306_interface_mspm0.o(.text.ssd1306_interface_spi_cmd_data_gpio_deinit), (4 bytes).
    Removing driver_ssd1306_interface_mspm0.o(.ARM.exidx.text.ssd1306_interface_spi_cmd_data_gpio_deinit), (8 bytes).
    Removing driver_ssd1306_interface_mspm0.o(.text.ssd1306_interface_spi_cmd_data_gpio_write), (4 bytes).
    Removing driver_ssd1306_interface_mspm0.o(.ARM.exidx.text.ssd1306_interface_spi_cmd_data_gpio_write), (8 bytes).
    Removing driver_ssd1306_interface_mspm0.o(.ARM.exidx.text.ssd1306_interface_reset_gpio_init), (8 bytes).
    Removing driver_ssd1306_interface_mspm0.o(.ARM.exidx.text.ssd1306_interface_reset_gpio_deinit), (8 bytes).
    Removing driver_ssd1306_interface_mspm0.o(.ARM.exidx.text.ssd1306_interface_reset_gpio_write), (8 bytes).
    Removing ti_msp_dl_config.o(.text), (0 bytes).
    Removing ti_msp_dl_config.o(.ARM.exidx.text.SYSCFG_DL_init), (8 bytes).
    Removing ti_msp_dl_config.o(.ARM.exidx.text.SYSCFG_DL_initPower), (8 bytes).
    Removing ti_msp_dl_config.o(.ARM.exidx.text.SYSCFG_DL_GPIO_init), (8 bytes).
    Removing ti_msp_dl_config.o(.ARM.exidx.text.SYSCFG_DL_SYSCTL_init), (8 bytes).
    Removing ti_msp_dl_config.o(.ARM.exidx.text.SYSCFG_DL_PWM_CHG_init), (8 bytes).
    Removing ti_msp_dl_config.o(.ARM.exidx.text.SYSCFG_DL_ADC_SENSE_init), (8 bytes).
    Removing ti_msp_dl_config.o(.ARM.exidx.text.SYSCFG_DL_SYSTICK_init), (8 bytes).
    Removing ti_msp_dl_config.o(.text.SYSCFG_DL_saveConfiguration), (20 bytes).
    Removing ti_msp_dl_config.o(.ARM.exidx.text.SYSCFG_DL_saveConfiguration), (8 bytes).
    Removing ti_msp_dl_config.o(.text.SYSCFG_DL_restoreConfiguration), (24 bytes).
    Removing ti_msp_dl_config.o(.ARM.exidx.text.SYSCFG_DL_restoreConfiguration), (8 bytes).
    Removing dl_adc12.o(.text), (0 bytes).
    Removing dl_adc12.o(.ARM.exidx.text.DL_ADC12_setClockConfig), (8 bytes).
    Removing dl_adc12.o(.text.DL_ADC12_getClockConfig), (40 bytes).
    Removing dl_adc12.o(.ARM.exidx.text.DL_ADC12_getClockConfig), (8 bytes).
    Removing dl_common.o(.text), (0 bytes).
    Removing dl_common.o(.ARM.exidx.text.DL_Common_delayCycles), (8 bytes).
    Removing dl_timer.o(.text), (0 bytes).
    Removing dl_timer.o(.ARM.exidx.text.DL_Timer_setClockConfig), (8 bytes).
    Removing dl_timer.o(.text.DL_Timer_getClockConfig), (28 bytes).
    Removing dl_timer.o(.ARM.exidx.text.DL_Timer_getClockConfig), (8 bytes).
    Removing dl_timer.o(.text.DL_Timer_initTimerMode), (240 bytes).
    Removing dl_timer.o(.ARM.exidx.text.DL_Timer_initTimerMode), (8 bytes).
    Removing dl_timer.o(.ARM.exidx.text.DL_Timer_setCaptureCompareValue), (8 bytes).
    Removing dl_timer.o(.text.DL_Timer_setCaptureCompareCtl), (40 bytes).
    Removing dl_timer.o(.ARM.exidx.text.DL_Timer_setCaptureCompareCtl), (8 bytes).
    Removing dl_timer.o(.text.DL_Timer_initCaptureMode), (272 bytes).
    Removing dl_timer.o(.ARM.exidx.text.DL_Timer_initCaptureMode), (8 bytes).
    Removing dl_timer.o(.text.DL_Timer_setCaptureCompareInput), (26 bytes).
    Removing dl_timer.o(.ARM.exidx.text.DL_Timer_setCaptureCompareInput), (8 bytes).
    Removing dl_timer.o(.text.DL_Timer_initCaptureTriggerMode), (124 bytes).
    Removing dl_timer.o(.ARM.exidx.text.DL_Timer_initCaptureTriggerMode), (8 bytes).
    Removing dl_timer.o(.text.DL_Timer_initCaptureCombinedMode), (232 bytes).
    Removing dl_timer.o(.ARM.exidx.text.DL_Timer_initCaptureCombinedMode), (8 bytes).
    Removing dl_timer.o(.text.DL_Timer_initCompareMode), (168 bytes).
    Removing dl_timer.o(.ARM.exidx.text.DL_Timer_initCompareMode), (8 bytes).
    Removing dl_timer.o(.text.DL_Timer_initCompareTriggerMode), (112 bytes).
    Removing dl_timer.o(.ARM.exidx.text.DL_Timer_initCompareTriggerMode), (8 bytes).
    Removing dl_timer.o(.text.DL_Timer_getCaptureCompareValue), (16 bytes).
    Removing dl_timer.o(.ARM.exidx.text.DL_Timer_getCaptureCompareValue), (8 bytes).
    Removing dl_timer.o(.text.DL_Timer_getCaptureCompareCtl), (24 bytes).
    Removing dl_timer.o(.ARM.exidx.text.DL_Timer_getCaptureCompareCtl), (8 bytes).
    Removing dl_timer.o(.text.DL_Timer_setSecondCompSrcDn), (28 bytes).
    Removing dl_timer.o(.ARM.exidx.text.DL_Timer_setSecondCompSrcDn), (8 bytes).
    Removing dl_timer.o(.text.DL_Timer_getSecondCompSrcDn), (20 bytes).
    Removing dl_timer.o(.ARM.exidx.text.DL_Timer_getSecondCompSrcDn), (8 bytes).
    Removing dl_timer.o(.text.DL_Timer_setSecondCompSrcUp), (28 bytes).
    Removing dl_timer.o(.ARM.exidx.text.DL_Timer_setSecondCompSrcUp), (8 bytes).
    Removing dl_timer.o(.text.DL_Timer_getSecondCompSrcUp), (20 bytes).
    Removing dl_timer.o(.ARM.exidx.text.DL_Timer_getSecondCompSrcUp), (8 bytes).
    Removing dl_timer.o(.text.DL_Timer_setSecondCompActionDn), (28 bytes).
    Removing dl_timer.o(.ARM.exidx.text.DL_Timer_setSecondCompActionDn), (8 bytes).
    Removing dl_timer.o(.text.DL_Timer_getSecondCompActionDn), (20 bytes).
    Removing dl_timer.o(.ARM.exidx.text.DL_Timer_getSecondCompActionDn), (8 bytes).
    Removing dl_timer.o(.text.DL_Timer_setSecondCompActionUp), (28 bytes).
    Removing dl_timer.o(.ARM.exidx.text.DL_Timer_setSecondCompActionUp), (8 bytes).
    Removing dl_timer.o(.text.DL_Timer_getSecondCompActionUp), (20 bytes).
    Removing dl_timer.o(.ARM.exidx.text.DL_Timer_getSecondCompActionUp), (8 bytes).
    Removing dl_timer.o(.text.DL_Timer_enableSuppressionOfCompEvent), (24 bytes).
    Removing dl_timer.o(.ARM.exidx.text.DL_Timer_enableSuppressionOfCompEvent), (8 bytes).
    Removing dl_timer.o(.text.DL_Timer_disableSuppressionOfCompEvent), (24 bytes).
    Removing dl_timer.o(.ARM.exidx.text.DL_Timer_disableSuppressionOfCompEvent), (8 bytes).
    Removing dl_timer.o(.ARM.exidx.text.DL_Timer_setCaptCompUpdateMethod), (8 bytes).
    Removing dl_timer.o(.text.DL_Timer_getCaptCompUpdateMethod), (20 bytes).
    Removing dl_timer.o(.ARM.exidx.text.DL_Timer_getCaptCompUpdateMethod), (8 bytes).
    Removing dl_timer.o(.ARM.exidx.text.DL_Timer_setCaptureCompareOutCtl), (8 bytes).
    Removing dl_timer.o(.text.DL_Timer_getCaptureCompareOutCtl), (16 bytes).
    Removing dl_timer.o(.ARM.exidx.text.DL_Timer_getCaptureCompareOutCtl), (8 bytes).
    Removing dl_timer.o(.text.DL_Timer_setCaptureCompareAction), (36 bytes).
    Removing dl_timer.o(.ARM.exidx.text.DL_Timer_setCaptureCompareAction), (8 bytes).
    Removing dl_timer.o(.text.DL_Timer_getCaptureCompareAction), (24 bytes).
    Removing dl_timer.o(.ARM.exidx.text.DL_Timer_getCaptureCompareAction), (8 bytes).
    Removing dl_timer.o(.text.DL_Timer_overrideCCPOut), (32 bytes).
    Removing dl_timer.o(.ARM.exidx.text.DL_Timer_overrideCCPOut), (8 bytes).
    Removing dl_timer.o(.text.DL_Timer_getCaptureCompareInput), (16 bytes).
    Removing dl_timer.o(.ARM.exidx.text.DL_Timer_getCaptureCompareInput), (8 bytes).
    Removing dl_timer.o(.text.DL_Timer_setCaptureCompareInputFilter), (28 bytes).
    Removing dl_timer.o(.ARM.exidx.text.DL_Timer_setCaptureCompareInputFilter), (8 bytes).
    Removing dl_timer.o(.text.DL_Timer_getCaptureCompareInputFilter), (18 bytes).
    Removing dl_timer.o(.ARM.exidx.text.DL_Timer_getCaptureCompareInputFilter), (8 bytes).
    Removing dl_timer.o(.text.DL_Timer_enableCaptureCompareInputFilter), (20 bytes).
    Removing dl_timer.o(.ARM.exidx.text.DL_Timer_enableCaptureCompareInputFilter), (8 bytes).
    Removing dl_timer.o(.text.DL_Timer_disableCaptureCompareInputFilter), (20 bytes).
    Removing dl_timer.o(.ARM.exidx.text.DL_Timer_disableCaptureCompareInputFilter), (8 bytes).
    Removing dl_timer.o(.text.DL_Timer_isCaptureCompareInputFilterEnabled), (20 bytes).
    Removing dl_timer.o(.ARM.exidx.text.DL_Timer_isCaptureCompareInputFilterEnabled), (8 bytes).
    Removing dl_timer.o(.text.DL_Timer_saveConfiguration), (236 bytes).
    Removing dl_timer.o(.ARM.exidx.text.DL_Timer_saveConfiguration), (8 bytes).
    Removing dl_timer.o(.text.DL_Timer_restoreConfiguration), (244 bytes).
    Removing dl_timer.o(.ARM.exidx.text.DL_Timer_restoreConfiguration), (8 bytes).
    Removing dl_timer.o(.ARM.exidx.text.DL_Timer_initFourCCPWMMode), (8 bytes).
    Removing dl_timer.o(.text.DL_Timer_setFaultSourceConfig), (44 bytes).
    Removing dl_timer.o(.ARM.exidx.text.DL_Timer_setFaultSourceConfig), (8 bytes).
    Removing dl_timer.o(.text.DL_Timer_getFaultSourceConfig), (32 bytes).
    Removing dl_timer.o(.ARM.exidx.text.DL_Timer_getFaultSourceConfig), (8 bytes).
    Removing dl_timer.o(.text.DL_TimerA_saveConfiguration), (264 bytes).
    Removing dl_timer.o(.ARM.exidx.text.DL_TimerA_saveConfiguration), (8 bytes).
    Removing dl_timer.o(.text.DL_TimerA_restoreConfiguration), (276 bytes).
    Removing dl_timer.o(.ARM.exidx.text.DL_TimerA_restoreConfiguration), (8 bytes).
    Removing dl_timer.o(.text.DL_Timer_configQEIHallInputMode), (36 bytes).
    Removing dl_timer.o(.ARM.exidx.text.DL_Timer_configQEIHallInputMode), (8 bytes).
    Removing dl_timer.o(.rodata..Lswitch.table.DL_Timer_initCompareMode), (12 bytes).

258 unused section(s) (total 11050 bytes) removed from the image.

==============================================================================

Image Symbol Table

    Local Symbols

    Symbol Name                              Value     Ov Type        Size  Object(Section)

    ../clib/angel/boardlib.s                 0x00000000   Number         0  boardinit1.o ABSOLUTE
    ../clib/angel/boardlib.s                 0x00000000   Number         0  boardinit2.o ABSOLUTE
    ../clib/angel/boardlib.s                 0x00000000   Number         0  boardinit3.o ABSOLUTE
    ../clib/angel/boardlib.s                 0x00000000   Number         0  boardshut.o ABSOLUTE
    ../clib/angel/handlers.s                 0x00000000   Number         0  __scatter_zi.o ABSOLUTE
    ../clib/angel/kernel.s                   0x00000000   Number         0  __rtentry.o ABSOLUTE
    ../clib/angel/kernel.s                   0x00000000   Number         0  __rtentry2.o ABSOLUTE
    ../clib/angel/kernel.s                   0x00000000   Number         0  __rtentry4.o ABSOLUTE
    ../clib/angel/kernel.s                   0x00000000   Number         0  rtexit.o ABSOLUTE
    ../clib/angel/kernel.s                   0x00000000   Number         0  rtexit2.o ABSOLUTE
    ../clib/angel/rt.s                       0x00000000   Number         0  rt_raise.o ABSOLUTE
    ../clib/angel/scatterp.s                 0x00000000   Number         0  __scatter.o ABSOLUTE
    ../clib/angel/startup.s                  0x00000000   Number         0  __main.o ABSOLUTE
    ../clib/angel/sys.s                      0x00000000   Number         0  sys_stackheap_outer.o ABSOLUTE
    ../clib/angel/sys.s                      0x00000000   Number         0  libspace.o ABSOLUTE
    ../clib/angel/sys.s                      0x00000000   Number         0  tempstk.o ABSOLUTE
    ../clib/angel/sys.s                      0x00000000   Number         0  use_no_semi.o ABSOLUTE
    ../clib/angel/sys.s                      0x00000000   Number         0  indicate_semi.o ABSOLUTE
    ../clib/angel/sysapp.c                   0x00000000   Number         0  sys_exit.o ABSOLUTE
    ../clib/angel/sysapp.c                   0x00000000   Number         0  sys_exit_hlt.o ABSOLUTE
    ../clib/angel/sysapp.c                   0x00000000   Number         0  sys_command.o ABSOLUTE
    ../clib/angel/sysapp.c                   0x00000000   Number         0  sys_command_hlt.o ABSOLUTE
    ../clib/angel/sysapp.c                   0x00000000   Number         0  sys_wrch.o ABSOLUTE
    ../clib/angel/sysapp.c                   0x00000000   Number         0  sys_wrch_hlt.o ABSOLUTE
    ../clib/armsys.c                         0x00000000   Number         0  argv_veneer.o ABSOLUTE
    ../clib/armsys.c                         0x00000000   Number         0  _get_argv_nomalloc.o ABSOLUTE
    ../clib/armsys.c                         0x00000000   Number         0  no_argv.o ABSOLUTE
    ../clib/heapalloc.c                      0x00000000   Number         0  hrguard.o ABSOLUTE
    ../clib/heapaux.c                        0x00000000   Number         0  heapauxi.o ABSOLUTE
    ../clib/libinit.s                        0x00000000   Number         0  libinit.o ABSOLUTE
    ../clib/libinit.s                        0x00000000   Number         0  libinit2.o ABSOLUTE
    ../clib/libinit.s                        0x00000000   Number         0  libshutdown.o ABSOLUTE
    ../clib/libinit.s                        0x00000000   Number         0  libshutdown2.o ABSOLUTE
    ../clib/memcpset.c                       0x00000000   Number         0  rt_memcpy.o ABSOLUTE
    ../clib/memcpset.c                       0x00000000   Number         0  rt_memcpy.o ABSOLUTE
    ../clib/memcpset.c                       0x00000000   Number         0  rt_memclr.o ABSOLUTE
    ../clib/signal.c                         0x00000000   Number         0  defsig_rtmem_outer.o ABSOLUTE
    ../clib/signal.c                         0x00000000   Number         0  defsig_rtmem_formal.o ABSOLUTE
    ../clib/signal.c                         0x00000000   Number         0  defsig_exit.o ABSOLUTE
    ../clib/signal.c                         0x00000000   Number         0  defsig_rtmem_inner.o ABSOLUTE
    ../clib/signal.c                         0x00000000   Number         0  __raise.o ABSOLUTE
    ../clib/signal.c                         0x00000000   Number         0  defsig_general.o ABSOLUTE
    ../clib/signal.c                         0x00000000   Number         0  defsig_abrt_inner.o ABSOLUTE
    ../clib/signal.c                         0x00000000   Number         0  defsig_fpe_inner.o ABSOLUTE
    ../clib/signal.c                         0x00000000   Number         0  defsig_rtred_inner.o ABSOLUTE
    ../clib/signal.c                         0x00000000   Number         0  defsig_stak_inner.o ABSOLUTE
    ../clib/signal.c                         0x00000000   Number         0  defsig_pvfn_inner.o ABSOLUTE
    ../clib/signal.c                         0x00000000   Number         0  defsig_cppl_inner.o ABSOLUTE
    ../clib/signal.c                         0x00000000   Number         0  defsig_segv_inner.o ABSOLUTE
    ../clib/signal.c                         0x00000000   Number         0  defsig_other.o ABSOLUTE
    ../clib/signal.s                         0x00000000   Number         0  defsig.o ABSOLUTE
    ../clib/stdlib.c                         0x00000000   Number         0  exit.o ABSOLUTE
    ../fplib/cfplib/cmp.c                    0x00000000   Number         0  fcmp.o ABSOLUTE
    ../fplib/cfplib/cmpret.c                 0x00000000   Number         0  cmpret.o ABSOLUTE
    ../fplib/cfplib/fcmpin.c                 0x00000000   Number         0  fcmpin.o ABSOLUTE
    ../fplib/cfplib/fdiv.c                   0x00000000   Number         0  fdiv.o ABSOLUTE
    ../fplib/cfplib/ffix.c                   0x00000000   Number         0  ffixui.o ABSOLUTE
    ../fplib/cfplib/fflt.c                   0x00000000   Number         0  fflti.o ABSOLUTE
    ../fplib/cfplib/fpinit.c                 0x00000000   Number         0  fpinit.o ABSOLUTE
    ../fplib/cfplib/nan2.c                   0x00000000   Number         0  fnan2.o ABSOLUTE
    ../fplib/cfplib/retnan.c                 0x00000000   Number         0  retnan.o ABSOLUTE
    ../fplib/faddsub6m.s                     0x00000000   Number         0  faddsub.o ABSOLUTE
    ../fplib/feqf6m.s                        0x00000000   Number         0  feqf.o ABSOLUTE
    ../fplib/fgeqf6m.s                       0x00000000   Number         0  fgef.o ABSOLUTE
    ../fplib/fleqf6m.s                       0x00000000   Number         0  flef.o ABSOLUTE
    ../fplib/fmul6m.s                        0x00000000   Number         0  fmul.o ABSOLUTE
    ../fplib/usenofp.s                       0x00000000   Number         0  usenofp.o ABSOLUTE
    dc.s                                     0x00000000   Number         0  dc.o ABSOLUTE
    dl_adc12.c                               0x00000000   Number         0  dl_adc12.o ABSOLUTE
    dl_common.c                              0x00000000   Number         0  dl_common.o ABSOLUTE
    dl_timer.c                               0x00000000   Number         0  dl_timer.o ABSOLUTE
    driver_ssd1306.c                         0x00000000   Number         0  driver_ssd1306.o ABSOLUTE
    driver_ssd1306_interface_mspm0.c         0x00000000   Number         0  driver_ssd1306_interface_mspm0.o ABSOLUTE
    main.c                                   0x00000000   Number         0  main.o ABSOLUTE
    pid.c                                    0x00000000   Number         0  pid.o ABSOLUTE
    pid_delta.c                              0x00000000   Number         0  pid_delta.o ABSOLUTE
    startup_mspm0g350x_uvision.s             0x00000000   Number         0  startup_mspm0g350x_uvision.o ABSOLUTE
    ti_msp_dl_config.c                       0x00000000   Number         0  ti_msp_dl_config.o ABSOLUTE
    RESET                                    0x00000000   Section      192  startup_mspm0g350x_uvision.o(RESET)
    !!!main                                  0x000000c0   Section        8  __main.o(!!!main)
    !!!scatter                               0x000000c8   Section       84  __scatter.o(!!!scatter)
    !!handler_null                           0x00000120   Section        2  __scatter.o(!!handler_null)
    !!handler_zi                             0x00000128   Section       28  __scatter_zi.o(!!handler_zi)
    .ARM.Collect$$libinit$$00000000          0x00000144   Section        2  libinit.o(.ARM.Collect$$libinit$$00000000)
    .ARM.Collect$$libinit$$00000002          0x00000146   Section        0  libinit2.o(.ARM.Collect$$libinit$$00000002)
    .ARM.Collect$$libinit$$00000004          0x00000146   Section        0  libinit2.o(.ARM.Collect$$libinit$$00000004)
    .ARM.Collect$$libinit$$00000006          0x00000146   Section        0  libinit2.o(.ARM.Collect$$libinit$$00000006)
    .ARM.Collect$$libinit$$0000000C          0x00000146   Section        0  libinit2.o(.ARM.Collect$$libinit$$0000000C)
    .ARM.Collect$$libinit$$0000000E          0x00000146   Section        0  libinit2.o(.ARM.Collect$$libinit$$0000000E)
    .ARM.Collect$$libinit$$00000010          0x00000146   Section        0  libinit2.o(.ARM.Collect$$libinit$$00000010)
    .ARM.Collect$$libinit$$00000013          0x00000146   Section        0  libinit2.o(.ARM.Collect$$libinit$$00000013)
    .ARM.Collect$$libinit$$00000015          0x00000146   Section        0  libinit2.o(.ARM.Collect$$libinit$$00000015)
    .ARM.Collect$$libinit$$00000017          0x00000146   Section        0  libinit2.o(.ARM.Collect$$libinit$$00000017)
    .ARM.Collect$$libinit$$00000019          0x00000146   Section        0  libinit2.o(.ARM.Collect$$libinit$$00000019)
    .ARM.Collect$$libinit$$0000001B          0x00000146   Section        0  libinit2.o(.ARM.Collect$$libinit$$0000001B)
    .ARM.Collect$$libinit$$0000001D          0x00000146   Section        0  libinit2.o(.ARM.Collect$$libinit$$0000001D)
    .ARM.Collect$$libinit$$0000001F          0x00000146   Section        0  libinit2.o(.ARM.Collect$$libinit$$0000001F)
    .ARM.Collect$$libinit$$00000021          0x00000146   Section        0  libinit2.o(.ARM.Collect$$libinit$$00000021)
    .ARM.Collect$$libinit$$00000023          0x00000146   Section        0  libinit2.o(.ARM.Collect$$libinit$$00000023)
    .ARM.Collect$$libinit$$00000025          0x00000146   Section        0  libinit2.o(.ARM.Collect$$libinit$$00000025)
    .ARM.Collect$$libinit$$00000027          0x00000146   Section        0  libinit2.o(.ARM.Collect$$libinit$$00000027)
    .ARM.Collect$$libinit$$0000002E          0x00000146   Section        0  libinit2.o(.ARM.Collect$$libinit$$0000002E)
    .ARM.Collect$$libinit$$00000030          0x00000146   Section        0  libinit2.o(.ARM.Collect$$libinit$$00000030)
    .ARM.Collect$$libinit$$00000032          0x00000146   Section        0  libinit2.o(.ARM.Collect$$libinit$$00000032)
    .ARM.Collect$$libinit$$00000034          0x00000146   Section        0  libinit2.o(.ARM.Collect$$libinit$$00000034)
    .ARM.Collect$$libinit$$00000035          0x00000146   Section        2  libinit2.o(.ARM.Collect$$libinit$$00000035)
    .ARM.Collect$$libshutdown$$00000000      0x00000148   Section        2  libshutdown.o(.ARM.Collect$$libshutdown$$00000000)
    .ARM.Collect$$libshutdown$$00000002      0x0000014a   Section        0  libshutdown2.o(.ARM.Collect$$libshutdown$$00000002)
    .ARM.Collect$$libshutdown$$00000004      0x0000014a   Section        0  libshutdown2.o(.ARM.Collect$$libshutdown$$00000004)
    .ARM.Collect$$libshutdown$$00000007      0x0000014a   Section        0  libshutdown2.o(.ARM.Collect$$libshutdown$$00000007)
    .ARM.Collect$$libshutdown$$0000000A      0x0000014a   Section        0  libshutdown2.o(.ARM.Collect$$libshutdown$$0000000A)
    .ARM.Collect$$libshutdown$$0000000C      0x0000014a   Section        0  libshutdown2.o(.ARM.Collect$$libshutdown$$0000000C)
    .ARM.Collect$$libshutdown$$0000000F      0x0000014a   Section        0  libshutdown2.o(.ARM.Collect$$libshutdown$$0000000F)
    .ARM.Collect$$libshutdown$$00000010      0x0000014a   Section        2  libshutdown2.o(.ARM.Collect$$libshutdown$$00000010)
    .ARM.Collect$$rtentry$$00000000          0x0000014c   Section        0  __rtentry.o(.ARM.Collect$$rtentry$$00000000)
    .ARM.Collect$$rtentry$$00000002          0x0000014c   Section        0  __rtentry2.o(.ARM.Collect$$rtentry$$00000002)
    .ARM.Collect$$rtentry$$00000004          0x0000014c   Section        6  __rtentry4.o(.ARM.Collect$$rtentry$$00000004)
    .ARM.Collect$$rtentry$$00000009          0x00000152   Section        0  __rtentry2.o(.ARM.Collect$$rtentry$$00000009)
    .ARM.Collect$$rtentry$$0000000A          0x00000152   Section        4  __rtentry2.o(.ARM.Collect$$rtentry$$0000000A)
    .ARM.Collect$$rtentry$$0000000C          0x00000156   Section        0  __rtentry2.o(.ARM.Collect$$rtentry$$0000000C)
    .ARM.Collect$$rtentry$$0000000D          0x00000156   Section        8  __rtentry2.o(.ARM.Collect$$rtentry$$0000000D)
    .ARM.Collect$$rtexit$$00000000           0x0000015e   Section        2  rtexit.o(.ARM.Collect$$rtexit$$00000000)
    .ARM.Collect$$rtexit$$00000002           0x00000160   Section        0  rtexit2.o(.ARM.Collect$$rtexit$$00000002)
    .ARM.Collect$$rtexit$$00000003           0x00000160   Section        4  rtexit2.o(.ARM.Collect$$rtexit$$00000003)
    .ARM.Collect$$rtexit$$00000004           0x00000164   Section        6  rtexit2.o(.ARM.Collect$$rtexit$$00000004)
    .text                                    0x0000016c   Section       44  startup_mspm0g350x_uvision.o(.text)
    .text                                    0x00000198   Section        0  rt_memclr.o(.text)
    .text                                    0x000001d8   Section        0  heapauxi.o(.text)
    .text                                    0x000001e0   Section        0  fdiv.o(.text)
    .text                                    0x00000340   Section        0  ffixui.o(.text)
    .text                                    0x00000370   Section        0  fflti.o(.text)
    .text                                    0x000003d0   Section        0  fcmpin.o(.text)
    .text                                    0x00000434   Section       62  sys_stackheap_outer.o(.text)
    .text                                    0x00000472   Section        0  exit.o(.text)
    .text                                    0x00000482   Section        0  cmpret.o(.text)
    .text                                    0x000004b0   Section        0  fnan2.o(.text)
    .text                                    0x000004c0   Section        8  libspace.o(.text)
    .text                                    0x000004c8   Section        0  retnan.o(.text)
    .text                                    0x00000528   Section        0  sys_exit.o(.text)
    .text                                    0x00000534   Section        2  use_no_semi.o(.text)
    .text                                    0x00000536   Section        0  indicate_semi.o(.text)
    [Anonymous Symbol]                       0x00000538   Section        0  main.o(.text.ADC0_IRQHandler)
    __arm_cp.4_0                             0x00000540   Number         4  main.o(.text.ADC0_IRQHandler)
    [Anonymous Symbol]                       0x00000544   Section        0  dl_adc12.o(.text.DL_ADC12_setClockConfig)
    __arm_cp.0_0                             0x0000057c   Number         4  dl_adc12.o(.text.DL_ADC12_setClockConfig)
    __arm_cp.0_1                             0x00000580   Number         4  dl_adc12.o(.text.DL_ADC12_setClockConfig)
    [Anonymous Symbol]                       0x00000584   Section        0  dl_common.o(.text.DL_Common_delayCycles)
    [Anonymous Symbol]                       0x00000590   Section        0  dl_timer.o(.text.DL_Timer_initFourCCPWMMode)
    __arm_cp.38_0                            0x00000684   Number         4  dl_timer.o(.text.DL_Timer_initFourCCPWMMode)
    __arm_cp.38_1                            0x00000688   Number         4  dl_timer.o(.text.DL_Timer_initFourCCPWMMode)
    __arm_cp.38_2                            0x0000068c   Number         4  dl_timer.o(.text.DL_Timer_initFourCCPWMMode)
    __arm_cp.38_3                            0x00000690   Number         4  dl_timer.o(.text.DL_Timer_initFourCCPWMMode)
    __arm_cp.38_4                            0x00000694   Number         4  dl_timer.o(.text.DL_Timer_initFourCCPWMMode)
    __arm_cp.38_5                            0x00000698   Number         4  dl_timer.o(.text.DL_Timer_initFourCCPWMMode)
    __arm_cp.38_6                            0x0000069c   Number         4  dl_timer.o(.text.DL_Timer_initFourCCPWMMode)
    [Anonymous Symbol]                       0x000006a0   Section        0  dl_timer.o(.text.DL_Timer_setCaptCompUpdateMethod)
    __arm_cp.23_0                            0x000006b8   Number         4  dl_timer.o(.text.DL_Timer_setCaptCompUpdateMethod)
    [Anonymous Symbol]                       0x000006bc   Section        0  dl_timer.o(.text.DL_Timer_setCaptureCompareOutCtl)
    __arm_cp.25_0                            0x000006d0   Number         4  dl_timer.o(.text.DL_Timer_setCaptureCompareOutCtl)
    [Anonymous Symbol]                       0x000006d4   Section        0  dl_timer.o(.text.DL_Timer_setCaptureCompareValue)
    __arm_cp.3_0                             0x000006e0   Number         4  dl_timer.o(.text.DL_Timer_setCaptureCompareValue)
    [Anonymous Symbol]                       0x000006e4   Section        0  dl_timer.o(.text.DL_Timer_setClockConfig)
    __arm_cp.0_0                             0x000006fc   Number         4  dl_timer.o(.text.DL_Timer_setClockConfig)
    [Anonymous Symbol]                       0x00000700   Section        0  ti_msp_dl_config.o(.text.SYSCFG_DL_ADC_SENSE_init)
    __arm_cp.5_0                             0x00000748   Number         4  ti_msp_dl_config.o(.text.SYSCFG_DL_ADC_SENSE_init)
    __arm_cp.5_1                             0x0000074c   Number         4  ti_msp_dl_config.o(.text.SYSCFG_DL_ADC_SENSE_init)
    __arm_cp.5_2                             0x00000750   Number         4  ti_msp_dl_config.o(.text.SYSCFG_DL_ADC_SENSE_init)
    __arm_cp.5_3                             0x00000754   Number         4  ti_msp_dl_config.o(.text.SYSCFG_DL_ADC_SENSE_init)
    __arm_cp.5_4                             0x00000758   Number         4  ti_msp_dl_config.o(.text.SYSCFG_DL_ADC_SENSE_init)
    __arm_cp.5_5                             0x0000075c   Number         4  ti_msp_dl_config.o(.text.SYSCFG_DL_ADC_SENSE_init)
    [Anonymous Symbol]                       0x00000760   Section        0  ti_msp_dl_config.o(.text.SYSCFG_DL_GPIO_init)
    __arm_cp.2_0                             0x000007c0   Number         4  ti_msp_dl_config.o(.text.SYSCFG_DL_GPIO_init)
    __arm_cp.2_1                             0x000007c4   Number         4  ti_msp_dl_config.o(.text.SYSCFG_DL_GPIO_init)
    __arm_cp.2_2                             0x000007c8   Number         4  ti_msp_dl_config.o(.text.SYSCFG_DL_GPIO_init)
    __arm_cp.2_3                             0x000007cc   Number         4  ti_msp_dl_config.o(.text.SYSCFG_DL_GPIO_init)
    __arm_cp.2_4                             0x000007d0   Number         4  ti_msp_dl_config.o(.text.SYSCFG_DL_GPIO_init)
    __arm_cp.2_5                             0x000007d4   Number         4  ti_msp_dl_config.o(.text.SYSCFG_DL_GPIO_init)
    [Anonymous Symbol]                       0x000007d8   Section        0  ti_msp_dl_config.o(.text.SYSCFG_DL_PWM_CHG_init)
    __arm_cp.4_0                             0x00000830   Number         4  ti_msp_dl_config.o(.text.SYSCFG_DL_PWM_CHG_init)
    __arm_cp.4_1                             0x00000834   Number         4  ti_msp_dl_config.o(.text.SYSCFG_DL_PWM_CHG_init)
    __arm_cp.4_2                             0x00000838   Number         4  ti_msp_dl_config.o(.text.SYSCFG_DL_PWM_CHG_init)
    __arm_cp.4_3                             0x0000083c   Number         4  ti_msp_dl_config.o(.text.SYSCFG_DL_PWM_CHG_init)
    __arm_cp.4_4                             0x00000840   Number         4  ti_msp_dl_config.o(.text.SYSCFG_DL_PWM_CHG_init)
    __arm_cp.4_5                             0x00000844   Number         4  ti_msp_dl_config.o(.text.SYSCFG_DL_PWM_CHG_init)
    __arm_cp.4_6                             0x00000848   Number         4  ti_msp_dl_config.o(.text.SYSCFG_DL_PWM_CHG_init)
    [Anonymous Symbol]                       0x0000084c   Section        0  ti_msp_dl_config.o(.text.SYSCFG_DL_SYSCTL_init)
    __arm_cp.3_0                             0x00000884   Number         4  ti_msp_dl_config.o(.text.SYSCFG_DL_SYSCTL_init)
    __arm_cp.3_1                             0x00000888   Number         4  ti_msp_dl_config.o(.text.SYSCFG_DL_SYSCTL_init)
    [Anonymous Symbol]                       0x0000088c   Section        0  ti_msp_dl_config.o(.text.SYSCFG_DL_SYSTICK_init)
    [Anonymous Symbol]                       0x00000890   Section        0  ti_msp_dl_config.o(.text.SYSCFG_DL_init)
    __arm_cp.0_0                             0x000008b4   Number         4  ti_msp_dl_config.o(.text.SYSCFG_DL_init)
    [Anonymous Symbol]                       0x000008b8   Section        0  ti_msp_dl_config.o(.text.SYSCFG_DL_initPower)
    __arm_cp.1_0                             0x000008e0   Number         4  ti_msp_dl_config.o(.text.SYSCFG_DL_initPower)
    __arm_cp.1_1                             0x000008e4   Number         4  ti_msp_dl_config.o(.text.SYSCFG_DL_initPower)
    __arm_cp.1_2                             0x000008e8   Number         4  ti_msp_dl_config.o(.text.SYSCFG_DL_initPower)
    __arm_cp.1_3                             0x000008ec   Number         4  ti_msp_dl_config.o(.text.SYSCFG_DL_initPower)
    __arm_cp.1_4                             0x000008f0   Number         4  ti_msp_dl_config.o(.text.SYSCFG_DL_initPower)
    __arm_cp.1_5                             0x000008f4   Number         4  ti_msp_dl_config.o(.text.SYSCFG_DL_initPower)
    [Anonymous Symbol]                       0x000008f8   Section        0  main.o(.text.TIMA0_IRQHandler)
    __arm_cp.5_0                             0x00000910   Number         4  main.o(.text.TIMA0_IRQHandler)
    __arm_cp.5_1                             0x00000914   Number         4  main.o(.text.TIMA0_IRQHandler)
    a_iic_send_byte                          0x00000919   Thumb Code   252  driver_ssd1306_interface_mspm0.o(.text.a_iic_send_byte)
    [Anonymous Symbol]                       0x00000918   Section        0  driver_ssd1306_interface_mspm0.o(.text.a_iic_send_byte)
    a_iic_wait_ack                           0x00000a15   Thumb Code   404  driver_ssd1306_interface_mspm0.o(.text.a_iic_wait_ack)
    [Anonymous Symbol]                       0x00000a14   Section        0  driver_ssd1306_interface_mspm0.o(.text.a_iic_wait_ack)
    __arm_cp.4_0                             0x00000ba8   Number         4  driver_ssd1306_interface_mspm0.o(.text.a_iic_wait_ack)
    __arm_cp.4_1                             0x00000bac   Number         4  driver_ssd1306_interface_mspm0.o(.text.a_iic_wait_ack)
    __arm_cp.4_2                             0x00000bb0   Number         4  driver_ssd1306_interface_mspm0.o(.text.a_iic_wait_ack)
    __arm_cp.4_3                             0x00000bb4   Number         4  driver_ssd1306_interface_mspm0.o(.text.a_iic_wait_ack)
    [Anonymous Symbol]                       0x00000bb8   Section        0  pid_delta.o(.text.buck_single_pid_delta_update)
    __arm_cp.6_0                             0x00000c1c   Number         4  pid_delta.o(.text.buck_single_pid_delta_update)
    __arm_cp.6_1                             0x00000c20   Number         4  pid_delta.o(.text.buck_single_pid_delta_update)
    __arm_cp.6_2                             0x00000c24   Number         4  pid_delta.o(.text.buck_single_pid_delta_update)
    __arm_cp.6_3                             0x00000c28   Number         4  pid_delta.o(.text.buck_single_pid_delta_update)
    [Anonymous Symbol]                       0x00000c2c   Section        0  main.o(.text.main)
    __arm_cp.6_0                             0x00000d48   Number         4  main.o(.text.main)
    __arm_cp.6_1                             0x00000d4c   Number         4  main.o(.text.main)
    __arm_cp.6_2                             0x00000d50   Number         4  main.o(.text.main)
    __arm_cp.6_3                             0x00000d54   Number         4  main.o(.text.main)
    __arm_cp.6_4                             0x00000d58   Number         4  main.o(.text.main)
    __arm_cp.6_5                             0x00000d5c   Number         4  main.o(.text.main)
    __arm_cp.6_6                             0x00000d60   Number         4  main.o(.text.main)
    __arm_cp.6_7                             0x00000d64   Number         4  main.o(.text.main)
    __arm_cp.6_8                             0x00000d68   Number         4  main.o(.text.main)
    __arm_cp.6_9                             0x00000d6c   Number         4  main.o(.text.main)
    __arm_cp.6_10                            0x00000d70   Number         4  main.o(.text.main)
    __arm_cp.6_11                            0x00000d74   Number         4  main.o(.text.main)
    __arm_cp.6_12                            0x00000d78   Number         4  main.o(.text.main)
    __arm_cp.6_13                            0x00000d7c   Number         4  main.o(.text.main)
    __arm_cp.6_14                            0x00000d80   Number         4  main.o(.text.main)
    __arm_cp.6_15                            0x00000d84   Number         4  main.o(.text.main)
    __arm_cp.6_17                            0x00000d90   Number         4  main.o(.text.main)
    __arm_cp.6_18                            0x00000d94   Number         4  main.o(.text.main)
    __arm_cp.6_19                            0x00000d98   Number         4  main.o(.text.main)
    [Anonymous Symbol]                       0x00000d9c   Section        0  pid_delta.o(.text.pid_delta_step)
    [Anonymous Symbol]                       0x00000e60   Section        0  driver_ssd1306.o(.text.ssd1306_clear)
    [Anonymous Symbol]                       0x00000f98   Section        0  driver_ssd1306.o(.text.ssd1306_gram_fill_rect)
    __arm_cp.9_0                             0x0000104c   Number         4  driver_ssd1306.o(.text.ssd1306_gram_fill_rect)
    __arm_cp.9_1                             0x00001050   Number         4  driver_ssd1306.o(.text.ssd1306_gram_fill_rect)
    __arm_cp.9_2                             0x00001054   Number         4  driver_ssd1306.o(.text.ssd1306_gram_fill_rect)
    [Anonymous Symbol]                       0x00001058   Section        0  driver_ssd1306.o(.text.ssd1306_gram_update)
    __arm_cp.2_0                             0x0000118c   Number         4  driver_ssd1306.o(.text.ssd1306_gram_update)
    [Anonymous Symbol]                       0x00001190   Section        0  driver_ssd1306.o(.text.ssd1306_gram_write_string)
    __arm_cp.7_0                             0x00001384   Number         4  driver_ssd1306.o(.text.ssd1306_gram_write_string)
    __arm_cp.7_1                             0x00001388   Number         4  driver_ssd1306.o(.text.ssd1306_gram_write_string)
    __arm_cp.7_2                             0x0000138c   Number         4  driver_ssd1306.o(.text.ssd1306_gram_write_string)
    __arm_cp.7_3                             0x00001390   Number         4  driver_ssd1306.o(.text.ssd1306_gram_write_string)
    __arm_cp.7_4                             0x00001394   Number         4  driver_ssd1306.o(.text.ssd1306_gram_write_string)
    [Anonymous Symbol]                       0x00001398   Section        0  driver_ssd1306.o(.text.ssd1306_init)
    __arm_cp.11_2                            0x00001540   Number         4  driver_ssd1306.o(.text.ssd1306_init)
    __arm_cp.11_5                            0x0000157c   Number         4  driver_ssd1306.o(.text.ssd1306_init)
    __arm_cp.11_6                            0x00001580   Number         4  driver_ssd1306.o(.text.ssd1306_init)
    __arm_cp.11_7                            0x00001584   Number         4  driver_ssd1306.o(.text.ssd1306_init)
    __arm_cp.11_8                            0x00001588   Number         4  driver_ssd1306.o(.text.ssd1306_init)
    __arm_cp.11_9                            0x0000158c   Number         4  driver_ssd1306.o(.text.ssd1306_init)
    __arm_cp.11_10                           0x00001590   Number         4  driver_ssd1306.o(.text.ssd1306_init)
    __arm_cp.11_11                           0x00001594   Number         4  driver_ssd1306.o(.text.ssd1306_init)
    __arm_cp.11_12                           0x00001598   Number         4  driver_ssd1306.o(.text.ssd1306_init)
    __arm_cp.11_13                           0x0000159c   Number         4  driver_ssd1306.o(.text.ssd1306_init)
    __arm_cp.11_14                           0x000015a0   Number         4  driver_ssd1306.o(.text.ssd1306_init)
    __arm_cp.11_15                           0x000015a4   Number         4  driver_ssd1306.o(.text.ssd1306_init)
    __arm_cp.11_16                           0x000015a8   Number         4  driver_ssd1306.o(.text.ssd1306_init)
    __arm_cp.11_17                           0x000015ac   Number         4  driver_ssd1306.o(.text.ssd1306_init)
    __arm_cp.11_18                           0x000015b0   Number         4  driver_ssd1306.o(.text.ssd1306_init)
    [Anonymous Symbol]                       0x000015b4   Section        0  driver_ssd1306_interface_mspm0.o(.text.ssd1306_interface_debug_print)
    [Anonymous Symbol]                       0x000015b6   Section        0  driver_ssd1306_interface_mspm0.o(.text.ssd1306_interface_delay_ms)
    [Anonymous Symbol]                       0x000015fa   Section        0  driver_ssd1306_interface_mspm0.o(.text.ssd1306_interface_iic_deinit)
    [Anonymous Symbol]                       0x00001600   Section        0  driver_ssd1306_interface_mspm0.o(.text.ssd1306_interface_iic_init)
    [Anonymous Symbol]                       0x00001620   Section        0  driver_ssd1306_interface_mspm0.o(.text.ssd1306_interface_iic_write)
    __arm_cp.2_3                             0x00001984   Number         4  driver_ssd1306_interface_mspm0.o(.text.ssd1306_interface_iic_write)
    __arm_cp.2_1                             0x00001a5c   Number         4  driver_ssd1306_interface_mspm0.o(.text.ssd1306_interface_iic_write)
    __arm_cp.2_2                             0x00001a60   Number         4  driver_ssd1306_interface_mspm0.o(.text.ssd1306_interface_iic_write)
    [Anonymous Symbol]                       0x00001a64   Section        0  driver_ssd1306_interface_mspm0.o(.text.ssd1306_interface_reset_gpio_deinit)
    [Anonymous Symbol]                       0x00001a68   Section        0  driver_ssd1306_interface_mspm0.o(.text.ssd1306_interface_reset_gpio_init)
    [Anonymous Symbol]                       0x00001a6c   Section        0  driver_ssd1306_interface_mspm0.o(.text.ssd1306_interface_reset_gpio_write)
    __arm_cp.15_0                            0x00001a84   Number         4  driver_ssd1306_interface_mspm0.o(.text.ssd1306_interface_reset_gpio_write)
    [Anonymous Symbol]                       0x00001a88   Section        0  driver_ssd1306_interface_mspm0.o(.text.ssd1306_interface_spi_init)
    [Anonymous Symbol]                       0x00001a8c   Section        0  driver_ssd1306.o(.text.ssd1306_set_addr_pin)
    [Anonymous Symbol]                       0x00001a9c   Section        0  driver_ssd1306.o(.text.ssd1306_set_interface)
    i._fgeq                                  0x00001aac   Section        0  fcmp.o(i._fgeq)
    i._fgr                                   0x00001ac2   Section        0  fcmp.o(i._fgr)
    i._fls                                   0x00001ad8   Section        0  fcmp.o(i._fls)
    x$fpl$fadd                               0x00001af0   Section      140  faddsub.o(x$fpl$fadd)
    _fadd1                                   0x00001afd   Thumb Code     0  faddsub.o(x$fpl$fadd)
    x$fpl$fgeqf                              0x00001b7c   Section       84  fgef.o(x$fpl$fgeqf)
    x$fpl$fleqf                              0x00001bd0   Section       84  flef.o(x$fpl$fleqf)
    x$fpl$fmul                               0x00001c24   Section      176  fmul.o(x$fpl$fmul)
    x$fpl$fsub                               0x00001cd4   Section      208  faddsub.o(x$fpl$fsub)
    _fsub1                                   0x00001ce1   Thumb Code     0  faddsub.o(x$fpl$fsub)
    fdiv_tab                                 0x00001da4   Data          64  fdiv.o(.constdata)
    .constdata                               0x00001da4   Section       64  fdiv.o(.constdata)
    x$fpl$usenofp                            0x00001da4   Section        0  usenofp.o(x$fpl$usenofp)
    gADC_SENSEClockConfig                    0x00001de4   Data           8  ti_msp_dl_config.o(.rodata.gADC_SENSEClockConfig)
    [Anonymous Symbol]                       0x00001de4   Section        0  ti_msp_dl_config.o(.rodata.gADC_SENSEClockConfig)
    gPWM_CHGClockConfig                      0x00001dec   Data           3  ti_msp_dl_config.o(.rodata.gPWM_CHGClockConfig)
    [Anonymous Symbol]                       0x00001dec   Section        0  ti_msp_dl_config.o(.rodata.gPWM_CHGClockConfig)
    gPWM_CHGConfig                           0x00001df0   Data           8  ti_msp_dl_config.o(.rodata.gPWM_CHGConfig)
    [Anonymous Symbol]                       0x00001df0   Section        0  ti_msp_dl_config.o(.rodata.gPWM_CHGConfig)
    gsc_ssd1306_ascii_1206                   0x00001df8   Data        1140  driver_ssd1306.o(.rodata.gsc_ssd1306_ascii_1206)
    [Anonymous Symbol]                       0x00001df8   Section        0  driver_ssd1306.o(.rodata.gsc_ssd1306_ascii_1206)
    gsc_ssd1306_ascii_1608                   0x0000226c   Data        1520  driver_ssd1306.o(.rodata.gsc_ssd1306_ascii_1608)
    [Anonymous Symbol]                       0x0000226c   Section        0  driver_ssd1306.o(.rodata.gsc_ssd1306_ascii_1608)
    gsc_ssd1306_ascii_2412                   0x0000285c   Data        3420  driver_ssd1306.o(.rodata.gsc_ssd1306_ascii_2412)
    [Anonymous Symbol]                       0x0000285c   Section        0  driver_ssd1306.o(.rodata.gsc_ssd1306_ascii_2412)
    [Anonymous Symbol]                       0x000035b8   Section        0  driver_ssd1306.o(.rodata.str1.1)
    .bss                                     0x20200000   Section       96  libspace.o(.bss)
    Heap_Mem                                 0x202005b8   Data           0  startup_mspm0g350x_uvision.o(HEAP)
    Stack_Mem                                0x202005b8   Data         256  startup_mspm0g350x_uvision.o(STACK)
    HEAP                                     0x202005b8   Section        0  startup_mspm0g350x_uvision.o(HEAP)
    STACK                                    0x202005b8   Section      256  startup_mspm0g350x_uvision.o(STACK)
    __initial_sp                             0x202006b8   Data           0  startup_mspm0g350x_uvision.o(STACK)

    Global Symbols

    Symbol Name                              Value     Ov Type        Size  Object(Section)

    BuildAttributes$$THM_ISAv3M$S$PE$A:L22$X:L11$S22$IEEE1$IW$~IW$USESV6$~STKCKD$USESV7$~SHL$OTIME$ROPI$EBA8$UX$STANDARDLIB$REQ8$PRES8$EABIv2 0x00000000   Number         0  anon$$obj.o ABSOLUTE
    __Vectors                                0x00000000   Data           4  startup_mspm0g350x_uvision.o(RESET)
    __ARM_exceptions_init                     - Undefined Weak Reference
    __alloca_initialize                       - Undefined Weak Reference
    __arm_preinit_                            - Undefined Weak Reference
    __arm_relocate_pie_                       - Undefined Weak Reference
    __cpp_initialize__aeabi_                  - Undefined Weak Reference
    __cxa_finalize                            - Undefined Weak Reference
    __rt_locale                               - Undefined Weak Reference
    __sigvec_lookup                           - Undefined Weak Reference
    _atexit_init                              - Undefined Weak Reference
    _call_atexit_fns                          - Undefined Weak Reference
    _clock_init                               - Undefined Weak Reference
    _fp_trap_init                             - Undefined Weak Reference
    _fp_trap_shutdown                         - Undefined Weak Reference
    _get_lc_collate                           - Undefined Weak Reference
    _get_lc_ctype                             - Undefined Weak Reference
    _get_lc_monetary                          - Undefined Weak Reference
    _get_lc_numeric                           - Undefined Weak Reference
    _get_lc_time                              - Undefined Weak Reference
    _getenv_init                              - Undefined Weak Reference
    _handle_redirection                       - Undefined Weak Reference
    _init_alloc                               - Undefined Weak Reference
    _init_user_alloc                          - Undefined Weak Reference
    _initio                                   - Undefined Weak Reference
    _rand_init                                - Undefined Weak Reference
    _signal_finish                            - Undefined Weak Reference
    _signal_init                              - Undefined Weak Reference
    _terminate_alloc                          - Undefined Weak Reference
    _terminate_user_alloc                     - Undefined Weak Reference
    _terminateio                              - Undefined Weak Reference
    __Vectors_End                            0x000000c0   Data           0  startup_mspm0g350x_uvision.o(RESET)
    __Vectors_Size                           0x000000c0   Number         0  startup_mspm0g350x_uvision.o ABSOLUTE
    __main                                   0x000000c1   Thumb Code     8  __main.o(!!!main)
    __scatterload                            0x000000c9   Thumb Code     0  __scatter.o(!!!scatter)
    __scatterload_rt2                        0x000000c9   Thumb Code    74  __scatter.o(!!!scatter)
    __scatterload_rt2_thumb_only             0x000000c9   Thumb Code     0  __scatter.o(!!!scatter)
    __scatterload_loop                       0x000000d3   Thumb Code     0  __scatter.o(!!!scatter)
    __scatterload_null                       0x00000121   Thumb Code     2  __scatter.o(!!handler_null)
    __scatterload_zeroinit                   0x00000129   Thumb Code    28  __scatter_zi.o(!!handler_zi)
    __rt_lib_init                            0x00000145   Thumb Code     0  libinit.o(.ARM.Collect$$libinit$$00000000)
    __rt_lib_init_alloca_1                   0x00000147   Thumb Code     0  libinit2.o(.ARM.Collect$$libinit$$00000030)
    __rt_lib_init_argv_1                     0x00000147   Thumb Code     0  libinit2.o(.ARM.Collect$$libinit$$0000002E)
    __rt_lib_init_atexit_1                   0x00000147   Thumb Code     0  libinit2.o(.ARM.Collect$$libinit$$0000001D)
    __rt_lib_init_clock_1                    0x00000147   Thumb Code     0  libinit2.o(.ARM.Collect$$libinit$$00000023)
    __rt_lib_init_cpp_1                      0x00000147   Thumb Code     0  libinit2.o(.ARM.Collect$$libinit$$00000034)
    __rt_lib_init_exceptions_1               0x00000147   Thumb Code     0  libinit2.o(.ARM.Collect$$libinit$$00000032)
    __rt_lib_init_fp_1                       0x00000147   Thumb Code     0  libinit2.o(.ARM.Collect$$libinit$$00000002)
    __rt_lib_init_fp_trap_1                  0x00000147   Thumb Code     0  libinit2.o(.ARM.Collect$$libinit$$00000021)
    __rt_lib_init_getenv_1                   0x00000147   Thumb Code     0  libinit2.o(.ARM.Collect$$libinit$$00000025)
    __rt_lib_init_heap_1                     0x00000147   Thumb Code     0  libinit2.o(.ARM.Collect$$libinit$$0000000C)
    __rt_lib_init_lc_collate_1               0x00000147   Thumb Code     0  libinit2.o(.ARM.Collect$$libinit$$00000013)
    __rt_lib_init_lc_ctype_1                 0x00000147   Thumb Code     0  libinit2.o(.ARM.Collect$$libinit$$00000015)
    __rt_lib_init_lc_monetary_1              0x00000147   Thumb Code     0  libinit2.o(.ARM.Collect$$libinit$$00000017)
    __rt_lib_init_lc_numeric_1               0x00000147   Thumb Code     0  libinit2.o(.ARM.Collect$$libinit$$00000019)
    __rt_lib_init_lc_time_1                  0x00000147   Thumb Code     0  libinit2.o(.ARM.Collect$$libinit$$0000001B)
    __rt_lib_init_preinit_1                  0x00000147   Thumb Code     0  libinit2.o(.ARM.Collect$$libinit$$00000006)
    __rt_lib_init_rand_1                     0x00000147   Thumb Code     0  libinit2.o(.ARM.Collect$$libinit$$00000010)
    __rt_lib_init_relocate_pie_1             0x00000147   Thumb Code     0  libinit2.o(.ARM.Collect$$libinit$$00000004)
    __rt_lib_init_return                     0x00000147   Thumb Code     0  libinit2.o(.ARM.Collect$$libinit$$00000035)
    __rt_lib_init_signal_1                   0x00000147   Thumb Code     0  libinit2.o(.ARM.Collect$$libinit$$0000001F)
    __rt_lib_init_stdio_1                    0x00000147   Thumb Code     0  libinit2.o(.ARM.Collect$$libinit$$00000027)
    __rt_lib_init_user_alloc_1               0x00000147   Thumb Code     0  libinit2.o(.ARM.Collect$$libinit$$0000000E)
    __rt_lib_shutdown                        0x00000149   Thumb Code     0  libshutdown.o(.ARM.Collect$$libshutdown$$00000000)
    __rt_lib_shutdown_cpp_1                  0x0000014b   Thumb Code     0  libshutdown2.o(.ARM.Collect$$libshutdown$$00000002)
    __rt_lib_shutdown_fp_trap_1              0x0000014b   Thumb Code     0  libshutdown2.o(.ARM.Collect$$libshutdown$$00000007)
    __rt_lib_shutdown_heap_1                 0x0000014b   Thumb Code     0  libshutdown2.o(.ARM.Collect$$libshutdown$$0000000F)
    __rt_lib_shutdown_return                 0x0000014b   Thumb Code     0  libshutdown2.o(.ARM.Collect$$libshutdown$$00000010)
    __rt_lib_shutdown_signal_1               0x0000014b   Thumb Code     0  libshutdown2.o(.ARM.Collect$$libshutdown$$0000000A)
    __rt_lib_shutdown_stdio_1                0x0000014b   Thumb Code     0  libshutdown2.o(.ARM.Collect$$libshutdown$$00000004)
    __rt_lib_shutdown_user_alloc_1           0x0000014b   Thumb Code     0  libshutdown2.o(.ARM.Collect$$libshutdown$$0000000C)
    __rt_entry                               0x0000014d   Thumb Code     0  __rtentry.o(.ARM.Collect$$rtentry$$00000000)
    __rt_entry_presh_1                       0x0000014d   Thumb Code     0  __rtentry2.o(.ARM.Collect$$rtentry$$00000002)
    __rt_entry_sh                            0x0000014d   Thumb Code     0  __rtentry4.o(.ARM.Collect$$rtentry$$00000004)
    __rt_entry_li                            0x00000153   Thumb Code     0  __rtentry2.o(.ARM.Collect$$rtentry$$0000000A)
    __rt_entry_postsh_1                      0x00000153   Thumb Code     0  __rtentry2.o(.ARM.Collect$$rtentry$$00000009)
    __rt_entry_main                          0x00000157   Thumb Code     0  __rtentry2.o(.ARM.Collect$$rtentry$$0000000D)
    __rt_entry_postli_1                      0x00000157   Thumb Code     0  __rtentry2.o(.ARM.Collect$$rtentry$$0000000C)
    __rt_exit                                0x0000015f   Thumb Code     0  rtexit.o(.ARM.Collect$$rtexit$$00000000)
    __rt_exit_ls                             0x00000161   Thumb Code     0  rtexit2.o(.ARM.Collect$$rtexit$$00000003)
    __rt_exit_prels_1                        0x00000161   Thumb Code     0  rtexit2.o(.ARM.Collect$$rtexit$$00000002)
    __rt_exit_exit                           0x00000165   Thumb Code     0  rtexit2.o(.ARM.Collect$$rtexit$$00000004)
    Reset_Handler                            0x0000016d   Thumb Code     4  startup_mspm0g350x_uvision.o(.text)
    NMI_Handler                              0x00000171   Thumb Code     2  startup_mspm0g350x_uvision.o(.text)
    HardFault_Handler                        0x00000173   Thumb Code     2  startup_mspm0g350x_uvision.o(.text)
    SVC_Handler                              0x00000175   Thumb Code     2  startup_mspm0g350x_uvision.o(.text)
    PendSV_Handler                           0x00000177   Thumb Code     2  startup_mspm0g350x_uvision.o(.text)
    SysTick_Handler                          0x00000179   Thumb Code     2  startup_mspm0g350x_uvision.o(.text)
    ADC1_IRQHandler                          0x0000017b   Thumb Code     0  startup_mspm0g350x_uvision.o(.text)
    AES_IRQHandler                           0x0000017b   Thumb Code     0  startup_mspm0g350x_uvision.o(.text)
    CANFD0_IRQHandler                        0x0000017b   Thumb Code     0  startup_mspm0g350x_uvision.o(.text)
    DAC0_IRQHandler                          0x0000017b   Thumb Code     0  startup_mspm0g350x_uvision.o(.text)
    DMA_IRQHandler                           0x0000017b   Thumb Code     0  startup_mspm0g350x_uvision.o(.text)
    Default_Handler                          0x0000017b   Thumb Code     2  startup_mspm0g350x_uvision.o(.text)
    GROUP0_IRQHandler                        0x0000017b   Thumb Code     0  startup_mspm0g350x_uvision.o(.text)
    GROUP1_IRQHandler                        0x0000017b   Thumb Code     0  startup_mspm0g350x_uvision.o(.text)
    I2C0_IRQHandler                          0x0000017b   Thumb Code     0  startup_mspm0g350x_uvision.o(.text)
    I2C1_IRQHandler                          0x0000017b   Thumb Code     0  startup_mspm0g350x_uvision.o(.text)
    RTC_IRQHandler                           0x0000017b   Thumb Code     0  startup_mspm0g350x_uvision.o(.text)
    SPI0_IRQHandler                          0x0000017b   Thumb Code     0  startup_mspm0g350x_uvision.o(.text)
    SPI1_IRQHandler                          0x0000017b   Thumb Code     0  startup_mspm0g350x_uvision.o(.text)
    TIMA1_IRQHandler                         0x0000017b   Thumb Code     0  startup_mspm0g350x_uvision.o(.text)
    TIMG0_IRQHandler                         0x0000017b   Thumb Code     0  startup_mspm0g350x_uvision.o(.text)
    TIMG12_IRQHandler                        0x0000017b   Thumb Code     0  startup_mspm0g350x_uvision.o(.text)
    TIMG6_IRQHandler                         0x0000017b   Thumb Code     0  startup_mspm0g350x_uvision.o(.text)
    TIMG7_IRQHandler                         0x0000017b   Thumb Code     0  startup_mspm0g350x_uvision.o(.text)
    TIMG8_IRQHandler                         0x0000017b   Thumb Code     0  startup_mspm0g350x_uvision.o(.text)
    UART0_IRQHandler                         0x0000017b   Thumb Code     0  startup_mspm0g350x_uvision.o(.text)
    UART1_IRQHandler                         0x0000017b   Thumb Code     0  startup_mspm0g350x_uvision.o(.text)
    UART2_IRQHandler                         0x0000017b   Thumb Code     0  startup_mspm0g350x_uvision.o(.text)
    UART3_IRQHandler                         0x0000017b   Thumb Code     0  startup_mspm0g350x_uvision.o(.text)
    __user_initial_stackheap                 0x0000017d   Thumb Code    10  startup_mspm0g350x_uvision.o(.text)
    _memset_w                                0x00000199   Thumb Code    26  rt_memclr.o(.text)
    _memset                                  0x000001b3   Thumb Code    30  rt_memclr.o(.text)
    __aeabi_memclr                           0x000001d1   Thumb Code     4  rt_memclr.o(.text)
    __rt_memclr                              0x000001d1   Thumb Code     0  rt_memclr.o(.text)
    __aeabi_memclr4                          0x000001d5   Thumb Code     0  rt_memclr.o(.text)
    __aeabi_memclr8                          0x000001d5   Thumb Code     0  rt_memclr.o(.text)
    __rt_memclr_w                            0x000001d5   Thumb Code     4  rt_memclr.o(.text)
    __use_two_region_memory                  0x000001d9   Thumb Code     2  heapauxi.o(.text)
    __rt_heap_escrow$2region                 0x000001db   Thumb Code     2  heapauxi.o(.text)
    __rt_heap_expand$2region                 0x000001dd   Thumb Code     2  heapauxi.o(.text)
    __aeabi_fdiv                             0x000001e1   Thumb Code     0  fdiv.o(.text)
    _fdiv                                    0x000001e1   Thumb Code   334  fdiv.o(.text)
    _frdiv                                   0x0000032f   Thumb Code     8  fdiv.o(.text)
    __aeabi_f2uiz                            0x00000341   Thumb Code     0  ffixui.o(.text)
    _ffixu                                   0x00000341   Thumb Code    48  ffixui.o(.text)
    __aeabi_i2f_normalise                    0x00000371   Thumb Code    72  fflti.o(.text)
    __aeabi_i2f                              0x000003b9   Thumb Code    16  fflti.o(.text)
    _fflt                                    0x000003b9   Thumb Code     0  fflti.o(.text)
    __aeabi_ui2f                             0x000003c9   Thumb Code     6  fflti.o(.text)
    _ffltu                                   0x000003c9   Thumb Code     0  fflti.o(.text)
    __fpl_fcmp_InfNaN                        0x000003d1   Thumb Code    96  fcmpin.o(.text)
    __user_setup_stackheap                   0x00000435   Thumb Code    62  sys_stackheap_outer.o(.text)
    exit                                     0x00000473   Thumb Code    16  exit.o(.text)
    __fpl_cmpreturn                          0x00000483   Thumb Code    46  cmpret.o(.text)
    __fpl_fcheck_NaN2                        0x000004b1   Thumb Code    10  fnan2.o(.text)
    __user_libspace                          0x000004c1   Thumb Code     8  libspace.o(.text)
    __user_perproc_libspace                  0x000004c1   Thumb Code     0  libspace.o(.text)
    __user_perthread_libspace                0x000004c1   Thumb Code     0  libspace.o(.text)
    __fpl_return_NaN                         0x000004c9   Thumb Code    94  retnan.o(.text)
    _sys_exit                                0x00000529   Thumb Code     8  sys_exit.o(.text)
    __I$use$semihosting                      0x00000535   Thumb Code     0  use_no_semi.o(.text)
    __use_no_semihosting_swi                 0x00000535   Thumb Code     2  use_no_semi.o(.text)
    __semihosting_library_function           0x00000537   Thumb Code     0  indicate_semi.o(.text)
    ADC0_IRQHandler                          0x00000539   Thumb Code     8  main.o(.text.ADC0_IRQHandler)
    DL_ADC12_setClockConfig                  0x00000545   Thumb Code    64  dl_adc12.o(.text.DL_ADC12_setClockConfig)
    DL_Common_delayCycles                    0x00000585   Thumb Code    10  dl_common.o(.text.DL_Common_delayCycles)
    DL_Timer_initFourCCPWMMode               0x00000591   Thumb Code   272  dl_timer.o(.text.DL_Timer_initFourCCPWMMode)
    DL_Timer_setCaptCompUpdateMethod         0x000006a1   Thumb Code    28  dl_timer.o(.text.DL_Timer_setCaptCompUpdateMethod)
    DL_Timer_setCaptureCompareOutCtl         0x000006bd   Thumb Code    24  dl_timer.o(.text.DL_Timer_setCaptureCompareOutCtl)
    DL_Timer_setCaptureCompareValue          0x000006d5   Thumb Code    16  dl_timer.o(.text.DL_Timer_setCaptureCompareValue)
    DL_Timer_setClockConfig                  0x000006e5   Thumb Code    28  dl_timer.o(.text.DL_Timer_setClockConfig)
    SYSCFG_DL_ADC_SENSE_init                 0x00000701   Thumb Code    72  ti_msp_dl_config.o(.text.SYSCFG_DL_ADC_SENSE_init)
    SYSCFG_DL_GPIO_init                      0x00000761   Thumb Code    96  ti_msp_dl_config.o(.text.SYSCFG_DL_GPIO_init)
    SYSCFG_DL_PWM_CHG_init                   0x000007d9   Thumb Code    88  ti_msp_dl_config.o(.text.SYSCFG_DL_PWM_CHG_init)
    SYSCFG_DL_SYSCTL_init                    0x0000084d   Thumb Code    56  ti_msp_dl_config.o(.text.SYSCFG_DL_SYSCTL_init)
    SYSCFG_DL_SYSTICK_init                   0x0000088d   Thumb Code     2  ti_msp_dl_config.o(.text.SYSCFG_DL_SYSTICK_init)
    SYSCFG_DL_init                           0x00000891   Thumb Code    36  ti_msp_dl_config.o(.text.SYSCFG_DL_init)
    SYSCFG_DL_initPower                      0x000008b9   Thumb Code    40  ti_msp_dl_config.o(.text.SYSCFG_DL_initPower)
    TIMA0_IRQHandler                         0x000008f9   Thumb Code    24  main.o(.text.TIMA0_IRQHandler)
    buck_single_pid_delta_update             0x00000bb9   Thumb Code   100  pid_delta.o(.text.buck_single_pid_delta_update)
    main                                     0x00000c2d   Thumb Code   284  main.o(.text.main)
    pid_delta_step                           0x00000d9d   Thumb Code   194  pid_delta.o(.text.pid_delta_step)
    ssd1306_clear                            0x00000e61   Thumb Code   312  driver_ssd1306.o(.text.ssd1306_clear)
    ssd1306_gram_fill_rect                   0x00000f99   Thumb Code   180  driver_ssd1306.o(.text.ssd1306_gram_fill_rect)
    ssd1306_gram_update                      0x00001059   Thumb Code   308  driver_ssd1306.o(.text.ssd1306_gram_update)
    ssd1306_gram_write_string                0x00001191   Thumb Code   500  driver_ssd1306.o(.text.ssd1306_gram_write_string)
    ssd1306_init                             0x00001399   Thumb Code   344  driver_ssd1306.o(.text.ssd1306_init)
    ssd1306_interface_debug_print            0x000015b5   Thumb Code     2  driver_ssd1306_interface_mspm0.o(.text.ssd1306_interface_debug_print)
    ssd1306_interface_delay_ms               0x000015b7   Thumb Code    68  driver_ssd1306_interface_mspm0.o(.text.ssd1306_interface_delay_ms)
    ssd1306_interface_iic_deinit             0x000015fb   Thumb Code     4  driver_ssd1306_interface_mspm0.o(.text.ssd1306_interface_iic_deinit)
    ssd1306_interface_iic_init               0x00001601   Thumb Code    32  driver_ssd1306_interface_mspm0.o(.text.ssd1306_interface_iic_init)
    ssd1306_interface_iic_write              0x00001621   Thumb Code  1084  driver_ssd1306_interface_mspm0.o(.text.ssd1306_interface_iic_write)
    ssd1306_interface_reset_gpio_deinit      0x00001a65   Thumb Code     4  driver_ssd1306_interface_mspm0.o(.text.ssd1306_interface_reset_gpio_deinit)
    ssd1306_interface_reset_gpio_init        0x00001a69   Thumb Code     4  driver_ssd1306_interface_mspm0.o(.text.ssd1306_interface_reset_gpio_init)
    ssd1306_interface_reset_gpio_write       0x00001a6d   Thumb Code    24  driver_ssd1306_interface_mspm0.o(.text.ssd1306_interface_reset_gpio_write)
    ssd1306_interface_spi_init               0x00001a89   Thumb Code     4  driver_ssd1306_interface_mspm0.o(.text.ssd1306_interface_spi_init)
    ssd1306_set_addr_pin                     0x00001a8d   Thumb Code    16  driver_ssd1306.o(.text.ssd1306_set_addr_pin)
    ssd1306_set_interface                    0x00001a9d   Thumb Code    16  driver_ssd1306.o(.text.ssd1306_set_interface)
    __aeabi_fcmpge                           0x00001aad   Thumb Code     0  fcmp.o(i._fgeq)
    _fgeq                                    0x00001aad   Thumb Code    22  fcmp.o(i._fgeq)
    __aeabi_fcmpgt                           0x00001ac3   Thumb Code     0  fcmp.o(i._fgr)
    _fgr                                     0x00001ac3   Thumb Code    22  fcmp.o(i._fgr)
    __aeabi_fcmplt                           0x00001ad9   Thumb Code     0  fcmp.o(i._fls)
    _fls                                     0x00001ad9   Thumb Code    22  fcmp.o(i._fls)
    __aeabi_fadd                             0x00001af1   Thumb Code     0  faddsub.o(x$fpl$fadd)
    _fadd                                    0x00001af1   Thumb Code   134  faddsub.o(x$fpl$fadd)
    _fcmpge                                  0x00001b7d   Thumb Code    78  fgef.o(x$fpl$fgeqf)
    __aeabi_cfcmple                          0x00001bd1   Thumb Code     0  flef.o(x$fpl$fleqf)
    _fcmple                                  0x00001bd1   Thumb Code    78  flef.o(x$fpl$fleqf)
    __aeabi_fmul                             0x00001c25   Thumb Code     0  fmul.o(x$fpl$fmul)
    _fmul                                    0x00001c25   Thumb Code   172  fmul.o(x$fpl$fmul)
    __aeabi_fsub                             0x00001cd5   Thumb Code     0  faddsub.o(x$fpl$fsub)
    _fsub                                    0x00001cd5   Thumb Code   204  faddsub.o(x$fpl$fsub)
    __I$use$fp                               0x00001da4   Number         0  usenofp.o(x$fpl$usenofp)
    Region$$Table$$Base                      0x00003960   Number         0  anon$$obj.o(Region$$Table)
    Region$$Table$$Limit                     0x00003970   Number         0  anon$$obj.o(Region$$Table)
    __libspace_start                         0x20200000   Data          96  libspace.o(.bss)
    __temporary_stack_top$libspace           0x20200060   Data           0  libspace.o(.bss)
    buckpid                                  0x20200060   Data          84  main.o(.bss.buckpid)
    gADC_ready                               0x202000b4   Data           1  main.o(.bss.gADC_ready)
    gIsense_adcV                             0x202000b8   Data           4  main.o(.bss.gIsense_adcV)
    gPWM_CHGBackup                           0x202000bc   Data         188  ti_msp_dl_config.o(.bss.gPWM_CHGBackup)
    gVsense_adcV                             0x20200178   Data           4  main.o(.bss.gVsense_adcV)
    g_oled                                   0x2020017c   Data        1084  main.o(.bss.g_oled)



==============================================================================

Memory Map of the image

  Image Entry point : 0x000000c1

  Load Region LR_IROM1 (Base: 0x00000000, Size: 0x00003970, Max: 0x00020000, ABSOLUTE)

    Execution Region ER_IROM1 (Exec base: 0x00000000, Load base: 0x00000000, Size: 0x00003970, Max: 0x00020000, ABSOLUTE)

    Exec Addr    Load Addr    Size         Type   Attr      Idx    E Section Name        Object

    0x00000000   0x00000000   0x000000c0   Data   RO          254    RESET               startup_mspm0g350x_uvision.o
    0x000000c0   0x000000c0   0x00000008   Code   RO          389  * !!!main             c_p.l(__main.o)
    0x000000c8   0x000000c8   0x00000054   Code   RO          598    !!!scatter          c_p.l(__scatter.o)
    0x0000011c   0x0000011c   0x00000004   PAD
    0x00000120   0x00000120   0x00000002   Code   RO          599    !!handler_null      c_p.l(__scatter.o)
    0x00000122   0x00000122   0x00000006   PAD
    0x00000128   0x00000128   0x0000001c   Code   RO          602    !!handler_zi        c_p.l(__scatter_zi.o)
    0x00000144   0x00000144   0x00000002   Code   RO          453    .ARM.Collect$$libinit$$00000000  c_p.l(libinit.o)
    0x00000146   0x00000146   0x00000000   Code   RO          465    .ARM.Collect$$libinit$$00000002  c_p.l(libinit2.o)
    0x00000146   0x00000146   0x00000000   Code   RO          467    .ARM.Collect$$libinit$$00000004  c_p.l(libinit2.o)
    0x00000146   0x00000146   0x00000000   Code   RO          469    .ARM.Collect$$libinit$$00000006  c_p.l(libinit2.o)
    0x00000146   0x00000146   0x00000000   Code   RO          472    .ARM.Collect$$libinit$$0000000C  c_p.l(libinit2.o)
    0x00000146   0x00000146   0x00000000   Code   RO          474    .ARM.Collect$$libinit$$0000000E  c_p.l(libinit2.o)
    0x00000146   0x00000146   0x00000000   Code   RO          476    .ARM.Collect$$libinit$$00000010  c_p.l(libinit2.o)
    0x00000146   0x00000146   0x00000000   Code   RO          479    .ARM.Collect$$libinit$$00000013  c_p.l(libinit2.o)
    0x00000146   0x00000146   0x00000000   Code   RO          481    .ARM.Collect$$libinit$$00000015  c_p.l(libinit2.o)
    0x00000146   0x00000146   0x00000000   Code   RO          483    .ARM.Collect$$libinit$$00000017  c_p.l(libinit2.o)
    0x00000146   0x00000146   0x00000000   Code   RO          485    .ARM.Collect$$libinit$$00000019  c_p.l(libinit2.o)
    0x00000146   0x00000146   0x00000000   Code   RO          487    .ARM.Collect$$libinit$$0000001B  c_p.l(libinit2.o)
    0x00000146   0x00000146   0x00000000   Code   RO          489    .ARM.Collect$$libinit$$0000001D  c_p.l(libinit2.o)
    0x00000146   0x00000146   0x00000000   Code   RO          491    .ARM.Collect$$libinit$$0000001F  c_p.l(libinit2.o)
    0x00000146   0x00000146   0x00000000   Code   RO          493    .ARM.Collect$$libinit$$00000021  c_p.l(libinit2.o)
    0x00000146   0x00000146   0x00000000   Code   RO          495    .ARM.Collect$$libinit$$00000023  c_p.l(libinit2.o)
    0x00000146   0x00000146   0x00000000   Code   RO          497    .ARM.Collect$$libinit$$00000025  c_p.l(libinit2.o)
    0x00000146   0x00000146   0x00000000   Code   RO          499    .ARM.Collect$$libinit$$00000027  c_p.l(libinit2.o)
    0x00000146   0x00000146   0x00000000   Code   RO          503    .ARM.Collect$$libinit$$0000002E  c_p.l(libinit2.o)
    0x00000146   0x00000146   0x00000000   Code   RO          505    .ARM.Collect$$libinit$$00000030  c_p.l(libinit2.o)
    0x00000146   0x00000146   0x00000000   Code   RO          507    .ARM.Collect$$libinit$$00000032  c_p.l(libinit2.o)
    0x00000146   0x00000146   0x00000000   Code   RO          509    .ARM.Collect$$libinit$$00000034  c_p.l(libinit2.o)
    0x00000146   0x00000146   0x00000002   Code   RO          510    .ARM.Collect$$libinit$$00000035  c_p.l(libinit2.o)
    0x00000148   0x00000148   0x00000002   Code   RO          534    .ARM.Collect$$libshutdown$$00000000  c_p.l(libshutdown.o)
    0x0000014a   0x0000014a   0x00000000   Code   RO          549    .ARM.Collect$$libshutdown$$00000002  c_p.l(libshutdown2.o)
    0x0000014a   0x0000014a   0x00000000   Code   RO          551    .ARM.Collect$$libshutdown$$00000004  c_p.l(libshutdown2.o)
    0x0000014a   0x0000014a   0x00000000   Code   RO          554    .ARM.Collect$$libshutdown$$00000007  c_p.l(libshutdown2.o)
    0x0000014a   0x0000014a   0x00000000   Code   RO          557    .ARM.Collect$$libshutdown$$0000000A  c_p.l(libshutdown2.o)
    0x0000014a   0x0000014a   0x00000000   Code   RO          559    .ARM.Collect$$libshutdown$$0000000C  c_p.l(libshutdown2.o)
    0x0000014a   0x0000014a   0x00000000   Code   RO          562    .ARM.Collect$$libshutdown$$0000000F  c_p.l(libshutdown2.o)
    0x0000014a   0x0000014a   0x00000002   Code   RO          563    .ARM.Collect$$libshutdown$$00000010  c_p.l(libshutdown2.o)
    0x0000014c   0x0000014c   0x00000000   Code   RO          418    .ARM.Collect$$rtentry$$00000000  c_p.l(__rtentry.o)
    0x0000014c   0x0000014c   0x00000000   Code   RO          427    .ARM.Collect$$rtentry$$00000002  c_p.l(__rtentry2.o)
    0x0000014c   0x0000014c   0x00000006   Code   RO          439    .ARM.Collect$$rtentry$$00000004  c_p.l(__rtentry4.o)
    0x00000152   0x00000152   0x00000000   Code   RO          429    .ARM.Collect$$rtentry$$00000009  c_p.l(__rtentry2.o)
    0x00000152   0x00000152   0x00000004   Code   RO          430    .ARM.Collect$$rtentry$$0000000A  c_p.l(__rtentry2.o)
    0x00000156   0x00000156   0x00000000   Code   RO          432    .ARM.Collect$$rtentry$$0000000C  c_p.l(__rtentry2.o)
    0x00000156   0x00000156   0x00000008   Code   RO          433    .ARM.Collect$$rtentry$$0000000D  c_p.l(__rtentry2.o)
    0x0000015e   0x0000015e   0x00000002   Code   RO          462    .ARM.Collect$$rtexit$$00000000  c_p.l(rtexit.o)
    0x00000160   0x00000160   0x00000000   Code   RO          514    .ARM.Collect$$rtexit$$00000002  c_p.l(rtexit2.o)
    0x00000160   0x00000160   0x00000004   Code   RO          515    .ARM.Collect$$rtexit$$00000003  c_p.l(rtexit2.o)
    0x00000164   0x00000164   0x00000006   Code   RO          516    .ARM.Collect$$rtexit$$00000004  c_p.l(rtexit2.o)
    0x0000016a   0x0000016a   0x00000002   PAD
    0x0000016c   0x0000016c   0x0000002c   Code   RO          255    .text               startup_mspm0g350x_uvision.o
    0x00000198   0x00000198   0x00000040   Code   RO          385    .text               c_p.l(rt_memclr.o)
    0x000001d8   0x000001d8   0x00000006   Code   RO          387    .text               c_p.l(heapauxi.o)
    0x000001de   0x000001de   0x00000002   PAD
    0x000001e0   0x000001e0   0x00000160   Code   RO          409    .text               fz_ps.l(fdiv.o)
    0x00000340   0x00000340   0x00000030   Code   RO          412    .text               fz_ps.l(ffixui.o)
    0x00000370   0x00000370   0x0000005e   Code   RO          414    .text               fz_ps.l(fflti.o)
    0x000003ce   0x000003ce   0x00000002   PAD
    0x000003d0   0x000003d0   0x00000064   Code   RO          441    .text               fz_ps.l(fcmpin.o)
    0x00000434   0x00000434   0x0000003e   Code   RO          443    .text               c_p.l(sys_stackheap_outer.o)
    0x00000472   0x00000472   0x00000010   Code   RO          446    .text               c_p.l(exit.o)
    0x00000482   0x00000482   0x0000002e   Code   RO          454    .text               fz_ps.l(cmpret.o)
    0x000004b0   0x000004b0   0x00000010   Code   RO          456    .text               fz_ps.l(fnan2.o)
    0x000004c0   0x000004c0   0x00000008   Code   RO          458    .text               c_p.l(libspace.o)
    0x000004c8   0x000004c8   0x0000005e   Code   RO          511    .text               fz_ps.l(retnan.o)
    0x00000526   0x00000526   0x00000002   PAD
    0x00000528   0x00000528   0x0000000c   Code   RO          524    .text               c_p.l(sys_exit.o)
    0x00000534   0x00000534   0x00000002   Code   RO          539    .text               c_p.l(use_no_semi.o)
    0x00000536   0x00000536   0x00000000   Code   RO          541    .text               c_p.l(indicate_semi.o)
    0x00000536   0x00000536   0x00000002   PAD
    0x00000538   0x00000538   0x0000000c   Code   RO           10    .text.ADC0_IRQHandler  main.o
    0x00000544   0x00000544   0x00000040   Code   RO          262    .text.DL_ADC12_setClockConfig  driverlib.a(dl_adc12.o)
    0x00000584   0x00000584   0x0000000a   Code   RO          274    .text.DL_Common_delayCycles  driverlib.a(dl_common.o)
    0x0000058e   0x0000058e   0x00000002   PAD
    0x00000590   0x00000590   0x00000110   Code   RO          359    .text.DL_Timer_initFourCCPWMMode  driverlib.a(dl_timer.o)
    0x000006a0   0x000006a0   0x0000001c   Code   RO          329    .text.DL_Timer_setCaptCompUpdateMethod  driverlib.a(dl_timer.o)
    0x000006bc   0x000006bc   0x00000018   Code   RO          333    .text.DL_Timer_setCaptureCompareOutCtl  driverlib.a(dl_timer.o)
    0x000006d4   0x000006d4   0x00000010   Code   RO          289    .text.DL_Timer_setCaptureCompareValue  driverlib.a(dl_timer.o)
    0x000006e4   0x000006e4   0x0000001c   Code   RO          283    .text.DL_Timer_setClockConfig  driverlib.a(dl_timer.o)
    0x00000700   0x00000700   0x00000060   Code   RO          233    .text.SYSCFG_DL_ADC_SENSE_init  ti_msp_dl_config.o
    0x00000760   0x00000760   0x00000078   Code   RO          227    .text.SYSCFG_DL_GPIO_init  ti_msp_dl_config.o
    0x000007d8   0x000007d8   0x00000074   Code   RO          231    .text.SYSCFG_DL_PWM_CHG_init  ti_msp_dl_config.o
    0x0000084c   0x0000084c   0x00000040   Code   RO          229    .text.SYSCFG_DL_SYSCTL_init  ti_msp_dl_config.o
    0x0000088c   0x0000088c   0x00000002   Code   RO          235    .text.SYSCFG_DL_SYSTICK_init  ti_msp_dl_config.o
    0x0000088e   0x0000088e   0x00000002   PAD
    0x00000890   0x00000890   0x00000028   Code   RO          223    .text.SYSCFG_DL_init  ti_msp_dl_config.o
    0x000008b8   0x000008b8   0x00000040   Code   RO          225    .text.SYSCFG_DL_initPower  ti_msp_dl_config.o
    0x000008f8   0x000008f8   0x00000020   Code   RO           12    .text.TIMA0_IRQHandler  main.o
    0x00000918   0x00000918   0x000000fc   Code   RO          189    .text.a_iic_send_byte  driver_ssd1306_interface_mspm0.o
    0x00000a14   0x00000a14   0x000001a4   Code   RO          191    .text.a_iic_wait_ack  driver_ssd1306_interface_mspm0.o
    0x00000bb8   0x00000bb8   0x00000074   Code   RO           59    .text.buck_single_pid_delta_update  pid_delta.o
    0x00000c2c   0x00000c2c   0x00000170   Code   RO           14    .text.main          main.o
    0x00000d9c   0x00000d9c   0x000000c2   Code   RO           55    .text.pid_delta_step  pid_delta.o
    0x00000e5e   0x00000e5e   0x00000002   PAD
    0x00000e60   0x00000e60   0x00000138   Code   RO           72    .text.ssd1306_clear  driver_ssd1306.o
    0x00000f98   0x00000f98   0x000000c0   Code   RO           90    .text.ssd1306_gram_fill_rect  driver_ssd1306.o
    0x00001058   0x00001058   0x00000138   Code   RO           76    .text.ssd1306_gram_update  driver_ssd1306.o
    0x00001190   0x00001190   0x00000208   Code   RO           86    .text.ssd1306_gram_write_string  driver_ssd1306.o
    0x00001398   0x00001398   0x0000021c   Code   RO           94    .text.ssd1306_init  driver_ssd1306.o
    0x000015b4   0x000015b4   0x00000002   Code   RO          201    .text.ssd1306_interface_debug_print  driver_ssd1306_interface_mspm0.o
    0x000015b6   0x000015b6   0x00000044   Code   RO          199    .text.ssd1306_interface_delay_ms  driver_ssd1306_interface_mspm0.o
    0x000015fa   0x000015fa   0x00000004   Code   RO          185    .text.ssd1306_interface_iic_deinit  driver_ssd1306_interface_mspm0.o
    0x000015fe   0x000015fe   0x00000002   PAD
    0x00001600   0x00001600   0x00000020   Code   RO          183    .text.ssd1306_interface_iic_init  driver_ssd1306_interface_mspm0.o
    0x00001620   0x00001620   0x00000444   Code   RO          187    .text.ssd1306_interface_iic_write  driver_ssd1306_interface_mspm0.o
    0x00001a64   0x00001a64   0x00000004   Code   RO          211    .text.ssd1306_interface_reset_gpio_deinit  driver_ssd1306_interface_mspm0.o
    0x00001a68   0x00001a68   0x00000004   Code   RO          209    .text.ssd1306_interface_reset_gpio_init  driver_ssd1306_interface_mspm0.o
    0x00001a6c   0x00001a6c   0x0000001c   Code   RO          213    .text.ssd1306_interface_reset_gpio_write  driver_ssd1306_interface_mspm0.o
    0x00001a88   0x00001a88   0x00000004   Code   RO          193    .text.ssd1306_interface_spi_init  driver_ssd1306_interface_mspm0.o
    0x00001a8c   0x00001a8c   0x00000010   Code   RO          102    .text.ssd1306_set_addr_pin  driver_ssd1306.o
    0x00001a9c   0x00001a9c   0x00000010   Code   RO           98    .text.ssd1306_set_interface  driver_ssd1306.o
    0x00001aac   0x00001aac   0x00000016   Code   RO          398    i._fgeq             fz_ps.l(fcmp.o)
    0x00001ac2   0x00001ac2   0x00000016   Code   RO          399    i._fgr              fz_ps.l(fcmp.o)
    0x00001ad8   0x00001ad8   0x00000016   Code   RO          401    i._fls              fz_ps.l(fcmp.o)
    0x00001aee   0x00001aee   0x00000002   PAD
    0x00001af0   0x00001af0   0x0000008c   Code   RO          391    x$fpl$fadd          fz_ps.l(faddsub.o)
    0x00001b7c   0x00001b7c   0x00000054   Code   RO          421    x$fpl$fgeqf         fz_ps.l(fgef.o)
    0x00001bd0   0x00001bd0   0x00000054   Code   RO          423    x$fpl$fleqf         fz_ps.l(flef.o)
    0x00001c24   0x00001c24   0x000000b0   Code   RO          416    x$fpl$fmul          fz_ps.l(fmul.o)
    0x00001cd4   0x00001cd4   0x000000d0   Code   RO          393    x$fpl$fsub          fz_ps.l(faddsub.o)
    0x00001da4   0x00001da4   0x00000000   Code   RO          425    x$fpl$usenofp       fz_ps.l(usenofp.o)
    0x00001da4   0x00001da4   0x00000040   Data   RO          410    .constdata          fz_ps.l(fdiv.o)
    0x00001de4   0x00001de4   0x00000008   Data   RO          244    .rodata.gADC_SENSEClockConfig  ti_msp_dl_config.o
    0x00001dec   0x00001dec   0x00000003   Data   RO          242    .rodata.gPWM_CHGClockConfig  ti_msp_dl_config.o
    0x00001def   0x00001def   0x00000001   PAD
    0x00001df0   0x00001df0   0x00000008   Data   RO          243    .rodata.gPWM_CHGConfig  ti_msp_dl_config.o
    0x00001df8   0x00001df8   0x00000474   Data   RO          172    .rodata.gsc_ssd1306_ascii_1206  driver_ssd1306.o
    0x0000226c   0x0000226c   0x000005f0   Data   RO          173    .rodata.gsc_ssd1306_ascii_1608  driver_ssd1306.o
    0x0000285c   0x0000285c   0x00000d5c   Data   RO          174    .rodata.gsc_ssd1306_ascii_2412  driver_ssd1306.o
    0x000035b8   0x000035b8   0x000003a5   Data   RO          170    .rodata.str1.1      driver_ssd1306.o
    0x0000395d   0x0000395d   0x00000003   PAD
    0x00003960   0x00003960   0x00000010   Data   RO          597    Region$$Table       anon$$obj.o


    Execution Region RW_IRAM2 (Exec base: 0x20200000, Load base: 0x00003970, Size: 0x000006b8, Max: 0x00008000, ABSOLUTE)

    Exec Addr    Load Addr    Size         Type   Attr      Idx    E Section Name        Object

    0x20200000        -       0x00000060   Zero   RW          459    .bss                c_p.l(libspace.o)
    0x20200060        -       0x00000054   Zero   RW           21    .bss.buckpid        main.o
    0x202000b4        -       0x00000001   Zero   RW           17    .bss.gADC_ready     main.o
    0x202000b5   0x00003970   0x00000003   PAD
    0x202000b8        -       0x00000004   Zero   RW           19    .bss.gIsense_adcV   main.o
    0x202000bc        -       0x000000bc   Zero   RW          241    .bss.gPWM_CHGBackup  ti_msp_dl_config.o
    0x20200178        -       0x00000004   Zero   RW           18    .bss.gVsense_adcV   main.o
    0x2020017c        -       0x0000043c   Zero   RW           20    .bss.g_oled         main.o
    0x202005b8        -       0x00000000   Zero   RW          253    HEAP                startup_mspm0g350x_uvision.o
    0x202005b8        -       0x00000100   Zero   RW          252    STACK               startup_mspm0g350x_uvision.o



  Load Region LR_BCR (Base: 0x41c00000, Size: 0x00000000, Max: 0x00000100, ABSOLUTE)

    Execution Region BCR_CONFIG (Exec base: 0x41c00000, Load base: 0x41c00000, Size: 0x00000000, Max: 0x00000080, ABSOLUTE)

    **** No section assigned to this execution region ****



  Load Region LR_BSL (Base: 0x41c00100, Size: 0x00000000, Max: 0x00000100, ABSOLUTE)

    Execution Region BSL_CONFIG (Exec base: 0x41c00100, Load base: 0x41c00100, Size: 0x00000000, Max: 0x00000080, ABSOLUTE)

    **** No section assigned to this execution region ****


==============================================================================

Image component sizes


      Code (inc. data)   RO Data    RW Data    ZI Data      Debug   Object Name

      1908        232       7013          0          0      42177   driver_ssd1306.o
      1910         32          0          0          0      15017   driver_ssd1306_interface_mspm0.o
       412         96          0          0       1177       9501   main.o
       310         16          0          0          0       4785   pid_delta.o
        44         18        192          0        256        688   startup_mspm0g350x_uvision.o
       502        112         19          0        188      26626   ti_msp_dl_config.o

    ----------------------------------------------------------------------
      5092        506       7244          0       1624      98794   Object Totals
         0          0         16          0          0          0   (incl. Generated)
         6          0          4          0          3          0   (incl. Padding)

    ----------------------------------------------------------------------

      Code (inc. data)   RO Data    RW Data    ZI Data      Debug   Library Member Name

         8          0          0          0          0         68   __main.o
         0          0          0          0          0          0   __rtentry.o
        12          0          0          0          0          0   __rtentry2.o
         6          0          0          0          0          0   __rtentry4.o
        86         10          0          0          0          0   __scatter.o
        28          0          0          0          0          0   __scatter_zi.o
        16          0          0          0          0         68   exit.o
         6          0          0          0          0        136   heapauxi.o
         0          0          0          0          0          0   indicate_semi.o
         2          0          0          0          0          0   libinit.o
         2          0          0          0          0          0   libinit2.o
         2          0          0          0          0          0   libshutdown.o
         2          0          0          0          0          0   libshutdown2.o
         8          4          0          0         96         68   libspace.o
        64          0          0          0          0        108   rt_memclr.o
         2          0          0          0          0          0   rtexit.o
        10          0          0          0          0          0   rtexit2.o
        12          4          0          0          0         60   sys_exit.o
        62          0          0          0          0         80   sys_stackheap_outer.o
         2          0          0          0          0         68   use_no_semi.o
        64          8          0          0          0       4702   dl_adc12.o
        10          0          0          0          0        803   dl_common.o
       368         44          0          0          0      39888   dl_timer.o
        46          0          0          0          0         60   cmpret.o
       348          8          0          0          0        160   faddsub.o
        66          0          0          0          0        204   fcmp.o
       100          4          0          0          0         68   fcmpin.o
       352         10         64          0          0         92   fdiv.o
        48          0          0          0          0         60   ffixui.o
        94          0          0          0          0         92   fflti.o
        84          4          0          0          0         76   fgef.o
        84          4          0          0          0         76   flef.o
       176          4          0          0          0         80   fmul.o
        16          6          0          0          0         68   fnan2.o
        94          0          0          0          0         68   retnan.o
         0          0          0          0          0          0   usenofp.o

    ----------------------------------------------------------------------
      2304        114         64          0         96      47153   Library Totals
        24          4          0          0          0          0   (incl. Padding)

    ----------------------------------------------------------------------

      Code (inc. data)   RO Data    RW Data    ZI Data      Debug   Library Name

       330         18          0          0         96        656   c_p.l
       442         52          0          0          0      45393   driverlib.a
      1508         40         64          0          0       1104   fz_ps.l

    ----------------------------------------------------------------------
      2304        114         64          0         96      47153   Library Totals

    ----------------------------------------------------------------------

==============================================================================


      Code (inc. data)   RO Data    RW Data    ZI Data      Debug   

      7396        620       7308          0       1720     144971   Grand Totals
      7396        620       7308          0       1720     144971   ELF Image Totals
      7396        620       7308          0          0          0   ROM Totals

==============================================================================

    Total RO  Size (Code + RO Data)                14704 (  14.36kB)
    Total RW  Size (RW Data + ZI Data)              1720 (   1.68kB)
    Total ROM Size (Code + RO Data + RW Data)      14704 (  14.36kB)

==============================================================================

